Archive member included to satisfy reference by file (symbol)

/opt/st/stm32cubeide_1.14.0/plugins/com.st.stm32cube.ide.mcu.externaltools.gnu-tools-for-stm32.11.3.rel1.linux64_1.1.100.202309141235/tools/bin/../lib/gcc/arm-none-eabi/11.3.1/../../../../arm-none-eabi/lib/thumb/v7e-m+fp/hard/libc_nano.a(libc_a-exit.o)
                              /opt/st/stm32cubeide_1.14.0/plugins/com.st.stm32cube.ide.mcu.externaltools.gnu-tools-for-stm32.11.3.rel1.linux64_1.1.100.202309141235/tools/bin/../lib/gcc/arm-none-eabi/11.3.1/../../../../arm-none-eabi/lib/thumb/v7e-m+fp/hard/crt0.o (exit)
/opt/st/stm32cubeide_1.14.0/plugins/com.st.stm32cube.ide.mcu.externaltools.gnu-tools-for-stm32.11.3.rel1.linux64_1.1.100.202309141235/tools/bin/../lib/gcc/arm-none-eabi/11.3.1/../../../../arm-none-eabi/lib/thumb/v7e-m+fp/hard/libc_nano.a(libc_a-findfp.o)
                              /opt/st/stm32cubeide_1.14.0/plugins/com.st.stm32cube.ide.mcu.externaltools.gnu-tools-for-stm32.11.3.rel1.linux64_1.1.100.202309141235/tools/bin/../lib/gcc/arm-none-eabi/11.3.1/../../../../arm-none-eabi/lib/thumb/v7e-m+fp/hard/libc_nano.a(libc_a-exit.o) (__stdio_exit_handler)
/opt/st/stm32cubeide_1.14.0/plugins/com.st.stm32cube.ide.mcu.externaltools.gnu-tools-for-stm32.11.3.rel1.linux64_1.1.100.202309141235/tools/bin/../lib/gcc/arm-none-eabi/11.3.1/../../../../arm-none-eabi/lib/thumb/v7e-m+fp/hard/libc_nano.a(libc_a-fwalk.o)
                              /opt/st/stm32cubeide_1.14.0/plugins/com.st.stm32cube.ide.mcu.externaltools.gnu-tools-for-stm32.11.3.rel1.linux64_1.1.100.202309141235/tools/bin/../lib/gcc/arm-none-eabi/11.3.1/../../../../arm-none-eabi/lib/thumb/v7e-m+fp/hard/libc_nano.a(libc_a-findfp.o) (_fwalk_sglue)
/opt/st/stm32cubeide_1.14.0/plugins/com.st.stm32cube.ide.mcu.externaltools.gnu-tools-for-stm32.11.3.rel1.linux64_1.1.100.202309141235/tools/bin/../lib/gcc/arm-none-eabi/11.3.1/../../../../arm-none-eabi/lib/thumb/v7e-m+fp/hard/libc_nano.a(libc_a-stdio.o)
                              /opt/st/stm32cubeide_1.14.0/plugins/com.st.stm32cube.ide.mcu.externaltools.gnu-tools-for-stm32.11.3.rel1.linux64_1.1.100.202309141235/tools/bin/../lib/gcc/arm-none-eabi/11.3.1/../../../../arm-none-eabi/lib/thumb/v7e-m+fp/hard/libc_nano.a(libc_a-findfp.o) (__sread)
/opt/st/stm32cubeide_1.14.0/plugins/com.st.stm32cube.ide.mcu.externaltools.gnu-tools-for-stm32.11.3.rel1.linux64_1.1.100.202309141235/tools/bin/../lib/gcc/arm-none-eabi/11.3.1/../../../../arm-none-eabi/lib/thumb/v7e-m+fp/hard/libc_nano.a(libc_a-memset.o)
                              /opt/st/stm32cubeide_1.14.0/plugins/com.st.stm32cube.ide.mcu.externaltools.gnu-tools-for-stm32.11.3.rel1.linux64_1.1.100.202309141235/tools/bin/../lib/gcc/arm-none-eabi/11.3.1/../../../../arm-none-eabi/lib/thumb/v7e-m+fp/hard/crt0.o (memset)
/opt/st/stm32cubeide_1.14.0/plugins/com.st.stm32cube.ide.mcu.externaltools.gnu-tools-for-stm32.11.3.rel1.linux64_1.1.100.202309141235/tools/bin/../lib/gcc/arm-none-eabi/11.3.1/../../../../arm-none-eabi/lib/thumb/v7e-m+fp/hard/libc_nano.a(libc_a-closer.o)
                              /opt/st/stm32cubeide_1.14.0/plugins/com.st.stm32cube.ide.mcu.externaltools.gnu-tools-for-stm32.11.3.rel1.linux64_1.1.100.202309141235/tools/bin/../lib/gcc/arm-none-eabi/11.3.1/../../../../arm-none-eabi/lib/thumb/v7e-m+fp/hard/libc_nano.a(libc_a-stdio.o) (_close_r)
/opt/st/stm32cubeide_1.14.0/plugins/com.st.stm32cube.ide.mcu.externaltools.gnu-tools-for-stm32.11.3.rel1.linux64_1.1.100.202309141235/tools/bin/../lib/gcc/arm-none-eabi/11.3.1/../../../../arm-none-eabi/lib/thumb/v7e-m+fp/hard/libc_nano.a(libc_a-reent.o)
                              /opt/st/stm32cubeide_1.14.0/plugins/com.st.stm32cube.ide.mcu.externaltools.gnu-tools-for-stm32.11.3.rel1.linux64_1.1.100.202309141235/tools/bin/../lib/gcc/arm-none-eabi/11.3.1/../../../../arm-none-eabi/lib/thumb/v7e-m+fp/hard/libc_nano.a(libc_a-closer.o) (errno)
/opt/st/stm32cubeide_1.14.0/plugins/com.st.stm32cube.ide.mcu.externaltools.gnu-tools-for-stm32.11.3.rel1.linux64_1.1.100.202309141235/tools/bin/../lib/gcc/arm-none-eabi/11.3.1/../../../../arm-none-eabi/lib/thumb/v7e-m+fp/hard/libc_nano.a(libc_a-impure.o)
                              /opt/st/stm32cubeide_1.14.0/plugins/com.st.stm32cube.ide.mcu.externaltools.gnu-tools-for-stm32.11.3.rel1.linux64_1.1.100.202309141235/tools/bin/../lib/gcc/arm-none-eabi/11.3.1/../../../../arm-none-eabi/lib/thumb/v7e-m+fp/hard/libc_nano.a(libc_a-reent.o) (_impure_ptr)
/opt/st/stm32cubeide_1.14.0/plugins/com.st.stm32cube.ide.mcu.externaltools.gnu-tools-for-stm32.11.3.rel1.linux64_1.1.100.202309141235/tools/bin/../lib/gcc/arm-none-eabi/11.3.1/../../../../arm-none-eabi/lib/thumb/v7e-m+fp/hard/libc_nano.a(libc_a-lseekr.o)
                              /opt/st/stm32cubeide_1.14.0/plugins/com.st.stm32cube.ide.mcu.externaltools.gnu-tools-for-stm32.11.3.rel1.linux64_1.1.100.202309141235/tools/bin/../lib/gcc/arm-none-eabi/11.3.1/../../../../arm-none-eabi/lib/thumb/v7e-m+fp/hard/libc_nano.a(libc_a-stdio.o) (_lseek_r)
[...]
Memory Configuration

Name             Origin             Length             Attributes
RAM              0x0000000020000000 0x00000000000a0000 xrw
RAM2             0x0000000010000000 0x0000000000010000 xrw
RAM3             0x0000000020040000 0x0000000000060000 xrw
FLASH            0x0000000008000000 0x0000000000200000 xr
*default*        0x0000000000000000 0xffffffffffffffff

Linker script and memory map

LOAD /opt/st/stm32cubeide_1.14.0/plugins/com.st.stm32cube.ide.mcu.externaltools.gnu-tools-for-stm32.11.3.rel1.linux64_1.1.100.202309141235/tools/bin/../lib/gcc/arm-none-eabi/11.3.1/thumb/v7e-m+fp/hard/crti.o
LOAD /opt/st/stm32cubeide_1.14.0/plugins/com.st.stm32cube.ide.mcu.externaltools.gnu-tools-for-stm32.11.3.rel1.linux64_1.1.100.202309141235/tools/bin/../lib/gcc/arm-none-eabi/11.3.1/thumb/v7e-m+fp/hard/crtbegin.o
LOAD /opt/st/stm32cubeide_1.14.0/plugins/com.st.stm32cube.ide.mcu.externaltools.gnu-tools-for-stm32.11.3.rel1.linux64_1.1.100.202309141235/tools/bin/../lib/gcc/arm-none-eabi/11.3.1/../../../../arm-none-eabi/lib/thumb/v7e-m+fp/hard/crt0.o
LOAD ./Core/Src/dma.o
LOAD ./Core/Src/gpio.o
LOAD ./Core/Src/main.o
LOAD ./Core/Src/stm32l4xx_hal_msp.o
LOAD ./Core/Src/stm32l4xx_it.o
LOAD ./Core/Src/syscalls.o
LOAD ./Core/Src/sysmem.o
LOAD ./Core/Src/system_stm32l4xx.o
LOAD ./Core/Src/tim.o
LOAD ./Core/Src/usart.o
LOAD ./Core/Startup/startup_stm32l4r5zitx.o
LOAD ./Drivers/STM32L4xx_HAL_Driver/Src/stm32l4xx_hal.o
LOAD ./Drivers/STM32L4xx_HAL_Driver/Src/stm32l4xx_hal_cortex.o
LOAD ./Drivers/STM32L4xx_HAL_Driver/Src/stm32l4xx_hal_dma.o
LOAD ./Drivers/STM32L4xx_HAL_Driver/Src/stm32l4xx_hal_dma_ex.o
LOAD ./Drivers/STM32L4xx_HAL_Driver/Src/stm32l4xx_hal_exti.o
LOAD ./Drivers/STM32L4xx_HAL_Driver/Src/stm32l4xx_hal_flash.o
LOAD ./Drivers/STM32L4xx_HAL_Driver/Src/stm32l4xx_hal_flash_ex.o
LOAD ./Drivers/STM32L4xx_HAL_Driver/Src/stm32l4xx_hal_flash_ramfunc.o
LOAD ./Drivers/STM32L4xx_HAL_Driver/Src/stm32l4xx_hal_gpio.o
LOAD ./Drivers/STM32L4xx_HAL_Driver/Src/stm32l4xx_hal_i2c.o
LOAD ./Drivers/STM32L4xx_HAL_Driver/Src/stm32l4xx_hal_i2c_ex.o
LOAD ./Drivers/STM32L4xx_HAL_Driver/Src/stm32l4xx_hal_pcd.o
LOAD ./Drivers/STM32L4xx_HAL_Driver/Src/stm32l4xx_hal_pcd_ex.o
LOAD ./Drivers/STM32L4xx_HAL_Driver/Src/stm32l4xx_hal_pwr.o
LOAD ./Drivers/STM32L4xx_HAL_Driver/Src/stm32l4xx_hal_pwr_ex.o
LOAD ./Drivers/STM32L4xx_HAL_Driver/Src/stm32l4xx_hal_rcc.o
LOAD ./Drivers/STM32L4xx_HAL_Driver/Src/stm32l4xx_hal_rcc_ex.o
LOAD ./Drivers/STM32L4xx_HAL_Driver/Src/stm32l4xx_hal_tim.o
LOAD ./Drivers/STM32L4xx_HAL_Driver/Src/stm32l4xx_hal_tim_ex.o
LOAD ./Drivers/STM32L4xx_HAL_Driver/Src/stm32l4xx_hal_uart.o
LOAD ./Drivers/STM32L4xx_HAL_Driver/Src/stm32l4xx_hal_uart_ex.o
LOAD ./Drivers/STM32L4xx_HAL_Driver/Src/stm32l4xx_ll_usb.o
LOAD ./Middlewares/ST/STM32_USB_Device_Library/Class/CDC/Src/usbd_cdc.o
LOAD ./Middlewares/ST/STM32_USB_Device_Library/Core/Src/usbd_core.o
LOAD ./Middlewares/ST/STM32_USB_Device_Library/Core/Src/usbd_ctlreq.o
LOAD ./Middlewares/ST/STM32_USB_Device_Library/Core/Src/usbd_ioreq.o
LOAD ./USB_DEVICE/App/usb_device.o
LOAD ./USB_DEVICE/App/usbd_cdc_if.o
LOAD ./USB_DEVICE/App/usbd_desc.o
LOAD ./USB_DEVICE/Target/usbd_conf.o
START GROUP
LOAD /opt/st/stm32cubeide_1.14.0/plugins/com.st.stm32cube.ide.mcu.externaltools.gnu-tools-for-stm32.11.3.rel1.linux64_1.1.100.202309141235/tools/bin/../lib/gcc/arm-none-eabi/11.3.1/../../../../arm-none-eabi/lib/thumb/v7e-m+fp/hard/libc_nano.a
LOAD /opt/st/stm32cubeide_1.14.0/plugins/com.st.stm32cube.ide.mcu.externaltools.gnu-tools-for-stm32.11.3.rel1.linux64_1.1.100.202309141235/tools/bin/../lib/gcc/arm-none-eabi/11.3.1/../../../../arm-none-eabi/lib/thumb/v7e-m+fp/hard/libm.a
END GROUP
START GROUP
LOAD /opt/st/stm32cubeide_1.14.0/plugins/com.st.stm32cube.ide.mcu.externaltools.gnu-tools-for-stm32.11.3.rel1.linux64_1.1.100.202309141235/tools/bin/../lib/gcc/arm-none-eabi/11.3.1/thumb/v7e-m+fp/hard/libgcc.a
LOAD /opt/st/stm32cubeide_1.14.0/plugins/com.st.stm32cube.ide.mcu.externaltools.gnu-tools-for-stm32.11.3.rel1.linux64_1.1.100.202309141235/tools/bin/../lib/gcc/arm-none-eabi/11.3.1/../../../../arm-none-eabi/lib/thumb/v7e-m+fp/hard/libc_nano.a
END GROUP
START GROUP
LOAD /opt/st/stm32cubeide_1.14.0/plugins/com.st.stm32cube.ide.mcu.externaltools.gnu-tools-for-stm32.11.3.rel1.linux64_1.1.100.202309141235/tools/bin/../lib/gcc/arm-none-eabi/11.3.1/thumb/v7e-m+fp/hard/libgcc.a
LOAD /opt/st/stm32cubeide_1.14.0/plugins/com.st.stm32cube.ide.mcu.externaltools.gnu-tools-for-stm32.11.3.rel1.linux64_1.1.100.202309141235/tools/bin/../lib/gcc/arm-none-eabi/11.3.1/../../../../arm-none-eabi/lib/thumb/v7e-m+fp/hard/libc_nano.a
LOAD /opt/st/stm32cubeide_1.14.0/plugins/com.st.stm32cube.ide.mcu.externaltools.gnu-tools-for-stm32.11.3.rel1.linux64_1.1.100.202309141235/tools/bin/../lib/gcc/arm-none-eabi/11.3.1/../../../../arm-none-eabi/lib/thumb/v7e-m+fp/hard/libnosys.a
END GROUP
START GROUP
LOAD /opt/st/stm32cubeide_1.14.0/plugins/com.st.stm32cube.ide.mcu.externaltools.gnu-tools-for-stm32.11.3.rel1.linux64_1.1.100.202309141235/tools/bin/../lib/gcc/arm-none-eabi/11.3.1/thumb/v7e-m+fp/hard/libgcc.a
LOAD /opt/st/stm32cubeide_1.14.0/plugins/com.st.stm32cube.ide.mcu.externaltools.gnu-tools-for-stm32.11.3.rel1.linux64_1.1.100.202309141235/tools/bin/../lib/gcc/arm-none-eabi/11.3.1/../../../../arm-none-eabi/lib/thumb/v7e-m+fp/hard/libc_nano.a
LOAD /opt/st/stm32cubeide_1.14.0/plugins/com.st.stm32cube.ide.mcu.externaltools.gnu-tools-for-stm32.11.3.rel1.linux64_1.1.100.202309141235/tools/bin/../lib/gcc/arm-none-eabi/11.3.1/../../../../arm-none-eabi/lib/thumb/v7e-m+fp/hard/libnosys.a
END GROUP
LOAD /opt/st/stm32cubeide_1.14.0/plugins/com.st.stm32cube.ide.mcu.externaltools.gnu-tools-for-stm32.11.3.rel1.linux64_1.1.100.202309141235/tools/bin/../lib/gcc/arm-none-eabi/11.3.1/thumb/v7e-m+fp/hard/crtend.o
LOAD /opt/st/stm32cubeide_1.14.0/plugins/com.st.stm32cube.ide.mcu.externaltools.gnu-tools-for-stm32.11.3.rel1.linux64_1.1.100.202309141235/tools/bin/../lib/gcc/arm-none-eabi/11.3.1/thumb/v7e-m+fp/hard/crtn.o
                0x00000000200a0000                _estack = (ORIGIN (RAM) + LENGTH (RAM))
                0x0000000000000200                _Min_Heap_Size = 0x200
                0x0000000000000400                _Min_Stack_Size = 0x400

.isr_vector     0x0000000008000000      0x1bc
                0x0000000008000000                . = ALIGN (0x4)
 *(.isr_vector)
 .isr_vector    0x0000000008000000      0x1bc ./Core/Startup/startup_stm32l4r5zitx.o
                0x0000000008000000                g_pfnVectors
                0x00000000080001bc                . = ALIGN (0x4)

.text           0x00000000080001bc     0xaa90
                0x00000000080001bc                . = ALIGN (0x4)
 *(.text)
 .text          0x00000000080001bc       0x40 /opt/st/stm32cubeide_1.14.0/plugins/com.st.stm32cube.ide.mcu.externaltools.gnu-tools-for-stm32.11.3.rel1.linux64_1.1.100.202309141235/tools/bin/../lib/gcc/arm-none-eabi/11.3.1/thumb/v7e-m+fp/hard/crtbegin.o
 .text          0x00000000080001fc       0x10 /opt/st/stm32cubeide_1.14.0/plugins/com.st.stm32cube.ide.mcu.externaltools.gnu-tools-for-stm32.11.3.rel1.linux64_1.1.100.202309141235/tools/bin/../lib/gcc/arm-none-eabi/11.3.1/../../../../arm-none-eabi/lib/thumb/v7e-m+fp/hard/libc_nano.a(libc_a-strlen.o)
                0x00000000080001fc                strlen
 .text          0x000000000800020c       0x30 /opt/st/stm32cubeide_1.14.0/plugins/com.st.stm32cube.ide.mcu.externaltools.gnu-tools-for-stm32.11.3.rel1.linux64_1.1.100.202309141235/tools/bin/../lib/gcc/arm-none-eabi/11.3.1/thumb/v7e-m+fp/hard/libgcc.a(_aeabi_uldivmod.o)
                0x000000000800020c                __aeabi_uldivmod
 .text          0x000000000800023c      0x2c8 /opt/st/stm32cubeide_1.14.0/plugins/com.st.stm32cube.ide.mcu.externaltools.gnu-tools-for-stm32.11.3.rel1.linux64_1.1.100.202309141235/tools/bin/../lib/gcc/arm-none-eabi/11.3.1/thumb/v7e-m+fp/hard/libgcc.a(_udivmoddi4.o)
                0x000000000800023c                __udivmoddi4
 .text          0x0000000008000504        0x4 /opt/st/stm32cubeide_1.14.0/plugins/com.st.stm32cube.ide.mcu.externaltools.gnu-tools-for-stm32.11.3.rel1.linux64_1.1.100.202309141235/tools/bin/../lib/gcc/arm-none-eabi/11.3.1/thumb/v7e-m+fp/hard/libgcc.a(_dvmd_tls.o)
                0x0000000008000504                __aeabi_ldiv0
                0x0000000008000504                __aeabi_idiv0
 *(.text*)
 .text.MX_DMA_Init
                0x0000000008000508       0x7c ./Core/Src/dma.o
                0x0000000008000508                MX_DMA_Init
 .text.MX_GPIO_Init
                0x0000000008000584      0x17c ./Core/Src/gpio.o
                0x0000000008000584                MX_GPIO_Init
 .text.HAL_GPIO_EXTI_Callback
                0x0000000008000700       0x58 ./Core/Src/gpio.o
                0x0000000008000700                HAL_GPIO_EXTI_Callback
 .text.HAL_TIM_PeriodElapsedCallback
                0x0000000008000758       0x44 ./Core/Src/main.o
                0x0000000008000758                HAL_TIM_PeriodElapsedCallback
 .text.HAL_UART_RxCpltCallback
                0x000000000800079c       0x34 ./Core/Src/main.o
                0x000000000800079c                HAL_UART_RxCpltCallback
 .text.CDC_myReceive_FS
                0x00000000080007d0       0x7c ./Core/Src/main.o
                0x00000000080007d0                CDC_myReceive_FS
 .text.main     0x000000000800084c       0x70 ./Core/Src/main.o
                0x000000000800084c                main
 .text.SystemClock_Config
                0x00000000080008bc       0xa6 ./Core/Src/main.o
                0x00000000080008bc                SystemClock_Config
 .text.Error_Handler
                0x0000000008000962        0xa ./Core/Src/main.o
                0x0000000008000962                Error_Handler
 .text.HAL_MspInit
                0x000000000800096c       0x48 ./Core/Src/stm32l4xx_hal_msp.o
                0x000000000800096c                HAL_MspInit
 .text.NMI_Handler
                0x00000000080009b4        0x6 ./Core/Src/stm32l4xx_it.o
                0x00000000080009b4                NMI_Handler
 .text.HardFault_Handler
                0x00000000080009ba        0x6 ./Core/Src/stm32l4xx_it.o
                0x00000000080009ba                HardFault_Handler
 .text.MemManage_Handler
                0x00000000080009c0        0x6 ./Core/Src/stm32l4xx_it.o
                0x00000000080009c0                MemManage_Handler
 .text.BusFault_Handler
                0x00000000080009c6        0x6 ./Core/Src/stm32l4xx_it.o
                0x00000000080009c6                BusFault_Handler
 .text.UsageFault_Handler
                0x00000000080009cc        0x6 ./Core/Src/stm32l4xx_it.o
                0x00000000080009cc                UsageFault_Handler
 .text.SVC_Handler
                0x00000000080009d2        0xe ./Core/Src/stm32l4xx_it.o
                0x00000000080009d2                SVC_Handler
 .text.DebugMon_Handler
                0x00000000080009e0        0xe ./Core/Src/stm32l4xx_it.o
                0x00000000080009e0                DebugMon_Handler
 .text.PendSV_Handler
                0x00000000080009ee        0xe ./Core/Src/stm32l4xx_it.o
                0x00000000080009ee                PendSV_Handler
 .text.SysTick_Handler
                0x00000000080009fc        0xc ./Core/Src/stm32l4xx_it.o
                0x00000000080009fc                SysTick_Handler
 .text.DMA1_Channel1_IRQHandler
                0x0000000008000a08       0x14 ./Core/Src/stm32l4xx_it.o
                0x0000000008000a08                DMA1_Channel1_IRQHandler
 .text.EXTI15_10_IRQHandler
                0x0000000008000a1c       0x10 ./Core/Src/stm32l4xx_it.o
                0x0000000008000a1c                EXTI15_10_IRQHandler
 .text.TIM6_DAC_IRQHandler
                0x0000000008000a2c       0x14 ./Core/Src/stm32l4xx_it.o
                0x0000000008000a2c                TIM6_DAC_IRQHandler
 .text.DMA2_Channel2_IRQHandler
                0x0000000008000a40       0x14 ./Core/Src/stm32l4xx_it.o
                0x0000000008000a40                DMA2_Channel2_IRQHandler
 .text.OTG_FS_IRQHandler
                0x0000000008000a54       0x14 ./Core/Src/stm32l4xx_it.o
                0x0000000008000a54                OTG_FS_IRQHandler
 .text.LPUART1_IRQHandler
                0x0000000008000a68       0x14 ./Core/Src/stm32l4xx_it.o
                0x0000000008000a68                LPUART1_IRQHandler
 .text.SystemInit
                0x0000000008000a7c       0x24 ./Core/Src/system_stm32l4xx.o
                0x0000000008000a7c                SystemInit
 .text.MX_TIM6_Init
                0x0000000008000aa0       0x70 ./Core/Src/tim.o
                0x0000000008000aa0                MX_TIM6_Init
 .text.HAL_TIM_Base_MspInit
                0x0000000008000b10       0x4c ./Core/Src/tim.o
                0x0000000008000b10                HAL_TIM_Base_MspInit
 .text.MX_LPUART1_UART_Init
                0x0000000008000b5c       0x98 ./Core/Src/usart.o
                0x0000000008000b5c                MX_LPUART1_UART_Init
 .text.MX_USART3_UART_Init
                0x0000000008000bf4       0x98 ./Core/Src/usart.o
                0x0000000008000bf4                MX_USART3_UART_Init
 .text.HAL_UART_MspInit
                0x0000000008000c8c      0x214 ./Core/Src/usart.o
                0x0000000008000c8c                HAL_UART_MspInit
 .text.Reset_Handler
                0x0000000008000ea0       0x50 ./Core/Startup/startup_stm32l4r5zitx.o
                0x0000000008000ea0                Reset_Handler
 .text.Default_Handler
                0x0000000008000ef0        0x2 ./Core/Startup/startup_stm32l4r5zitx.o
                0x0000000008000ef0                RTC_Alarm_IRQHandler
                0x0000000008000ef0                EXTI2_IRQHandler
                0x0000000008000ef0                TIM8_TRG_COM_IRQHandler
                0x0000000008000ef0                TIM8_CC_IRQHandler
                0x0000000008000ef0                TIM1_CC_IRQHandler
                0x0000000008000ef0                TSC_IRQHandler
                0x0000000008000ef0                TAMP_STAMP_IRQHandler
                0x0000000008000ef0                EXTI3_IRQHandler
                0x0000000008000ef0                LPTIM2_IRQHandler
                0x0000000008000ef0                DFSDM1_FLT1_IRQHandler
                0x0000000008000ef0                GFXMMU_IRQHandler
                0x0000000008000ef0                I2C3_ER_IRQHandler
                0x0000000008000ef0                DFSDM1_FLT2_IRQHandler
                0x0000000008000ef0                EXTI0_IRQHandler
                0x0000000008000ef0                I2C2_EV_IRQHandler
                0x0000000008000ef0                CAN1_RX0_IRQHandler
                0x0000000008000ef0                FPU_IRQHandler
                0x0000000008000ef0                TIM1_UP_TIM16_IRQHandler
                0x0000000008000ef0                LTDC_ER_IRQHandler
                0x0000000008000ef0                SPI1_IRQHandler
                0x0000000008000ef0                OCTOSPI1_IRQHandler
                0x0000000008000ef0                DCMI_IRQHandler
                0x0000000008000ef0                TIM8_UP_IRQHandler
                0x0000000008000ef0                OCTOSPI2_IRQHandler
                0x0000000008000ef0                DMA1_Channel4_IRQHandler
                0x0000000008000ef0                SAI2_IRQHandler
                0x0000000008000ef0                ADC1_IRQHandler
                0x0000000008000ef0                DFSDM1_FLT3_IRQHandler
                0x0000000008000ef0                USART3_IRQHandler
                0x0000000008000ef0                DMA1_Channel7_IRQHandler
                0x0000000008000ef0                CAN1_RX1_IRQHandler
                0x0000000008000ef0                UART5_IRQHandler
                0x0000000008000ef0                TIM4_IRQHandler
                0x0000000008000ef0                DMA2_Channel1_IRQHandler
                0x0000000008000ef0                I2C1_EV_IRQHandler
                0x0000000008000ef0                DMAMUX1_OVR_IRQHandler
                0x0000000008000ef0                DMA1_Channel6_IRQHandler
                0x0000000008000ef0                UART4_IRQHandler
                0x0000000008000ef0                DMA2_Channel4_IRQHandler
                0x0000000008000ef0                TIM3_IRQHandler
                0x0000000008000ef0                RCC_IRQHandler
                0x0000000008000ef0                Default_Handler
                0x0000000008000ef0                DMA2_Channel7_IRQHandler
                0x0000000008000ef0                TIM7_IRQHandler
                0x0000000008000ef0                SDMMC1_IRQHandler
                0x0000000008000ef0                TIM5_IRQHandler
                0x0000000008000ef0                I2C3_EV_IRQHandler
                0x0000000008000ef0                EXTI9_5_IRQHandler
                0x0000000008000ef0                RTC_WKUP_IRQHandler
                0x0000000008000ef0                LTDC_IRQHandler
                0x0000000008000ef0                PVD_PVM_IRQHandler
                0x0000000008000ef0                SPI2_IRQHandler
                0x0000000008000ef0                CAN1_TX_IRQHandler
                0x0000000008000ef0                DMA2_Channel5_IRQHandler
                0x0000000008000ef0                CRS_IRQHandler
                0x0000000008000ef0                DMA1_Channel5_IRQHandler
                0x0000000008000ef0                EXTI4_IRQHandler
                0x0000000008000ef0                RNG_IRQHandler
                0x0000000008000ef0                TIM1_TRG_COM_TIM17_IRQHandler
                0x0000000008000ef0                DMA1_Channel3_IRQHandler
                0x0000000008000ef0                COMP_IRQHandler
                0x0000000008000ef0                WWDG_IRQHandler
                0x0000000008000ef0                I2C4_EV_IRQHandler
                0x0000000008000ef0                DMA2_Channel6_IRQHandler
                0x0000000008000ef0                TIM2_IRQHandler
                0x0000000008000ef0                DMA2D_IRQHandler
                0x0000000008000ef0                EXTI1_IRQHandler
                0x0000000008000ef0                USART2_IRQHandler
                0x0000000008000ef0                DFSDM1_FLT0_IRQHandler
                0x0000000008000ef0                I2C2_ER_IRQHandler
                0x0000000008000ef0                DMA1_Channel2_IRQHandler
                0x0000000008000ef0                TIM8_BRK_IRQHandler
                0x0000000008000ef0                CAN1_SCE_IRQHandler
                0x0000000008000ef0                FLASH_IRQHandler
                0x0000000008000ef0                USART1_IRQHandler
                0x0000000008000ef0                SPI3_IRQHandler
                0x0000000008000ef0                I2C1_ER_IRQHandler
                0x0000000008000ef0                FMC_IRQHandler
                0x0000000008000ef0                LPTIM1_IRQHandler
                0x0000000008000ef0                I2C4_ER_IRQHandler
                0x0000000008000ef0                SAI1_IRQHandler
                0x0000000008000ef0                DMA2_Channel3_IRQHandler
                0x0000000008000ef0                TIM1_BRK_TIM15_IRQHandler
 .text.HAL_Init
                0x0000000008000ef2       0x30 ./Drivers/STM32L4xx_HAL_Driver/Src/stm32l4xx_hal.o
                0x0000000008000ef2                HAL_Init
 *fill*         0x0000000008000f22        0x2 
 .text.HAL_InitTick
                0x0000000008000f24       0x78 ./Drivers/STM32L4xx_HAL_Driver/Src/stm32l4xx_hal.o
                0x0000000008000f24                HAL_InitTick
 .text.HAL_IncTick
                0x0000000008000f9c       0x28 ./Drivers/STM32L4xx_HAL_Driver/Src/stm32l4xx_hal.o
                0x0000000008000f9c                HAL_IncTick
 .text.HAL_GetTick
                0x0000000008000fc4       0x18 ./Drivers/STM32L4xx_HAL_Driver/Src/stm32l4xx_hal.o
                0x0000000008000fc4                HAL_GetTick
 .text.HAL_Delay
                0x0000000008000fdc       0x48 ./Drivers/STM32L4xx_HAL_Driver/Src/stm32l4xx_hal.o
                0x0000000008000fdc                HAL_Delay
 .text.__NVIC_SetPriorityGrouping
                0x0000000008001024       0x48 ./Drivers/STM32L4xx_HAL_Driver/Src/stm32l4xx_hal_cortex.o
 .text.__NVIC_GetPriorityGrouping
                0x000000000800106c       0x1c ./Drivers/STM32L4xx_HAL_Driver/Src/stm32l4xx_hal_cortex.o
 .text.__NVIC_EnableIRQ
                0x0000000008001088       0x3c ./Drivers/STM32L4xx_HAL_Driver/Src/stm32l4xx_hal_cortex.o
 .text.__NVIC_SetPriority
                0x00000000080010c4       0x54 ./Drivers/STM32L4xx_HAL_Driver/Src/stm32l4xx_hal_cortex.o
 .text.NVIC_EncodePriority
                0x0000000008001118       0x66 ./Drivers/STM32L4xx_HAL_Driver/Src/stm32l4xx_hal_cortex.o
 *fill*         0x000000000800117e        0x2 
 .text.SysTick_Config
                0x0000000008001180       0x44 ./Drivers/STM32L4xx_HAL_Driver/Src/stm32l4xx_hal_cortex.o
 .text.HAL_NVIC_SetPriorityGrouping
                0x00000000080011c4       0x16 ./Drivers/STM32L4xx_HAL_Driver/Src/stm32l4xx_hal_cortex.o
                0x00000000080011c4                HAL_NVIC_SetPriorityGrouping
 .text.HAL_NVIC_SetPriority
                0x00000000080011da       0x38 ./Drivers/STM32L4xx_HAL_Driver/Src/stm32l4xx_hal_cortex.o
                0x00000000080011da                HAL_NVIC_SetPriority
 .text.HAL_NVIC_EnableIRQ
                0x0000000008001212       0x1c ./Drivers/STM32L4xx_HAL_Driver/Src/stm32l4xx_hal_cortex.o
                0x0000000008001212                HAL_NVIC_EnableIRQ
 .text.HAL_SYSTICK_Config
                0x000000000800122e       0x18 ./Drivers/STM32L4xx_HAL_Driver/Src/stm32l4xx_hal_cortex.o
                0x000000000800122e                HAL_SYSTICK_Config
 *fill*         0x0000000008001246        0x2 
 .text.HAL_DMA_Init
                0x0000000008001248      0x150 ./Drivers/STM32L4xx_HAL_Driver/Src/stm32l4xx_hal_dma.o
                0x0000000008001248                HAL_DMA_Init
 .text.HAL_DMA_Start_IT
                0x0000000008001398       0xf6 ./Drivers/STM32L4xx_HAL_Driver/Src/stm32l4xx_hal_dma.o
                0x0000000008001398                HAL_DMA_Start_IT
 .text.HAL_DMA_Abort
                0x000000000800148e       0xb8 ./Drivers/STM32L4xx_HAL_Driver/Src/stm32l4xx_hal_dma.o
                0x000000000800148e                HAL_DMA_Abort
 .text.HAL_DMA_Abort_IT
                0x0000000008001546       0xbe ./Drivers/STM32L4xx_HAL_Driver/Src/stm32l4xx_hal_dma.o
                0x0000000008001546                HAL_DMA_Abort_IT
 .text.HAL_DMA_IRQHandler
                0x0000000008001604      0x15e ./Drivers/STM32L4xx_HAL_Driver/Src/stm32l4xx_hal_dma.o
                0x0000000008001604                HAL_DMA_IRQHandler
 .text.DMA_SetConfig
                0x0000000008001762       0x7c ./Drivers/STM32L4xx_HAL_Driver/Src/stm32l4xx_hal_dma.o
 *fill*         0x00000000080017de        0x2 
 .text.DMA_CalcDMAMUXChannelBaseAndMask
                0x00000000080017e0       0x7c ./Drivers/STM32L4xx_HAL_Driver/Src/stm32l4xx_hal_dma.o
 .text.DMA_CalcDMAMUXRequestGenBaseAndMask
                0x000000000800185c       0x48 ./Drivers/STM32L4xx_HAL_Driver/Src/stm32l4xx_hal_dma.o
 .text.HAL_GPIO_Init
                0x00000000080018a4      0x324 ./Drivers/STM32L4xx_HAL_Driver/Src/stm32l4xx_hal_gpio.o
                0x00000000080018a4                HAL_GPIO_Init
 .text.HAL_GPIO_WritePin
                0x0000000008001bc8       0x30 ./Drivers/STM32L4xx_HAL_Driver/Src/stm32l4xx_hal_gpio.o
                0x0000000008001bc8                HAL_GPIO_WritePin
 .text.HAL_GPIO_TogglePin
                0x0000000008001bf8       0x34 ./Drivers/STM32L4xx_HAL_Driver/Src/stm32l4xx_hal_gpio.o
                0x0000000008001bf8                HAL_GPIO_TogglePin
 .text.HAL_GPIO_EXTI_IRQHandler
                0x0000000008001c2c       0x30 ./Drivers/STM32L4xx_HAL_Driver/Src/stm32l4xx_hal_gpio.o
                0x0000000008001c2c                HAL_GPIO_EXTI_IRQHandler
 .text.HAL_PCD_Init
                0x0000000008001c5c      0x248 ./Drivers/STM32L4xx_HAL_Driver/Src/stm32l4xx_hal_pcd.o
                0x0000000008001c5c                HAL_PCD_Init
 .text.HAL_PCD_Start
                0x0000000008001ea4       0x5e ./Drivers/STM32L4xx_HAL_Driver/Src/stm32l4xx_hal_pcd.o
                0x0000000008001ea4                HAL_PCD_Start
 .text.HAL_PCD_IRQHandler
                0x0000000008001f02      0x926 ./Drivers/STM32L4xx_HAL_Driver/Src/stm32l4xx_hal_pcd.o
                0x0000000008001f02                HAL_PCD_IRQHandler
 .text.HAL_PCD_SetAddress
                0x0000000008002828       0x4a ./Drivers/STM32L4xx_HAL_Driver/Src/stm32l4xx_hal_pcd.o
                0x0000000008002828                HAL_PCD_SetAddress
 .text.HAL_PCD_EP_Open
                0x0000000008002872       0xd0 ./Drivers/STM32L4xx_HAL_Driver/Src/stm32l4xx_hal_pcd.o
                0x0000000008002872                HAL_PCD_EP_Open
 .text.HAL_PCD_EP_Close
                0x0000000008002942       0x94 ./Drivers/STM32L4xx_HAL_Driver/Src/stm32l4xx_hal_pcd.o
                0x0000000008002942                HAL_PCD_EP_Close
 .text.HAL_PCD_EP_Receive
                0x00000000080029d6       0x64 ./Drivers/STM32L4xx_HAL_Driver/Src/stm32l4xx_hal_pcd.o
                0x00000000080029d6                HAL_PCD_EP_Receive
 .text.HAL_PCD_EP_GetRxCount
                0x0000000008002a3a       0x30 ./Drivers/STM32L4xx_HAL_Driver/Src/stm32l4xx_hal_pcd.o
                0x0000000008002a3a                HAL_PCD_EP_GetRxCount
 .text.HAL_PCD_EP_Transmit
                0x0000000008002a6a       0x62 ./Drivers/STM32L4xx_HAL_Driver/Src/stm32l4xx_hal_pcd.o
                0x0000000008002a6a                HAL_PCD_EP_Transmit
 .text.HAL_PCD_EP_SetStall
                0x0000000008002acc       0xc4 ./Drivers/STM32L4xx_HAL_Driver/Src/stm32l4xx_hal_pcd.o
                0x0000000008002acc                HAL_PCD_EP_SetStall
 .text.HAL_PCD_EP_ClrStall
                0x0000000008002b90       0xac ./Drivers/STM32L4xx_HAL_Driver/Src/stm32l4xx_hal_pcd.o
                0x0000000008002b90                HAL_PCD_EP_ClrStall
 .text.HAL_PCD_EP_Abort
                0x0000000008002c3c       0x62 ./Drivers/STM32L4xx_HAL_Driver/Src/stm32l4xx_hal_pcd.o
                0x0000000008002c3c                HAL_PCD_EP_Abort
 .text.PCD_WriteEmptyTxFifo
                0x0000000008002c9e      0x110 ./Drivers/STM32L4xx_HAL_Driver/Src/stm32l4xx_hal_pcd.o
 *fill*         0x0000000008002dae        0x2 
 .text.PCD_EP_OutXfrComplete_int
                0x0000000008002db0       0x9c ./Drivers/STM32L4xx_HAL_Driver/Src/stm32l4xx_hal_pcd.o
 .text.PCD_EP_OutSetupPacket_int
                0x0000000008002e4c       0x68 ./Drivers/STM32L4xx_HAL_Driver/Src/stm32l4xx_hal_pcd.o
 .text.HAL_PCDEx_SetTxFiFo
                0x0000000008002eb4       0x8e ./Drivers/STM32L4xx_HAL_Driver/Src/stm32l4xx_hal_pcd_ex.o
                0x0000000008002eb4                HAL_PCDEx_SetTxFiFo
 .text.HAL_PCDEx_SetRxFiFo
                0x0000000008002f42       0x22 ./Drivers/STM32L4xx_HAL_Driver/Src/stm32l4xx_hal_pcd_ex.o
                0x0000000008002f42                HAL_PCDEx_SetRxFiFo
 .text.HAL_PCDEx_ActivateLPM
                0x0000000008002f64       0x48 ./Drivers/STM32L4xx_HAL_Driver/Src/stm32l4xx_hal_pcd_ex.o
                0x0000000008002f64                HAL_PCDEx_ActivateLPM
 .text.HAL_PWREx_GetVoltageRange
                0x0000000008002fac       0x40 ./Drivers/STM32L4xx_HAL_Driver/Src/stm32l4xx_hal_pwr_ex.o
                0x0000000008002fac                HAL_PWREx_GetVoltageRange
 .text.HAL_PWREx_ControlVoltageScaling
                0x0000000008002fec      0x148 ./Drivers/STM32L4xx_HAL_Driver/Src/stm32l4xx_hal_pwr_ex.o
                0x0000000008002fec                HAL_PWREx_ControlVoltageScaling
 .text.HAL_PWREx_EnableVddUSB
                0x0000000008003134       0x20 ./Drivers/STM32L4xx_HAL_Driver/Src/stm32l4xx_hal_pwr_ex.o
                0x0000000008003134                HAL_PWREx_EnableVddUSB
 .text.HAL_PWREx_EnableVddIO2
                0x0000000008003154       0x20 ./Drivers/STM32L4xx_HAL_Driver/Src/stm32l4xx_hal_pwr_ex.o
                0x0000000008003154                HAL_PWREx_EnableVddIO2
 .text.HAL_RCC_OscConfig
                0x0000000008003174      0x834 ./Drivers/STM32L4xx_HAL_Driver/Src/stm32l4xx_hal_rcc.o
                0x0000000008003174                HAL_RCC_OscConfig
 .text.HAL_RCC_ClockConfig
                0x00000000080039a8      0x274 ./Drivers/STM32L4xx_HAL_Driver/Src/stm32l4xx_hal_rcc.o
                0x00000000080039a8                HAL_RCC_ClockConfig
 .text.HAL_RCC_GetSysClockFreq
                0x0000000008003c1c      0x118 ./Drivers/STM32L4xx_HAL_Driver/Src/stm32l4xx_hal_rcc.o
                0x0000000008003c1c                HAL_RCC_GetSysClockFreq
 .text.HAL_RCC_GetHCLKFreq
                0x0000000008003d34       0x18 ./Drivers/STM32L4xx_HAL_Driver/Src/stm32l4xx_hal_rcc.o
                0x0000000008003d34                HAL_RCC_GetHCLKFreq
 .text.HAL_RCC_GetPCLK1Freq
                0x0000000008003d4c       0x2c ./Drivers/STM32L4xx_HAL_Driver/Src/stm32l4xx_hal_rcc.o
                0x0000000008003d4c                HAL_RCC_GetPCLK1Freq
 .text.HAL_RCC_GetPCLK2Freq
                0x0000000008003d78       0x2c ./Drivers/STM32L4xx_HAL_Driver/Src/stm32l4xx_hal_rcc.o
                0x0000000008003d78                HAL_RCC_GetPCLK2Freq
 .text.RCC_SetFlashLatencyFromMSIRange
                0x0000000008003da4       0xb4 ./Drivers/STM32L4xx_HAL_Driver/Src/stm32l4xx_hal_rcc.o
 .text.RCC_GetSysClockFreqFromPLLSource
                0x0000000008003e58       0xcc ./Drivers/STM32L4xx_HAL_Driver/Src/stm32l4xx_hal_rcc.o
 .text.HAL_RCCEx_PeriphCLKConfig
                0x0000000008003f24      0x660 ./Drivers/STM32L4xx_HAL_Driver/Src/stm32l4xx_hal_rcc_ex.o
                0x0000000008003f24                HAL_RCCEx_PeriphCLKConfig
 .text.RCCEx_PLLSAI1_Config
                0x0000000008004584      0x1e8 ./Drivers/STM32L4xx_HAL_Driver/Src/stm32l4xx_hal_rcc_ex.o
 .text.RCCEx_PLLSAI2_Config
                0x000000000800476c      0x1e8 ./Drivers/STM32L4xx_HAL_Driver/Src/stm32l4xx_hal_rcc_ex.o
 .text.HAL_TIM_Base_Init
                0x0000000008004954       0xae ./Drivers/STM32L4xx_HAL_Driver/Src/stm32l4xx_hal_tim.o
                0x0000000008004954                HAL_TIM_Base_Init
 *fill*         0x0000000008004a02        0x2 
 .text.HAL_TIM_Base_Start_IT
                0x0000000008004a04       0xe0 ./Drivers/STM32L4xx_HAL_Driver/Src/stm32l4xx_hal_tim.o
                0x0000000008004a04                HAL_TIM_Base_Start_IT
 .text.HAL_TIM_IRQHandler
                0x0000000008004ae4      0x204 ./Drivers/STM32L4xx_HAL_Driver/Src/stm32l4xx_hal_tim.o
                0x0000000008004ae4                HAL_TIM_IRQHandler
 .text.HAL_TIM_OC_DelayElapsedCallback
                0x0000000008004ce8       0x14 ./Drivers/STM32L4xx_HAL_Driver/Src/stm32l4xx_hal_tim.o
                0x0000000008004ce8                HAL_TIM_OC_DelayElapsedCallback
 .text.HAL_TIM_IC_CaptureCallback
                0x0000000008004cfc       0x14 ./Drivers/STM32L4xx_HAL_Driver/Src/stm32l4xx_hal_tim.o
                0x0000000008004cfc                HAL_TIM_IC_CaptureCallback
 .text.HAL_TIM_PWM_PulseFinishedCallback
                0x0000000008004d10       0x14 ./Drivers/STM32L4xx_HAL_Driver/Src/stm32l4xx_hal_tim.o
                0x0000000008004d10                HAL_TIM_PWM_PulseFinishedCallback
 .text.HAL_TIM_TriggerCallback
                0x0000000008004d24       0x14 ./Drivers/STM32L4xx_HAL_Driver/Src/stm32l4xx_hal_tim.o
                0x0000000008004d24                HAL_TIM_TriggerCallback
 .text.TIM_Base_SetConfig
                0x0000000008004d38      0x134 ./Drivers/STM32L4xx_HAL_Driver/Src/stm32l4xx_hal_tim.o
                0x0000000008004d38                TIM_Base_SetConfig
 .text.HAL_TIMEx_MasterConfigSynchronization
                0x0000000008004e6c      0x110 ./Drivers/STM32L4xx_HAL_Driver/Src/stm32l4xx_hal_tim_ex.o
                0x0000000008004e6c                HAL_TIMEx_MasterConfigSynchronization
 .text.HAL_TIMEx_CommutCallback
                0x0000000008004f7c       0x14 ./Drivers/STM32L4xx_HAL_Driver/Src/stm32l4xx_hal_tim_ex.o
                0x0000000008004f7c                HAL_TIMEx_CommutCallback
 .text.HAL_TIMEx_BreakCallback
                0x0000000008004f90       0x14 ./Drivers/STM32L4xx_HAL_Driver/Src/stm32l4xx_hal_tim_ex.o
                0x0000000008004f90                HAL_TIMEx_BreakCallback
 .text.HAL_TIMEx_Break2Callback
                0x0000000008004fa4       0x14 ./Drivers/STM32L4xx_HAL_Driver/Src/stm32l4xx_hal_tim_ex.o
                0x0000000008004fa4                HAL_TIMEx_Break2Callback
 .text.HAL_UART_Init
                0x0000000008004fb8       0xa0 ./Drivers/STM32L4xx_HAL_Driver/Src/stm32l4xx_hal_uart.o
                0x0000000008004fb8                HAL_UART_Init
 .text.HAL_UART_Transmit
                0x0000000008005058      0x11e ./Drivers/STM32L4xx_HAL_Driver/Src/stm32l4xx_hal_uart.o
                0x0000000008005058                HAL_UART_Transmit
 *fill*         0x0000000008005176        0x2 
 .text.HAL_UART_Transmit_DMA
                0x0000000008005178      0x100 ./Drivers/STM32L4xx_HAL_Driver/Src/stm32l4xx_hal_uart.o
                0x0000000008005178                HAL_UART_Transmit_DMA
 .text.HAL_UART_Receive_DMA
                0x0000000008005278       0x98 ./Drivers/STM32L4xx_HAL_Driver/Src/stm32l4xx_hal_uart.o
                0x0000000008005278                HAL_UART_Receive_DMA
 .text.HAL_UART_IRQHandler
                0x0000000008005310      0x648 ./Drivers/STM32L4xx_HAL_Driver/Src/stm32l4xx_hal_uart.o
                0x0000000008005310                HAL_UART_IRQHandler
 .text.HAL_UART_TxCpltCallback
                0x0000000008005958       0x14 ./Drivers/STM32L4xx_HAL_Driver/Src/stm32l4xx_hal_uart.o
                0x0000000008005958                HAL_UART_TxCpltCallback
 .text.HAL_UART_TxHalfCpltCallback
                0x000000000800596c       0x14 ./Drivers/STM32L4xx_HAL_Driver/Src/stm32l4xx_hal_uart.o
                0x000000000800596c                HAL_UART_TxHalfCpltCallback
 .text.HAL_UART_RxHalfCpltCallback
                0x0000000008005980       0x14 ./Drivers/STM32L4xx_HAL_Driver/Src/stm32l4xx_hal_uart.o
                0x0000000008005980                HAL_UART_RxHalfCpltCallback
 .text.HAL_UART_ErrorCallback
                0x0000000008005994       0x14 ./Drivers/STM32L4xx_HAL_Driver/Src/stm32l4xx_hal_uart.o
                0x0000000008005994                HAL_UART_ErrorCallback
 .text.HAL_UARTEx_RxEventCallback
                0x00000000080059a8       0x18 ./Drivers/STM32L4xx_HAL_Driver/Src/stm32l4xx_hal_uart.o
                0x00000000080059a8                HAL_UARTEx_RxEventCallback
 .text.UART_SetConfig
                0x00000000080059c0      0x5f8 ./Drivers/STM32L4xx_HAL_Driver/Src/stm32l4xx_hal_uart.o
                0x00000000080059c0                UART_SetConfig
 .text.UART_AdvFeatureConfig
                0x0000000008005fb8      0x144 ./Drivers/STM32L4xx_HAL_Driver/Src/stm32l4xx_hal_uart.o
                0x0000000008005fb8                UART_AdvFeatureConfig
 .text.UART_CheckIdleState
                0x00000000080060fc      0x154 ./Drivers/STM32L4xx_HAL_Driver/Src/stm32l4xx_hal_uart.o
                0x00000000080060fc                UART_CheckIdleState
 .text.UART_WaitOnFlagUntilTimeout
                0x0000000008006250       0xce ./Drivers/STM32L4xx_HAL_Driver/Src/stm32l4xx_hal_uart.o
                0x0000000008006250                UART_WaitOnFlagUntilTimeout
 *fill*         0x000000000800631e        0x2 
 .text.UART_Start_Receive_DMA
                0x0000000008006320      0x14c ./Drivers/STM32L4xx_HAL_Driver/Src/stm32l4xx_hal_uart.o
                0x0000000008006320                UART_Start_Receive_DMA
 .text.UART_EndTxTransfer
                0x000000000800646c       0x82 ./Drivers/STM32L4xx_HAL_Driver/Src/stm32l4xx_hal_uart.o
 .text.UART_EndRxTransfer
                0x00000000080064ee       0xcc ./Drivers/STM32L4xx_HAL_Driver/Src/stm32l4xx_hal_uart.o
 .text.UART_DMATransmitCplt
                0x00000000080065ba       0x9a ./Drivers/STM32L4xx_HAL_Driver/Src/stm32l4xx_hal_uart.o
 .text.UART_DMATxHalfCplt
                0x0000000008006654       0x1c ./Drivers/STM32L4xx_HAL_Driver/Src/stm32l4xx_hal_uart.o
 .text.UART_DMAReceiveCplt
                0x0000000008006670      0x12c ./Drivers/STM32L4xx_HAL_Driver/Src/stm32l4xx_hal_uart.o
 .text.UART_DMARxHalfCplt
                0x000000000800679c       0x3e ./Drivers/STM32L4xx_HAL_Driver/Src/stm32l4xx_hal_uart.o
 .text.UART_DMAError
                0x00000000080067da       0x80 ./Drivers/STM32L4xx_HAL_Driver/Src/stm32l4xx_hal_uart.o
 .text.UART_DMAAbortOnError
                0x000000000800685a       0x2c ./Drivers/STM32L4xx_HAL_Driver/Src/stm32l4xx_hal_uart.o
 .text.UART_EndTransmit_IT
                0x0000000008006886       0x56 ./Drivers/STM32L4xx_HAL_Driver/Src/stm32l4xx_hal_uart.o
 .text.HAL_UARTEx_WakeupCallback
                0x00000000080068dc       0x14 ./Drivers/STM32L4xx_HAL_Driver/Src/stm32l4xx_hal_uart_ex.o
                0x00000000080068dc                HAL_UARTEx_WakeupCallback
 .text.HAL_UARTEx_RxFifoFullCallback
                0x00000000080068f0       0x14 ./Drivers/STM32L4xx_HAL_Driver/Src/stm32l4xx_hal_uart_ex.o
                0x00000000080068f0                HAL_UARTEx_RxFifoFullCallback
 .text.HAL_UARTEx_TxFifoEmptyCallback
                0x0000000008006904       0x14 ./Drivers/STM32L4xx_HAL_Driver/Src/stm32l4xx_hal_uart_ex.o
                0x0000000008006904                HAL_UARTEx_TxFifoEmptyCallback
 .text.HAL_UARTEx_DisableFifoMode
                0x0000000008006918       0x72 ./Drivers/STM32L4xx_HAL_Driver/Src/stm32l4xx_hal_uart_ex.o
                0x0000000008006918                HAL_UARTEx_DisableFifoMode
 .text.HAL_UARTEx_SetTxFifoThreshold
                0x000000000800698a       0x7c ./Drivers/STM32L4xx_HAL_Driver/Src/stm32l4xx_hal_uart_ex.o
                0x000000000800698a                HAL_UARTEx_SetTxFifoThreshold
 .text.HAL_UARTEx_SetRxFifoThreshold
                0x0000000008006a06       0x7c ./Drivers/STM32L4xx_HAL_Driver/Src/stm32l4xx_hal_uart_ex.o
                0x0000000008006a06                HAL_UARTEx_SetRxFifoThreshold
 *fill*         0x0000000008006a82        0x2 
 .text.UARTEx_SetNbDataToProcess
                0x0000000008006a84       0x9c ./Drivers/STM32L4xx_HAL_Driver/Src/stm32l4xx_hal_uart_ex.o
 .text.USB_CoreInit
                0x0000000008006b20       0x58 ./Drivers/STM32L4xx_HAL_Driver/Src/stm32l4xx_ll_usb.o
                0x0000000008006b20                USB_CoreInit
 .text.USB_SetTurnaroundTime
                0x0000000008006b78      0x138 ./Drivers/STM32L4xx_HAL_Driver/Src/stm32l4xx_ll_usb.o
                0x0000000008006b78                USB_SetTurnaroundTime
 .text.USB_EnableGlobalInt
                0x0000000008006cb0       0x22 ./Drivers/STM32L4xx_HAL_Driver/Src/stm32l4xx_ll_usb.o
                0x0000000008006cb0                USB_EnableGlobalInt
 .text.USB_DisableGlobalInt
                0x0000000008006cd2       0x22 ./Drivers/STM32L4xx_HAL_Driver/Src/stm32l4xx_ll_usb.o
                0x0000000008006cd2                USB_DisableGlobalInt
 .text.USB_SetCurrentMode
                0x0000000008006cf4       0x98 ./Drivers/STM32L4xx_HAL_Driver/Src/stm32l4xx_ll_usb.o
                0x0000000008006cf4                USB_SetCurrentMode
 .text.USB_DevInit
                0x0000000008006d8c      0x284 ./Drivers/STM32L4xx_HAL_Driver/Src/stm32l4xx_ll_usb.o
                0x0000000008006d8c                USB_DevInit
 .text.USB_FlushTxFifo
                0x0000000008007010       0x68 ./Drivers/STM32L4xx_HAL_Driver/Src/stm32l4xx_ll_usb.o
                0x0000000008007010                USB_FlushTxFifo
 .text.USB_FlushRxFifo
                0x0000000008007078       0x60 ./Drivers/STM32L4xx_HAL_Driver/Src/stm32l4xx_ll_usb.o
                0x0000000008007078                USB_FlushRxFifo
 .text.USB_SetDevSpeed
                0x00000000080070d8       0x32 ./Drivers/STM32L4xx_HAL_Driver/Src/stm32l4xx_ll_usb.o
                0x00000000080070d8                USB_SetDevSpeed
 .text.USB_GetDevSpeed
                0x000000000800710a       0x3e ./Drivers/STM32L4xx_HAL_Driver/Src/stm32l4xx_ll_usb.o
                0x000000000800710a                USB_GetDevSpeed
 .text.USB_ActivateEndpoint
                0x0000000008007148      0x10e ./Drivers/STM32L4xx_HAL_Driver/Src/stm32l4xx_ll_usb.o
                0x0000000008007148                USB_ActivateEndpoint
 *fill*         0x0000000008007256        0x2 
 .text.USB_DeactivateEndpoint
                0x0000000008007258      0x1b8 ./Drivers/STM32L4xx_HAL_Driver/Src/stm32l4xx_ll_usb.o
                0x0000000008007258                USB_DeactivateEndpoint
 .text.USB_EPStartXfer
                0x0000000008007410      0x464 ./Drivers/STM32L4xx_HAL_Driver/Src/stm32l4xx_ll_usb.o
                0x0000000008007410                USB_EPStartXfer
 .text.USB_EPStopXfer
                0x0000000008007874      0x154 ./Drivers/STM32L4xx_HAL_Driver/Src/stm32l4xx_ll_usb.o
                0x0000000008007874                USB_EPStopXfer
 .text.USB_WritePacket
                0x00000000080079c8       0x74 ./Drivers/STM32L4xx_HAL_Driver/Src/stm32l4xx_ll_usb.o
                0x00000000080079c8                USB_WritePacket
 .text.USB_ReadPacket
                0x0000000008007a3c       0xb0 ./Drivers/STM32L4xx_HAL_Driver/Src/stm32l4xx_ll_usb.o
                0x0000000008007a3c                USB_ReadPacket
 .text.USB_EPSetStall
                0x0000000008007aec       0xdc ./Drivers/STM32L4xx_HAL_Driver/Src/stm32l4xx_ll_usb.o
                0x0000000008007aec                USB_EPSetStall
 .text.USB_EPClearStall
                0x0000000008007bc8       0xcc ./Drivers/STM32L4xx_HAL_Driver/Src/stm32l4xx_ll_usb.o
                0x0000000008007bc8                USB_EPClearStall
 .text.USB_SetDevAddress
                0x0000000008007c94       0x4c ./Drivers/STM32L4xx_HAL_Driver/Src/stm32l4xx_ll_usb.o
                0x0000000008007c94                USB_SetDevAddress
 .text.USB_DevConnect
                0x0000000008007ce0       0x42 ./Drivers/STM32L4xx_HAL_Driver/Src/stm32l4xx_ll_usb.o
                0x0000000008007ce0                USB_DevConnect
 .text.USB_DevDisconnect
                0x0000000008007d22       0x42 ./Drivers/STM32L4xx_HAL_Driver/Src/stm32l4xx_ll_usb.o
                0x0000000008007d22                USB_DevDisconnect
 .text.USB_ReadInterrupts
                0x0000000008007d64       0x26 ./Drivers/STM32L4xx_HAL_Driver/Src/stm32l4xx_ll_usb.o
                0x0000000008007d64                USB_ReadInterrupts
 .text.USB_ReadDevAllOutEpInterrupt
                0x0000000008007d8a       0x34 ./Drivers/STM32L4xx_HAL_Driver/Src/stm32l4xx_ll_usb.o
                0x0000000008007d8a                USB_ReadDevAllOutEpInterrupt
 .text.USB_ReadDevAllInEpInterrupt
                0x0000000008007dbe       0x34 ./Drivers/STM32L4xx_HAL_Driver/Src/stm32l4xx_ll_usb.o
                0x0000000008007dbe                USB_ReadDevAllInEpInterrupt
 .text.USB_ReadDevOutEPInterrupt
                0x0000000008007df2       0x3c ./Drivers/STM32L4xx_HAL_Driver/Src/stm32l4xx_ll_usb.o
                0x0000000008007df2                USB_ReadDevOutEPInterrupt
 .text.USB_ReadDevInEPInterrupt
                0x0000000008007e2e       0x5c ./Drivers/STM32L4xx_HAL_Driver/Src/stm32l4xx_ll_usb.o
                0x0000000008007e2e                USB_ReadDevInEPInterrupt
 .text.USB_GetMode
                0x0000000008007e8a       0x1c ./Drivers/STM32L4xx_HAL_Driver/Src/stm32l4xx_ll_usb.o
                0x0000000008007e8a                USB_GetMode
 .text.USB_ActivateSetup
                0x0000000008007ea6       0x46 ./Drivers/STM32L4xx_HAL_Driver/Src/stm32l4xx_ll_usb.o
                0x0000000008007ea6                USB_ActivateSetup
 .text.USB_EP0_OutStart
                0x0000000008007eec       0x90 ./Drivers/STM32L4xx_HAL_Driver/Src/stm32l4xx_ll_usb.o
                0x0000000008007eec                USB_EP0_OutStart
 .text.USB_CoreReset
                0x0000000008007f7c       0x68 ./Drivers/STM32L4xx_HAL_Driver/Src/stm32l4xx_ll_usb.o
 .text.USBD_CDC_Init
                0x0000000008007fe4      0x1f0 ./Middlewares/ST/STM32_USB_Device_Library/Class/CDC/Src/usbd_cdc.o
 .text.USBD_CDC_DeInit
                0x00000000080081d4      0x104 ./Middlewares/ST/STM32_USB_Device_Library/Class/CDC/Src/usbd_cdc.o
 .text.USBD_CDC_Setup
                0x00000000080082d8      0x1b8 ./Middlewares/ST/STM32_USB_Device_Library/Class/CDC/Src/usbd_cdc.o
 .text.USBD_CDC_DataIn
                0x0000000008008490       0xfe ./Middlewares/ST/STM32_USB_Device_Library/Class/CDC/Src/usbd_cdc.o
 .text.USBD_CDC_DataOut
                0x000000000800858e       0x70 ./Middlewares/ST/STM32_USB_Device_Library/Class/CDC/Src/usbd_cdc.o
 .text.USBD_CDC_EP0_RxReady
                0x00000000080085fe       0x76 ./Middlewares/ST/STM32_USB_Device_Library/Class/CDC/Src/usbd_cdc.o
 .text.USBD_CDC_GetFSCfgDesc
                0x0000000008008674       0x70 ./Middlewares/ST/STM32_USB_Device_Library/Class/CDC/Src/usbd_cdc.o
 .text.USBD_CDC_GetHSCfgDesc
                0x00000000080086e4       0x70 ./Middlewares/ST/STM32_USB_Device_Library/Class/CDC/Src/usbd_cdc.o
 .text.USBD_CDC_GetOtherSpeedCfgDesc
                0x0000000008008754       0x70 ./Middlewares/ST/STM32_USB_Device_Library/Class/CDC/Src/usbd_cdc.o
 .text.USBD_CDC_GetDeviceQualifierDescriptor
                0x00000000080087c4       0x20 ./Middlewares/ST/STM32_USB_Device_Library/Class/CDC/Src/usbd_cdc.o
                0x00000000080087c4                USBD_CDC_GetDeviceQualifierDescriptor
 .text.USBD_CDC_RegisterInterface
                0x00000000080087e4       0x34 ./Middlewares/ST/STM32_USB_Device_Library/Class/CDC/Src/usbd_cdc.o
                0x00000000080087e4                USBD_CDC_RegisterInterface
 .text.USBD_CDC_SetTxBuffer
                0x0000000008008818       0x44 ./Middlewares/ST/STM32_USB_Device_Library/Class/CDC/Src/usbd_cdc.o
                0x0000000008008818                USBD_CDC_SetTxBuffer
 .text.USBD_CDC_SetRxBuffer
                0x000000000800885c       0x3a ./Middlewares/ST/STM32_USB_Device_Library/Class/CDC/Src/usbd_cdc.o
                0x000000000800885c                USBD_CDC_SetRxBuffer
 *fill*         0x0000000008008896        0x2 
 .text.USBD_CDC_ReceivePacket
                0x0000000008008898       0x6c ./Middlewares/ST/STM32_USB_Device_Library/Class/CDC/Src/usbd_cdc.o
                0x0000000008008898                USBD_CDC_ReceivePacket
 .text.USBD_Init
                0x0000000008008904       0x60 ./Middlewares/ST/STM32_USB_Device_Library/Core/Src/usbd_core.o
                0x0000000008008904                USBD_Init
 .text.USBD_RegisterClass
                0x0000000008008964       0x6c ./Middlewares/ST/STM32_USB_Device_Library/Core/Src/usbd_core.o
                0x0000000008008964                USBD_RegisterClass
 .text.USBD_Start
                0x00000000080089d0       0x18 ./Middlewares/ST/STM32_USB_Device_Library/Core/Src/usbd_core.o
                0x00000000080089d0                USBD_Start
 .text.USBD_RunTestMode
                0x00000000080089e8       0x16 ./Middlewares/ST/STM32_USB_Device_Library/Core/Src/usbd_core.o
                0x00000000080089e8                USBD_RunTestMode
 .text.USBD_SetClassConfig
                0x00000000080089fe       0x38 ./Middlewares/ST/STM32_USB_Device_Library/Core/Src/usbd_core.o
                0x00000000080089fe                USBD_SetClassConfig
 .text.USBD_ClrClassConfig
                0x0000000008008a36       0x34 ./Middlewares/ST/STM32_USB_Device_Library/Core/Src/usbd_core.o
                0x0000000008008a36                USBD_ClrClassConfig
 .text.USBD_LL_SetupStage
                0x0000000008008a6a       0xaa ./Middlewares/ST/STM32_USB_Device_Library/Core/Src/usbd_core.o
                0x0000000008008a6a                USBD_LL_SetupStage
 .text.USBD_LL_DataOutStage
                0x0000000008008b14      0x166 ./Middlewares/ST/STM32_USB_Device_Library/Core/Src/usbd_core.o
                0x0000000008008b14                USBD_LL_DataOutStage
 .text.USBD_LL_DataInStage
                0x0000000008008c7a      0x164 ./Middlewares/ST/STM32_USB_Device_Library/Core/Src/usbd_core.o
                0x0000000008008c7a                USBD_LL_DataInStage
 .text.USBD_LL_Reset
                0x0000000008008dde       0xa4 ./Middlewares/ST/STM32_USB_Device_Library/Core/Src/usbd_core.o
                0x0000000008008dde                USBD_LL_Reset
 .text.USBD_LL_SetSpeed
                0x0000000008008e82       0x20 ./Middlewares/ST/STM32_USB_Device_Library/Core/Src/usbd_core.o
                0x0000000008008e82                USBD_LL_SetSpeed
 .text.USBD_LL_Suspend
                0x0000000008008ea2       0x38 ./Middlewares/ST/STM32_USB_Device_Library/Core/Src/usbd_core.o
                0x0000000008008ea2                USBD_LL_Suspend
 .text.USBD_LL_Resume
                0x0000000008008eda       0x30 ./Middlewares/ST/STM32_USB_Device_Library/Core/Src/usbd_core.o
                0x0000000008008eda                USBD_LL_Resume
 .text.USBD_LL_SOF
                0x0000000008008f0a       0x40 ./Middlewares/ST/STM32_USB_Device_Library/Core/Src/usbd_core.o
                0x0000000008008f0a                USBD_LL_SOF
 .text.USBD_LL_IsoINIncomplete
                0x0000000008008f4a       0x64 ./Middlewares/ST/STM32_USB_Device_Library/Core/Src/usbd_core.o
                0x0000000008008f4a                USBD_LL_IsoINIncomplete
 .text.USBD_LL_IsoOUTIncomplete
                0x0000000008008fae       0x64 ./Middlewares/ST/STM32_USB_Device_Library/Core/Src/usbd_core.o
                0x0000000008008fae                USBD_LL_IsoOUTIncomplete
 .text.USBD_LL_DevConnected
                0x0000000008009012       0x16 ./Middlewares/ST/STM32_USB_Device_Library/Core/Src/usbd_core.o
                0x0000000008009012                USBD_LL_DevConnected
 .text.USBD_LL_DevDisconnected
                0x0000000008009028       0x46 ./Middlewares/ST/STM32_USB_Device_Library/Core/Src/usbd_core.o
                0x0000000008009028                USBD_LL_DevDisconnected
 .text.USBD_CoreFindIF
                0x000000000800906e       0x1a ./Middlewares/ST/STM32_USB_Device_Library/Core/Src/usbd_core.o
                0x000000000800906e                USBD_CoreFindIF
 .text.USBD_CoreFindEP
                0x0000000008009088       0x1a ./Middlewares/ST/STM32_USB_Device_Library/Core/Src/usbd_core.o
                0x0000000008009088                USBD_CoreFindEP
 .text.USBD_GetEpDesc
                0x00000000080090a2       0x74 ./Middlewares/ST/STM32_USB_Device_Library/Core/Src/usbd_core.o
                0x00000000080090a2                USBD_GetEpDesc
 .text.USBD_GetNextDesc
                0x0000000008009116       0x3a ./Middlewares/ST/STM32_USB_Device_Library/Core/Src/usbd_core.o
                0x0000000008009116                USBD_GetNextDesc
 .text.SWAPBYTE
                0x0000000008009150       0x3c ./Middlewares/ST/STM32_USB_Device_Library/Core/Src/usbd_ctlreq.o
 .text.USBD_StdDevReq
                0x000000000800918c       0xe4 ./Middlewares/ST/STM32_USB_Device_Library/Core/Src/usbd_ctlreq.o
                0x000000000800918c                USBD_StdDevReq
 .text.USBD_StdItfReq
                0x0000000008009270       0xd8 ./Middlewares/ST/STM32_USB_Device_Library/Core/Src/usbd_ctlreq.o
                0x0000000008009270                USBD_StdItfReq
 .text.USBD_StdEPReq
                0x0000000008009348      0x33a ./Middlewares/ST/STM32_USB_Device_Library/Core/Src/usbd_ctlreq.o
                0x0000000008009348                USBD_StdEPReq
 *fill*         0x0000000008009682        0x2 
 .text.USBD_GetDescriptor
                0x0000000008009684      0x328 ./Middlewares/ST/STM32_USB_Device_Library/Core/Src/usbd_ctlreq.o
 .text.USBD_SetAddress
                0x00000000080099ac       0x88 ./Middlewares/ST/STM32_USB_Device_Library/Core/Src/usbd_ctlreq.o
 .text.USBD_SetConfig
                0x0000000008009a34      0x154 ./Middlewares/ST/STM32_USB_Device_Library/Core/Src/usbd_ctlreq.o
 .text.USBD_GetConfig
                0x0000000008009b88       0x6c ./Middlewares/ST/STM32_USB_Device_Library/Core/Src/usbd_ctlreq.o
 .text.USBD_GetStatus
                0x0000000008009bf4       0x68 ./Middlewares/ST/STM32_USB_Device_Library/Core/Src/usbd_ctlreq.o
 .text.USBD_SetFeature
                0x0000000008009c5c       0x52 ./Middlewares/ST/STM32_USB_Device_Library/Core/Src/usbd_ctlreq.o
 .text.USBD_ClrFeature
                0x0000000008009cae       0x44 ./Middlewares/ST/STM32_USB_Device_Library/Core/Src/usbd_ctlreq.o
 .text.USBD_ParseSetupRequest
                0x0000000008009cf2       0x74 ./Middlewares/ST/STM32_USB_Device_Library/Core/Src/usbd_ctlreq.o
                0x0000000008009cf2                USBD_ParseSetupRequest
 .text.USBD_CtlError
                0x0000000008009d66       0x22 ./Middlewares/ST/STM32_USB_Device_Library/Core/Src/usbd_ctlreq.o
                0x0000000008009d66                USBD_CtlError
 .text.USBD_GetString
                0x0000000008009d88       0x8c ./Middlewares/ST/STM32_USB_Device_Library/Core/Src/usbd_ctlreq.o
                0x0000000008009d88                USBD_GetString
 .text.USBD_GetLen
                0x0000000008009e14       0x34 ./Middlewares/ST/STM32_USB_Device_Library/Core/Src/usbd_ctlreq.o
 .text.USBD_CtlSendData
                0x0000000008009e48       0x36 ./Middlewares/ST/STM32_USB_Device_Library/Core/Src/usbd_ioreq.o
                0x0000000008009e48                USBD_CtlSendData
 .text.USBD_CtlContinueSendData
                0x0000000008009e7e       0x22 ./Middlewares/ST/STM32_USB_Device_Library/Core/Src/usbd_ioreq.o
                0x0000000008009e7e                USBD_CtlContinueSendData
 .text.USBD_CtlPrepareRx
                0x0000000008009ea0       0x3a ./Middlewares/ST/STM32_USB_Device_Library/Core/Src/usbd_ioreq.o
                0x0000000008009ea0                USBD_CtlPrepareRx
 .text.USBD_CtlContinueRx
                0x0000000008009eda       0x22 ./Middlewares/ST/STM32_USB_Device_Library/Core/Src/usbd_ioreq.o
                0x0000000008009eda                USBD_CtlContinueRx
 .text.USBD_CtlSendStatus
                0x0000000008009efc       0x26 ./Middlewares/ST/STM32_USB_Device_Library/Core/Src/usbd_ioreq.o
                0x0000000008009efc                USBD_CtlSendStatus
 .text.USBD_CtlReceiveStatus
                0x0000000008009f22       0x26 ./Middlewares/ST/STM32_USB_Device_Library/Core/Src/usbd_ioreq.o
                0x0000000008009f22                USBD_CtlReceiveStatus
 .text.MX_USB_DEVICE_Init
                0x0000000008009f48       0x60 ./USB_DEVICE/App/usb_device.o
                0x0000000008009f48                MX_USB_DEVICE_Init
 .text.CDC_Init_FS
                0x0000000008009fa8       0x28 ./USB_DEVICE/App/usbd_cdc_if.o
 .text.CDC_DeInit_FS
                0x0000000008009fd0       0x10 ./USB_DEVICE/App/usbd_cdc_if.o
 .text.CDC_Control_FS
                0x0000000008009fe0       0xbc ./USB_DEVICE/App/usbd_cdc_if.o
 .text.CDC_Receive_FS
                0x000000000800a09c       0x30 ./USB_DEVICE/App/usbd_cdc_if.o
 .text.CDC_TransmitCplt_FS
                0x000000000800a0cc       0x22 ./USB_DEVICE/App/usbd_cdc_if.o
 *fill*         0x000000000800a0ee        0x2 
 .text.USBD_FS_DeviceDescriptor
                0x000000000800a0f0       0x24 ./USB_DEVICE/App/usbd_desc.o
                0x000000000800a0f0                USBD_FS_DeviceDescriptor
 .text.USBD_FS_LangIDStrDescriptor
                0x000000000800a114       0x24 ./USB_DEVICE/App/usbd_desc.o
                0x000000000800a114                USBD_FS_LangIDStrDescriptor
 .text.USBD_FS_ProductStrDescriptor
                0x000000000800a138       0x3c ./USB_DEVICE/App/usbd_desc.o
                0x000000000800a138                USBD_FS_ProductStrDescriptor
 .text.USBD_FS_ManufacturerStrDescriptor
                0x000000000800a174       0x28 ./USB_DEVICE/App/usbd_desc.o
                0x000000000800a174                USBD_FS_ManufacturerStrDescriptor
 .text.USBD_FS_SerialStrDescriptor
                0x000000000800a19c       0x24 ./USB_DEVICE/App/usbd_desc.o
                0x000000000800a19c                USBD_FS_SerialStrDescriptor
 .text.USBD_FS_ConfigStrDescriptor
                0x000000000800a1c0       0x3c ./USB_DEVICE/App/usbd_desc.o
                0x000000000800a1c0                USBD_FS_ConfigStrDescriptor
 .text.USBD_FS_InterfaceStrDescriptor
                0x000000000800a1fc       0x3c ./USB_DEVICE/App/usbd_desc.o
                0x000000000800a1fc                USBD_FS_InterfaceStrDescriptor
 .text.USBD_FS_USR_BOSDescriptor
                0x000000000800a238       0x24 ./USB_DEVICE/App/usbd_desc.o
                0x000000000800a238                USBD_FS_USR_BOSDescriptor
 .text.Get_SerialNum
                0x000000000800a25c       0x58 ./USB_DEVICE/App/usbd_desc.o
 .text.IntToUnicode
                0x000000000800a2b4       0x7e ./USB_DEVICE/App/usbd_desc.o
 *fill*         0x000000000800a332        0x2 
 .text.HAL_PCD_MspInit
                0x000000000800a334      0x128 ./USB_DEVICE/Target/usbd_conf.o
                0x000000000800a334                HAL_PCD_MspInit
 .text.HAL_PCD_SetupStageCallback
                0x000000000800a45c       0x24 ./USB_DEVICE/Target/usbd_conf.o
                0x000000000800a45c                HAL_PCD_SetupStageCallback
 .text.HAL_PCD_DataOutStageCallback
                0x000000000800a480       0x36 ./USB_DEVICE/Target/usbd_conf.o
                0x000000000800a480                HAL_PCD_DataOutStageCallback
 .text.HAL_PCD_DataInStageCallback
                0x000000000800a4b6       0x34 ./USB_DEVICE/Target/usbd_conf.o
                0x000000000800a4b6                HAL_PCD_DataInStageCallback
 .text.HAL_PCD_SOFCallback
                0x000000000800a4ea       0x1c ./USB_DEVICE/Target/usbd_conf.o
                0x000000000800a4ea                HAL_PCD_SOFCallback
 .text.HAL_PCD_ResetCallback
                0x000000000800a506       0x3c ./USB_DEVICE/Target/usbd_conf.o
                0x000000000800a506                HAL_PCD_ResetCallback
 *fill*         0x000000000800a542        0x2 
 .text.HAL_PCD_SuspendCallback
                0x000000000800a544       0x4c ./USB_DEVICE/Target/usbd_conf.o
                0x000000000800a544                HAL_PCD_SuspendCallback
 .text.HAL_PCD_ResumeCallback
                0x000000000800a590       0x50 ./USB_DEVICE/Target/usbd_conf.o
                0x000000000800a590                HAL_PCD_ResumeCallback
 .text.HAL_PCD_ISOOUTIncompleteCallback
                0x000000000800a5e0       0x24 ./USB_DEVICE/Target/usbd_conf.o
                0x000000000800a5e0                HAL_PCD_ISOOUTIncompleteCallback
 .text.HAL_PCD_ISOINIncompleteCallback
                0x000000000800a604       0x24 ./USB_DEVICE/Target/usbd_conf.o
                0x000000000800a604                HAL_PCD_ISOINIncompleteCallback
 .text.HAL_PCD_ConnectCallback
                0x000000000800a628       0x1c ./USB_DEVICE/Target/usbd_conf.o
                0x000000000800a628                HAL_PCD_ConnectCallback
 .text.HAL_PCD_DisconnectCallback
                0x000000000800a644       0x1c ./USB_DEVICE/Target/usbd_conf.o
                0x000000000800a644                HAL_PCD_DisconnectCallback
 .text.USBD_LL_Init
                0x000000000800a660       0x98 ./USB_DEVICE/Target/usbd_conf.o
                0x000000000800a660                USBD_LL_Init
 .text.USBD_LL_Start
                0x000000000800a6f8       0x64 ./USB_DEVICE/Target/usbd_conf.o
                0x000000000800a6f8                USBD_LL_Start
 .text.USBD_LL_OpenEP
                0x000000000800a75c       0x7c ./USB_DEVICE/Target/usbd_conf.o
                0x000000000800a75c                USBD_LL_OpenEP
 .text.USBD_LL_CloseEP
                0x000000000800a7d8       0x6c ./USB_DEVICE/Target/usbd_conf.o
                0x000000000800a7d8                USBD_LL_CloseEP
 .text.USBD_LL_StallEP
                0x000000000800a844       0x6c ./USB_DEVICE/Target/usbd_conf.o
                0x000000000800a844                USBD_LL_StallEP
 .text.USBD_LL_ClearStallEP
                0x000000000800a8b0       0x6c ./USB_DEVICE/Target/usbd_conf.o
                0x000000000800a8b0                USBD_LL_ClearStallEP
 .text.USBD_LL_IsStallEP
                0x000000000800a91c       0x58 ./USB_DEVICE/Target/usbd_conf.o
                0x000000000800a91c                USBD_LL_IsStallEP
 .text.USBD_LL_SetUSBAddress
                0x000000000800a974       0x6c ./USB_DEVICE/Target/usbd_conf.o
                0x000000000800a974                USBD_LL_SetUSBAddress
 .text.USBD_LL_Transmit
                0x000000000800a9e0       0x70 ./USB_DEVICE/Target/usbd_conf.o
                0x000000000800a9e0                USBD_LL_Transmit
 .text.USBD_LL_PrepareReceive
                0x000000000800aa50       0x70 ./USB_DEVICE/Target/usbd_conf.o
                0x000000000800aa50                USBD_LL_PrepareReceive
 .text.USBD_LL_GetRxDataSize
                0x000000000800aac0       0x26 ./USB_DEVICE/Target/usbd_conf.o
                0x000000000800aac0                USBD_LL_GetRxDataSize
 *fill*         0x000000000800aae6        0x2 
 .text.HAL_PCDEx_LPM_Callback
                0x000000000800aae8       0x9c ./USB_DEVICE/Target/usbd_conf.o
                0x000000000800aae8                HAL_PCDEx_LPM_Callback
 .text.USBD_static_malloc
                0x000000000800ab84       0x1c ./USB_DEVICE/Target/usbd_conf.o
                0x000000000800ab84                USBD_static_malloc
 .text.USBD_static_free
                0x000000000800aba0       0x14 ./USB_DEVICE/Target/usbd_conf.o
                0x000000000800aba0                USBD_static_free
 .text.SystemClockConfig_Resume
                0x000000000800abb4        0xc ./USB_DEVICE/Target/usbd_conf.o
 .text.memset   0x000000000800abc0       0x10 /opt/st/stm32cubeide_1.14.0/plugins/com.st.stm32cube.ide.mcu.externaltools.gnu-tools-for-stm32.11.3.rel1.linux64_1.1.100.202309141235/tools/bin/../lib/gcc/arm-none-eabi/11.3.1/../../../../arm-none-eabi/lib/thumb/v7e-m+fp/hard/libc_nano.a(libc_a-memset.o)
                0x000000000800abc0                memset
 .text.__libc_init_array
                0x000000000800abd0       0x48 /opt/st/stm32cubeide_1.14.0/plugins/com.st.stm32cube.ide.mcu.externaltools.gnu-tools-for-stm32.11.3.rel1.linux64_1.1.100.202309141235/tools/bin/../lib/gcc/arm-none-eabi/11.3.1/../../../../arm-none-eabi/lib/thumb/v7e-m+fp/hard/libc_nano.a(libc_a-init.o)
                0x000000000800abd0                __libc_init_array
 .text.memcpy   0x000000000800ac18       0x1c /opt/st/stm32cubeide_1.14.0/plugins/com.st.stm32cube.ide.mcu.externaltools.gnu-tools-for-stm32.11.3.rel1.linux64_1.1.100.202309141235/tools/bin/../lib/gcc/arm-none-eabi/11.3.1/../../../../arm-none-eabi/lib/thumb/v7e-m+fp/hard/libc_nano.a(libc_a-memcpy-stub.o)
                0x000000000800ac18                memcpy
 *(.glue_7)
 .glue_7        0x000000000800ac34        0x0 linker stubs
 *(.glue_7t)
 .glue_7t       0x000000000800ac34        0x0 linker stubs
 *(.eh_frame)
 .eh_frame      0x000000000800ac34        0x0 /opt/st/stm32cubeide_1.14.0/plugins/com.st.stm32cube.ide.mcu.externaltools.gnu-tools-for-stm32.11.3.rel1.linux64_1.1.100.202309141235/tools/bin/../lib/gcc/arm-none-eabi/11.3.1/thumb/v7e-m+fp/hard/crtbegin.o
 *(.init)
 .init          0x000000000800ac34        0x4 /opt/st/stm32cubeide_1.14.0/plugins/com.st.stm32cube.ide.mcu.externaltools.gnu-tools-for-stm32.11.3.rel1.linux64_1.1.100.202309141235/tools/bin/../lib/gcc/arm-none-eabi/11.3.1/thumb/v7e-m+fp/hard/crti.o
                0x000000000800ac34                _init
 .init          0x000000000800ac38        0x8 /opt/st/stm32cubeide_1.14.0/plugins/com.st.stm32cube.ide.mcu.externaltools.gnu-tools-for-stm32.11.3.rel1.linux64_1.1.100.202309141235/tools/bin/../lib/gcc/arm-none-eabi/11.3.1/thumb/v7e-m+fp/hard/crtn.o
 *(.fini)
 .fini          0x000000000800ac40        0x4 /opt/st/stm32cubeide_1.14.0/plugins/com.st.stm32cube.ide.mcu.externaltools.gnu-tools-for-stm32.11.3.rel1.linux64_1.1.100.202309141235/tools/bin/../lib/gcc/arm-none-eabi/11.3.1/thumb/v7e-m+fp/hard/crti.o
                0x000000000800ac40                _fini
 .fini          0x000000000800ac44        0x8 /opt/st/stm32cubeide_1.14.0/plugins/com.st.stm32cube.ide.mcu.externaltools.gnu-tools-for-stm32.11.3.rel1.linux64_1.1.100.202309141235/tools/bin/../lib/gcc/arm-none-eabi/11.3.1/thumb/v7e-m+fp/hard/crtn.o
                0x000000000800ac4c                . = ALIGN (0x4)
                0x000000000800ac4c                _etext = .

.vfp11_veneer   0x000000000800ac4c        0x0
 .vfp11_veneer  0x000000000800ac4c        0x0 linker stubs

.v4_bx          0x000000000800ac4c        0x0
 .v4_bx         0x000000000800ac4c        0x0 linker stubs

.iplt           0x000000000800ac4c        0x0
 .iplt          0x000000000800ac4c        0x0 /opt/st/stm32cubeide_1.14.0/plugins/com.st.stm32cube.ide.mcu.externaltools.gnu-tools-for-stm32.11.3.rel1.linux64_1.1.100.202309141235/tools/bin/../lib/gcc/arm-none-eabi/11.3.1/thumb/v7e-m+fp/hard/crtbegin.o

.rodata         0x000000000800ac4c       0xc8
                0x000000000800ac4c                . = ALIGN (0x4)
 *(.rodata)
 .rodata        0x000000000800ac4c        0xf ./Core/Src/main.o
 *fill*         0x000000000800ac5b        0x1 
 .rodata        0x000000000800ac5c       0x46 ./USB_DEVICE/App/usbd_desc.o
 *(.rodata*)
 *fill*         0x000000000800aca2        0x2 
 .rodata.AHBPrescTable
                0x000000000800aca4       0x10 ./Core/Src/system_stm32l4xx.o
                0x000000000800aca4                AHBPrescTable
 .rodata.APBPrescTable
                0x000000000800acb4        0x8 ./Core/Src/system_stm32l4xx.o
                0x000000000800acb4                APBPrescTable
 .rodata.MSIRangeTable
                0x000000000800acbc       0x30 ./Core/Src/system_stm32l4xx.o
                0x000000000800acbc                MSIRangeTable
 .rodata.UARTPrescTable
                0x000000000800acec       0x18 ./Drivers/STM32L4xx_HAL_Driver/Src/stm32l4xx_hal_uart.o
                0x000000000800acec                UARTPrescTable
 .rodata.numerator.1
                0x000000000800ad04        0x8 ./Drivers/STM32L4xx_HAL_Driver/Src/stm32l4xx_hal_uart_ex.o
 .rodata.denominator.0
                0x000000000800ad0c        0x8 ./Drivers/STM32L4xx_HAL_Driver/Src/stm32l4xx_hal_uart_ex.o
                0x000000000800ad14                . = ALIGN (0x4)

.ARM.extab      0x000000000800ad14        0x0
                0x000000000800ad14                . = ALIGN (0x4)
 *(.ARM.extab* .gnu.linkonce.armextab.*)
                0x000000000800ad14                . = ALIGN (0x4)

.ARM            0x000000000800ad14        0x8
                0x000000000800ad14                . = ALIGN (0x4)
                0x000000000800ad14                __exidx_start = .
 *(.ARM.exidx*)
 .ARM.exidx     0x000000000800ad14        0x8 /opt/st/stm32cubeide_1.14.0/plugins/com.st.stm32cube.ide.mcu.externaltools.gnu-tools-for-stm32.11.3.rel1.linux64_1.1.100.202309141235/tools/bin/../lib/gcc/arm-none-eabi/11.3.1/thumb/v7e-m+fp/hard/libgcc.a(_udivmoddi4.o)
                0x000000000800ad1c                __exidx_end = .
                0x000000000800ad1c                . = ALIGN (0x4)

.rel.dyn        0x000000000800ad1c        0x0
 .rel.iplt      0x000000000800ad1c        0x0 /opt/st/stm32cubeide_1.14.0/plugins/com.st.stm32cube.ide.mcu.externaltools.gnu-tools-for-stm32.11.3.rel1.linux64_1.1.100.202309141235/tools/bin/../lib/gcc/arm-none-eabi/11.3.1/thumb/v7e-m+fp/hard/crtbegin.o

.preinit_array  0x000000000800ad1c        0x0
                0x000000000800ad1c                . = ALIGN (0x4)
                0x000000000800ad1c                PROVIDE (__preinit_array_start = .)
 *(.preinit_array*)
                0x000000000800ad1c                PROVIDE (__preinit_array_end = .)
                0x000000000800ad1c                . = ALIGN (0x4)

.init_array     0x000000000800ad1c        0x4
                0x000000000800ad1c                . = ALIGN (0x4)
                0x000000000800ad1c                PROVIDE (__init_array_start = .)
 *(SORT_BY_NAME(.init_array.*))
 *(.init_array*)
 .init_array    0x000000000800ad1c        0x4 /opt/st/stm32cubeide_1.14.0/plugins/com.st.stm32cube.ide.mcu.externaltools.gnu-tools-for-stm32.11.3.rel1.linux64_1.1.100.202309141235/tools/bin/../lib/gcc/arm-none-eabi/11.3.1/thumb/v7e-m+fp/hard/crtbegin.o
                0x000000000800ad20                PROVIDE (__init_array_end = .)
                0x000000000800ad20                . = ALIGN (0x4)

.fini_array     0x000000000800ad20        0x4
                0x000000000800ad20                . = ALIGN (0x4)
                [!provide]                        PROVIDE (__fini_array_start = .)
 *(SORT_BY_NAME(.fini_array.*))
 *(.fini_array*)
 .fini_array    0x000000000800ad20        0x4 /opt/st/stm32cubeide_1.14.0/plugins/com.st.stm32cube.ide.mcu.externaltools.gnu-tools-for-stm32.11.3.rel1.linux64_1.1.100.202309141235/tools/bin/../lib/gcc/arm-none-eabi/11.3.1/thumb/v7e-m+fp/hard/crtbegin.o
                [!provide]                        PROVIDE (__fini_array_end = .)
                0x000000000800ad24                . = ALIGN (0x4)
                0x000000000800ad24                _sidata = LOADADDR (.data)

.data           0x0000000020000000      0x10c load address 0x000000000800ad24
                0x0000000020000000                . = ALIGN (0x4)
                0x0000000020000000                _sdata = .
 *(.data)
 *(.data*)
 .data.SystemCoreClock
                0x0000000020000000        0x4 ./Core/Src/system_stm32l4xx.o
                0x0000000020000000                SystemCoreClock
 .data.uwTickPrio
                0x0000000020000004        0x4 ./Drivers/STM32L4xx_HAL_Driver/Src/stm32l4xx_hal.o
                0x0000000020000004                uwTickPrio
 .data.uwTickFreq
                0x0000000020000008        0x1 ./Drivers/STM32L4xx_HAL_Driver/Src/stm32l4xx_hal.o
                0x0000000020000008                uwTickFreq
 *fill*         0x0000000020000009        0x3 
 .data.USBD_CDC_DeviceQualifierDesc
                0x000000002000000c        0xa ./Middlewares/ST/STM32_USB_Device_Library/Class/CDC/Src/usbd_cdc.o
 *fill*         0x0000000020000016        0x2 
 .data.USBD_CDC
                0x0000000020000018       0x38 ./Middlewares/ST/STM32_USB_Device_Library/Class/CDC/Src/usbd_cdc.o
                0x0000000020000018                USBD_CDC
 .data.USBD_CDC_CfgDesc
                0x0000000020000050       0x43 ./Middlewares/ST/STM32_USB_Device_Library/Class/CDC/Src/usbd_cdc.o
 .data.CDCInEpAdd
                0x0000000020000093        0x1 ./Middlewares/ST/STM32_USB_Device_Library/Class/CDC/Src/usbd_cdc.o
 .data.CDCOutEpAdd
                0x0000000020000094        0x1 ./Middlewares/ST/STM32_USB_Device_Library/Class/CDC/Src/usbd_cdc.o
 .data.CDCCmdEpAdd
                0x0000000020000095        0x1 ./Middlewares/ST/STM32_USB_Device_Library/Class/CDC/Src/usbd_cdc.o
 *fill*         0x0000000020000096        0x2 
 .data.USBD_Interface_fops_FS
                0x0000000020000098       0x14 ./USB_DEVICE/App/usbd_cdc_if.o
                0x0000000020000098                USBD_Interface_fops_FS
 .data.FS_Desc  0x00000000200000ac       0x20 ./USB_DEVICE/App/usbd_desc.o
                0x00000000200000ac                FS_Desc
 .data.USBD_FS_DeviceDesc
                0x00000000200000cc       0x12 ./USB_DEVICE/App/usbd_desc.o
                0x00000000200000cc                USBD_FS_DeviceDesc
 *fill*         0x00000000200000de        0x2 
 .data.USBD_FS_BOSDesc
                0x00000000200000e0        0xc ./USB_DEVICE/App/usbd_desc.o
                0x00000000200000e0                USBD_FS_BOSDesc
 .data.USBD_LangIDDesc
                0x00000000200000ec        0x4 ./USB_DEVICE/App/usbd_desc.o
                0x00000000200000ec                USBD_LangIDDesc
 .data.USBD_StringSerial
                0x00000000200000f0       0x1a ./USB_DEVICE/App/usbd_desc.o
                0x00000000200000f0                USBD_StringSerial
 *(.RamFunc)
 *(.RamFunc*)
                0x000000002000010c                . = ALIGN (0x4)
 *fill*         0x000000002000010a        0x2 
                0x000000002000010c                _edata = .

.igot.plt       0x000000002000010c        0x0 load address 0x000000000800ae30
 .igot.plt      0x000000002000010c        0x0 /opt/st/stm32cubeide_1.14.0/plugins/com.st.stm32cube.ide.mcu.externaltools.gnu-tools-for-stm32.11.3.rel1.linux64_1.1.100.202309141235/tools/bin/../lib/gcc/arm-none-eabi/11.3.1/thumb/v7e-m+fp/hard/crtbegin.o
                0x000000002000010c                . = ALIGN (0x4)

.bss            0x000000002000010c     0x1ea8 load address 0x000000000800ae30
                0x000000002000010c                _sbss = .
                0x000000002000010c                __bss_start__ = _sbss
 *(.bss)
 .bss           0x000000002000010c       0x1c /opt/st/stm32cubeide_1.14.0/plugins/com.st.stm32cube.ide.mcu.externaltools.gnu-tools-for-stm32.11.3.rel1.linux64_1.1.100.202309141235/tools/bin/../lib/gcc/arm-none-eabi/11.3.1/thumb/v7e-m+fp/hard/crtbegin.o
 *(.bss*)
 .bss.previous.0
                0x0000000020000128        0x1 ./Core/Src/gpio.o
 *fill*         0x0000000020000129        0x3 
 .bss.iD        0x000000002000012c        0x4 ./Core/Src/main.o
                0x000000002000012c                iD
 .bss.nData     0x0000000020000130        0x4 ./Core/Src/main.o
                0x0000000020000130                nData
 .bss.xData     0x0000000020000134       0x28 ./Core/Src/main.o
                0x0000000020000134                xData
 .bss.periodical
                0x000000002000015c        0x4 ./Core/Src/main.o
                0x000000002000015c                periodical
 .bss.rx_state  0x0000000020000160        0x4 ./Core/Src/main.o
                0x0000000020000160                rx_state
 .bss.testdata  0x0000000020000164        0xa ./Core/Src/main.o
                0x0000000020000164                testdata
 *fill*         0x000000002000016e        0x2 
 .bss.htim6     0x0000000020000170       0x4c ./Core/Src/tim.o
                0x0000000020000170                htim6
 .bss.hlpuart1  0x00000000200001bc       0x94 ./Core/Src/usart.o
                0x00000000200001bc                hlpuart1
 .bss.huart3    0x0000000020000250       0x94 ./Core/Src/usart.o
                0x0000000020000250                huart3
 .bss.hdma_lpuart1_rx
                0x00000000200002e4       0x60 ./Core/Src/usart.o
                0x00000000200002e4                hdma_lpuart1_rx
 .bss.hdma_lpuart1_tx
                0x0000000020000344       0x60 ./Core/Src/usart.o
                0x0000000020000344                hdma_lpuart1_tx
 .bss.uwTick    0x00000000200003a4        0x4 ./Drivers/STM32L4xx_HAL_Driver/Src/stm32l4xx_hal.o
                0x00000000200003a4                uwTick
 .bss.cfgidx.0  0x00000000200003a8        0x1 ./Middlewares/ST/STM32_USB_Device_Library/Core/Src/usbd_ctlreq.o
 *fill*         0x00000000200003a9        0x3 
 .bss.hUsbDeviceFS
                0x00000000200003ac      0x2dc ./USB_DEVICE/App/usb_device.o
                0x00000000200003ac                hUsbDeviceFS
 .bss.UserRxBufferFS
                0x0000000020000688      0x800 ./USB_DEVICE/App/usbd_cdc_if.o
                0x0000000020000688                UserRxBufferFS
 .bss.UserTxBufferFS
                0x0000000020000e88      0x800 ./USB_DEVICE/App/usbd_cdc_if.o
                0x0000000020000e88                UserTxBufferFS
 .bss.USBD_StrDesc
                0x0000000020001688      0x200 ./USB_DEVICE/App/usbd_desc.o
                0x0000000020001688                USBD_StrDesc
 .bss.hpcd_USB_OTG_FS
                0x0000000020001888      0x50c ./USB_DEVICE/Target/usbd_conf.o
                0x0000000020001888                hpcd_USB_OTG_FS
 .bss.mem.0     0x0000000020001d94      0x220 ./USB_DEVICE/Target/usbd_conf.o
 *(COMMON)
                0x0000000020001fb4                . = ALIGN (0x4)
                0x0000000020001fb4                _ebss = .
                0x0000000020001fb4                __bss_end__ = _ebss

._user_heap_stack
                0x0000000020001fb4      0x604 load address 0x000000000800ae30
                0x0000000020001fb8                . = ALIGN (0x8)
 *fill*         0x0000000020001fb4        0x4 
                [!provide]                        PROVIDE (end = .)
                0x0000000020001fb8                PROVIDE (_end = .)
                0x00000000200021b8                . = (. + _Min_Heap_Size)
 *fill*         0x0000000020001fb8      0x200 
                0x00000000200025b8                . = (. + _Min_Stack_Size)
 *fill*         0x00000000200021b8      0x400 
                0x00000000200025b8                . = ALIGN (0x8)

/DISCARD/
 libc.a(*)
 libm.a(*)
 libgcc.a(*)

.ARM.attributes
                0x0000000000000000       0x30
 *(.ARM.attributes)
 .ARM.attributes
                0x0000000000000000       0x1e /opt/st/stm32cubeide_1.14.0/plugins/com.st.stm32cube.ide.mcu.externaltools.gnu-tools-for-stm32.11.3.rel1.linux64_1.1.100.202309141235/tools/bin/../lib/gcc/arm-none-eabi/11.3.1/thumb/v7e-m+fp/hard/crti.o
 .ARM.attributes
                0x000000000000001e       0x34 /opt/st/stm32cubeide_1.14.0/plugins/com.st.stm32cube.ide.mcu.externaltools.gnu-tools-for-stm32.11.3.rel1.linux64_1.1.100.202309141235/tools/bin/../lib/gcc/arm-none-eabi/11.3.1/thumb/v7e-m+fp/hard/crtbegin.o
 .ARM.attributes
                0x0000000000000052       0x34 ./Core/Src/dma.o
 .ARM.attributes
                0x0000000000000086       0x34 ./Core/Src/gpio.o
 .ARM.attributes
                0x00000000000000ba       0x34 ./Core/Src/main.o
 .ARM.attributes
                0x00000000000000ee       0x34 ./Core/Src/stm32l4xx_hal_msp.o
 .ARM.attributes
                0x0000000000000122       0x34 ./Core/Src/stm32l4xx_it.o
 .ARM.attributes
                0x0000000000000156       0x34 ./Core/Src/system_stm32l4xx.o
 .ARM.attributes
                0x000000000000018a       0x34 ./Core/Src/tim.o
 .ARM.attributes
                0x00000000000001be       0x34 ./Core/Src/usart.o
 .ARM.attributes
                0x00000000000001f2       0x21 ./Core/Startup/startup_stm32l4r5zitx.o
 .ARM.attributes
                0x0000000000000213       0x34 ./Drivers/STM32L4xx_HAL_Driver/Src/stm32l4xx_hal.o
 .ARM.attributes
                0x0000000000000247       0x34 ./Drivers/STM32L4xx_HAL_Driver/Src/stm32l4xx_hal_cortex.o
 .ARM.attributes
                0x000000000000027b       0x34 ./Drivers/STM32L4xx_HAL_Driver/Src/stm32l4xx_hal_dma.o
 .ARM.attributes
                0x00000000000002af       0x34 ./Drivers/STM32L4xx_HAL_Driver/Src/stm32l4xx_hal_gpio.o
 .ARM.attributes
                0x00000000000002e3       0x34 ./Drivers/STM32L4xx_HAL_Driver/Src/stm32l4xx_hal_pcd.o
 .ARM.attributes
                0x0000000000000317       0x34 ./Drivers/STM32L4xx_HAL_Driver/Src/stm32l4xx_hal_pcd_ex.o
 .ARM.attributes
                0x000000000000034b       0x34 ./Drivers/STM32L4xx_HAL_Driver/Src/stm32l4xx_hal_pwr_ex.o
 .ARM.attributes
                0x000000000000037f       0x34 ./Drivers/STM32L4xx_HAL_Driver/Src/stm32l4xx_hal_rcc.o
 .ARM.attributes
                0x00000000000003b3       0x34 ./Drivers/STM32L4xx_HAL_Driver/Src/stm32l4xx_hal_rcc_ex.o
 .ARM.attributes
                0x00000000000003e7       0x34 ./Drivers/STM32L4xx_HAL_Driver/Src/stm32l4xx_hal_tim.o
 .ARM.attributes
                0x000000000000041b       0x34 ./Drivers/STM32L4xx_HAL_Driver/Src/stm32l4xx_hal_tim_ex.o
 .ARM.attributes
                0x000000000000044f       0x34 ./Drivers/STM32L4xx_HAL_Driver/Src/stm32l4xx_hal_uart.o
 .ARM.attributes
                0x0000000000000483       0x34 ./Drivers/STM32L4xx_HAL_Driver/Src/stm32l4xx_hal_uart_ex.o
 .ARM.attributes
                0x00000000000004b7       0x34 ./Drivers/STM32L4xx_HAL_Driver/Src/stm32l4xx_ll_usb.o
 .ARM.attributes
                0x00000000000004eb       0x34 ./Middlewares/ST/STM32_USB_Device_Library/Class/CDC/Src/usbd_cdc.o
 .ARM.attributes
                0x000000000000051f       0x34 ./Middlewares/ST/STM32_USB_Device_Library/Core/Src/usbd_core.o
 .ARM.attributes
                0x0000000000000553       0x34 ./Middlewares/ST/STM32_USB_Device_Library/Core/Src/usbd_ctlreq.o
 .ARM.attributes
                0x0000000000000587       0x34 ./Middlewares/ST/STM32_USB_Device_Library/Core/Src/usbd_ioreq.o
 .ARM.attributes
                0x00000000000005bb       0x34 ./USB_DEVICE/App/usb_device.o
 .ARM.attributes
                0x00000000000005ef       0x34 ./USB_DEVICE/App/usbd_cdc_if.o
 .ARM.attributes
                0x0000000000000623       0x34 ./USB_DEVICE/App/usbd_desc.o
 .ARM.attributes
                0x0000000000000657       0x34 ./USB_DEVICE/Target/usbd_conf.o
 .ARM.attributes
                0x000000000000068b       0x34 /opt/st/stm32cubeide_1.14.0/plugins/com.st.stm32cube.ide.mcu.externaltools.gnu-tools-for-stm32.11.3.rel1.linux64_1.1.100.202309141235/tools/bin/../lib/gcc/arm-none-eabi/11.3.1/../../../../arm-none-eabi/lib/thumb/v7e-m+fp/hard/libc_nano.a(libc_a-memset.o)
 .ARM.attributes
                0x00000000000006bf       0x34 /opt/st/stm32cubeide_1.14.0/plugins/com.st.stm32cube.ide.mcu.externaltools.gnu-tools-for-stm32.11.3.rel1.linux64_1.1.100.202309141235/tools/bin/../lib/gcc/arm-none-eabi/11.3.1/../../../../arm-none-eabi/lib/thumb/v7e-m+fp/hard/libc_nano.a(libc_a-init.o)
 .ARM.attributes
                0x00000000000006f3       0x34 /opt/st/stm32cubeide_1.14.0/plugins/com.st.stm32cube.ide.mcu.externaltools.gnu-tools-for-stm32.11.3.rel1.linux64_1.1.100.202309141235/tools/bin/../lib/gcc/arm-none-eabi/11.3.1/../../../../arm-none-eabi/lib/thumb/v7e-m+fp/hard/libc_nano.a(libc_a-memcpy-stub.o)
 .ARM.attributes
                0x0000000000000727       0x17 /opt/st/stm32cubeide_1.14.0/plugins/com.st.stm32cube.ide.mcu.externaltools.gnu-tools-for-stm32.11.3.rel1.linux64_1.1.100.202309141235/tools/bin/../lib/gcc/arm-none-eabi/11.3.1/../../../../arm-none-eabi/lib/thumb/v7e-m+fp/hard/libc_nano.a(libc_a-strlen.o)
 .ARM.attributes
                0x000000000000073e       0x1e /opt/st/stm32cubeide_1.14.0/plugins/com.st.stm32cube.ide.mcu.externaltools.gnu-tools-for-stm32.11.3.rel1.linux64_1.1.100.202309141235/tools/bin/../lib/gcc/arm-none-eabi/11.3.1/thumb/v7e-m+fp/hard/libgcc.a(_aeabi_uldivmod.o)
 .ARM.attributes
                0x000000000000075c       0x34 /opt/st/stm32cubeide_1.14.0/plugins/com.st.stm32cube.ide.mcu.externaltools.gnu-tools-for-stm32.11.3.rel1.linux64_1.1.100.202309141235/tools/bin/../lib/gcc/arm-none-eabi/11.3.1/thumb/v7e-m+fp/hard/libgcc.a(_udivmoddi4.o)
 .ARM.attributes
                0x0000000000000790       0x1e /opt/st/stm32cubeide_1.14.0/plugins/com.st.stm32cube.ide.mcu.externaltools.gnu-tools-for-stm32.11.3.rel1.linux64_1.1.100.202309141235/tools/bin/../lib/gcc/arm-none-eabi/11.3.1/thumb/v7e-m+fp/hard/libgcc.a(_dvmd_tls.o)
 .ARM.attributes
                0x00000000000007ae       0x1e /opt/st/stm32cubeide_1.14.0/plugins/com.st.stm32cube.ide.mcu.externaltools.gnu-tools-for-stm32.11.3.rel1.linux64_1.1.100.202309141235/tools/bin/../lib/gcc/arm-none-eabi/11.3.1/thumb/v7e-m+fp/hard/crtn.o
OUTPUT(BP.elf elf32-littlearm)
LOAD linker stubs
LOAD /opt/st/stm32cubeide_1.14.0/plugins/com.st.stm32cube.ide.mcu.externaltools.gnu-tools-for-stm32.11.3.rel1.linux64_1.1.100.202309141235/tools/bin/../lib/gcc/arm-none-eabi/11.3.1/../../../../arm-none-eabi/lib/thumb/v7e-m+fp/hard/libc.a
LOAD /opt/st/stm32cubeide_1.14.0/plugins/com.st.stm32cube.ide.mcu.externaltools.gnu-tools-for-stm32.11.3.rel1.linux64_1.1.100.202309141235/tools/bin/../lib/gcc/arm-none-eabi/11.3.1/../../../../arm-none-eabi/lib/thumb/v7e-m+fp/hard/libm.a
LOAD /opt/st/stm32cubeide_1.14.0/plugins/com.st.stm32cube.ide.mcu.externaltools.gnu-tools-for-stm32.11.3.rel1.linux64_1.1.100.202309141235/tools/bin/../lib/gcc/arm-none-eabi/11.3.1/thumb/v7e-m+fp/hard/libgcc.a

.comment        0x0000000000000000       0x43
 .comment       0x0000000000000000       0x43 /opt/st/stm32cubeide_1.14.0/plugins/com.st.stm32cube.ide.mcu.externaltools.gnu-tools-for-stm32.11.3.rel1.linux64_1.1.100.202309141235/tools/bin/../lib/gcc/arm-none-eabi/11.3.1/thumb/v7e-m+fp/hard/crtbegin.o
                                         0x44 (size before relaxing)
 .comment       0x0000000000000043       0x44 ./Core/Src/dma.o
 .comment       0x0000000000000043       0x44 ./Core/Src/gpio.o
 .comment       0x0000000000000043       0x44 ./Core/Src/main.o
 .comment       0x0000000000000043       0x44 ./Core/Src/stm32l4xx_hal_msp.o
 .comment       0x0000000000000043       0x44 ./Core/Src/stm32l4xx_it.o
 .comment       0x0000000000000043       0x44 ./Core/Src/system_stm32l4xx.o
 .comment       0x0000000000000043       0x44 ./Core/Src/tim.o
 .comment       0x0000000000000043       0x44 ./Core/Src/usart.o
 .comment       0x0000000000000043       0x44 ./Drivers/STM32L4xx_HAL_Driver/Src/stm32l4xx_hal.o
 .comment       0x0000000000000043       0x44 ./Drivers/STM32L4xx_HAL_Driver/Src/stm32l4xx_hal_cortex.o
 .comment       0x0000000000000043       0x44 ./Drivers/STM32L4xx_HAL_Driver/Src/stm32l4xx_hal_dma.o
 .comment       0x0000000000000043       0x44 ./Drivers/STM32L4xx_HAL_Driver/Src/stm32l4xx_hal_gpio.o
 .comment       0x0000000000000043       0x44 ./Drivers/STM32L4xx_HAL_Driver/Src/stm32l4xx_hal_pcd.o
 .comment       0x0000000000000043       0x44 ./Drivers/STM32L4xx_HAL_Driver/Src/stm32l4xx_hal_pcd_ex.o
 .comment       0x0000000000000043       0x44 ./Drivers/STM32L4xx_HAL_Driver/Src/stm32l4xx_hal_pwr_ex.o
 .comment       0x0000000000000043       0x44 ./Drivers/STM32L4xx_HAL_Driver/Src/stm32l4xx_hal_rcc.o
 .comment       0x0000000000000043       0x44 ./Drivers/STM32L4xx_HAL_Driver/Src/stm32l4xx_hal_rcc_ex.o
 .comment       0x0000000000000043       0x44 ./Drivers/STM32L4xx_HAL_Driver/Src/stm32l4xx_hal_tim.o
 .comment       0x0000000000000043       0x44 ./Drivers/STM32L4xx_HAL_Driver/Src/stm32l4xx_hal_tim_ex.o
 .comment       0x0000000000000043       0x44 ./Drivers/STM32L4xx_HAL_Driver/Src/stm32l4xx_hal_uart.o
 .comment       0x0000000000000043       0x44 ./Drivers/STM32L4xx_HAL_Driver/Src/stm32l4xx_hal_uart_ex.o
 .comment       0x0000000000000043       0x44 ./Drivers/STM32L4xx_HAL_Driver/Src/stm32l4xx_ll_usb.o
 .comment       0x0000000000000043       0x44 ./Middlewares/ST/STM32_USB_Device_Library/Class/CDC/Src/usbd_cdc.o
 .comment       0x0000000000000043       0x44 ./Middlewares/ST/STM32_USB_Device_Library/Core/Src/usbd_core.o
 .comment       0x0000000000000043       0x44 ./Middlewares/ST/STM32_USB_Device_Library/Core/Src/usbd_ctlreq.o
 .comment       0x0000000000000043       0x44 ./Middlewares/ST/STM32_USB_Device_Library/Core/Src/usbd_ioreq.o
 .comment       0x0000000000000043       0x44 ./USB_DEVICE/App/usb_device.o
 .comment       0x0000000000000043       0x44 ./USB_DEVICE/App/usbd_cdc_if.o
 .comment       0x0000000000000043       0x44 ./USB_DEVICE/App/usbd_desc.o
 .comment       0x0000000000000043       0x44 ./USB_DEVICE/Target/usbd_conf.o

.debug_info     0x0000000000000000    0x1e79d
 .debug_info    0x0000000000000000      0x57f ./Core/Src/dma.o
 .debug_info    0x000000000000057f      0x79b ./Core/Src/gpio.o
 .debug_info    0x0000000000000d1a     0x1263 ./Core/Src/main.o
 .debug_info    0x0000000000001f7d      0x2e9 ./Core/Src/stm32l4xx_hal_msp.o
 .debug_info    0x0000000000002266     0x11e8 ./Core/Src/stm32l4xx_it.o
 .debug_info    0x000000000000344e      0x5e9 ./Core/Src/system_stm32l4xx.o
 .debug_info    0x0000000000003a37      0xd9c ./Core/Src/tim.o
 .debug_info    0x00000000000047d3     0x1257 ./Core/Src/usart.o
 .debug_info    0x0000000000005a2a       0x23 ./Core/Startup/startup_stm32l4r5zitx.o
 .debug_info    0x0000000000005a4d      0xb49 ./Drivers/STM32L4xx_HAL_Driver/Src/stm32l4xx_hal.o
 .debug_info    0x0000000000006596      0xd64 ./Drivers/STM32L4xx_HAL_Driver/Src/stm32l4xx_hal_cortex.o
 .debug_info    0x00000000000072fa      0x841 ./Drivers/STM32L4xx_HAL_Driver/Src/stm32l4xx_hal_dma.o
 .debug_info    0x0000000000007b3b      0x787 ./Drivers/STM32L4xx_HAL_Driver/Src/stm32l4xx_hal_gpio.o
 .debug_info    0x00000000000082c2     0x14c8 ./Drivers/STM32L4xx_HAL_Driver/Src/stm32l4xx_hal_pcd.o
 .debug_info    0x000000000000978a      0x89e ./Drivers/STM32L4xx_HAL_Driver/Src/stm32l4xx_hal_pcd_ex.o
 .debug_info    0x000000000000a028      0xa0a ./Drivers/STM32L4xx_HAL_Driver/Src/stm32l4xx_hal_pwr_ex.o
 .debug_info    0x000000000000aa32      0xd32 ./Drivers/STM32L4xx_HAL_Driver/Src/stm32l4xx_hal_rcc.o
 .debug_info    0x000000000000b764     0x1167 ./Drivers/STM32L4xx_HAL_Driver/Src/stm32l4xx_hal_rcc_ex.o
 .debug_info    0x000000000000c8cb     0x2bc0 ./Drivers/STM32L4xx_HAL_Driver/Src/stm32l4xx_hal_tim.o
 .debug_info    0x000000000000f48b     0x17c4 ./Drivers/STM32L4xx_HAL_Driver/Src/stm32l4xx_hal_tim_ex.o
 .debug_info    0x0000000000010c4f     0x4875 ./Drivers/STM32L4xx_HAL_Driver/Src/stm32l4xx_hal_uart.o
 .debug_info    0x00000000000154c4     0x1018 ./Drivers/STM32L4xx_HAL_Driver/Src/stm32l4xx_hal_uart_ex.o
 .debug_info    0x00000000000164dc     0x1971 ./Drivers/STM32L4xx_HAL_Driver/Src/stm32l4xx_ll_usb.o
 .debug_info    0x0000000000017e4d     0x132f ./Middlewares/ST/STM32_USB_Device_Library/Class/CDC/Src/usbd_cdc.o
 .debug_info    0x000000000001917c      0xe12 ./Middlewares/ST/STM32_USB_Device_Library/Core/Src/usbd_core.o
 .debug_info    0x0000000000019f8e      0xaeb ./Middlewares/ST/STM32_USB_Device_Library/Core/Src/usbd_ctlreq.o
 .debug_info    0x000000000001aa79      0x762 ./Middlewares/ST/STM32_USB_Device_Library/Core/Src/usbd_ioreq.o
 .debug_info    0x000000000001b1db      0x70e ./USB_DEVICE/App/usb_device.o
 .debug_info    0x000000000001b8e9      0x92a ./USB_DEVICE/App/usbd_cdc_if.o
 .debug_info    0x000000000001c213      0x4ba ./USB_DEVICE/App/usbd_desc.o
 .debug_info    0x000000000001c6cd     0x20d0 ./USB_DEVICE/Target/usbd_conf.o

.debug_abbrev   0x0000000000000000     0x440b
 .debug_abbrev  0x0000000000000000      0x109 ./Core/Src/dma.o
 .debug_abbrev  0x0000000000000109      0x1a1 ./Core/Src/gpio.o
 .debug_abbrev  0x00000000000002aa      0x316 ./Core/Src/main.o
 .debug_abbrev  0x00000000000005c0       0xc6 ./Core/Src/stm32l4xx_hal_msp.o
 .debug_abbrev  0x0000000000000686      0x208 ./Core/Src/stm32l4xx_it.o
 .debug_abbrev  0x000000000000088e      0x11a ./Core/Src/system_stm32l4xx.o
 .debug_abbrev  0x00000000000009a8      0x1f5 ./Core/Src/tim.o
 .debug_abbrev  0x0000000000000b9d      0x241 ./Core/Src/usart.o
 .debug_abbrev  0x0000000000000dde       0x12 ./Core/Startup/startup_stm32l4r5zitx.o
 .debug_abbrev  0x0000000000000df0      0x242 ./Drivers/STM32L4xx_HAL_Driver/Src/stm32l4xx_hal.o
 .debug_abbrev  0x0000000000001032      0x327 ./Drivers/STM32L4xx_HAL_Driver/Src/stm32l4xx_hal_cortex.o
 .debug_abbrev  0x0000000000001359      0x1e2 ./Drivers/STM32L4xx_HAL_Driver/Src/stm32l4xx_hal_dma.o
 .debug_abbrev  0x000000000000153b      0x1cb ./Drivers/STM32L4xx_HAL_Driver/Src/stm32l4xx_hal_gpio.o
 .debug_abbrev  0x0000000000001706      0x2cf ./Drivers/STM32L4xx_HAL_Driver/Src/stm32l4xx_hal_pcd.o
 .debug_abbrev  0x00000000000019d5      0x256 ./Drivers/STM32L4xx_HAL_Driver/Src/stm32l4xx_hal_pcd_ex.o
 .debug_abbrev  0x0000000000001c2b      0x1f9 ./Drivers/STM32L4xx_HAL_Driver/Src/stm32l4xx_hal_pwr_ex.o
 .debug_abbrev  0x0000000000001e24      0x306 ./Drivers/STM32L4xx_HAL_Driver/Src/stm32l4xx_hal_rcc.o
 .debug_abbrev  0x000000000000212a      0x2a3 ./Drivers/STM32L4xx_HAL_Driver/Src/stm32l4xx_hal_rcc_ex.o
 .debug_abbrev  0x00000000000023cd      0x276 ./Drivers/STM32L4xx_HAL_Driver/Src/stm32l4xx_hal_tim.o
 .debug_abbrev  0x0000000000002643      0x281 ./Drivers/STM32L4xx_HAL_Driver/Src/stm32l4xx_hal_tim_ex.o
 .debug_abbrev  0x00000000000028c4      0x304 ./Drivers/STM32L4xx_HAL_Driver/Src/stm32l4xx_hal_uart.o
 .debug_abbrev  0x0000000000002bc8      0x2d2 ./Drivers/STM32L4xx_HAL_Driver/Src/stm32l4xx_hal_uart_ex.o
 .debug_abbrev  0x0000000000002e9a      0x2b3 ./Drivers/STM32L4xx_HAL_Driver/Src/stm32l4xx_ll_usb.o
 .debug_abbrev  0x000000000000314d      0x2d2 ./Middlewares/ST/STM32_USB_Device_Library/Class/CDC/Src/usbd_cdc.o
 .debug_abbrev  0x000000000000341f      0x27c ./Middlewares/ST/STM32_USB_Device_Library/Core/Src/usbd_core.o
 .debug_abbrev  0x000000000000369b      0x26f ./Middlewares/ST/STM32_USB_Device_Library/Core/Src/usbd_ctlreq.o
 .debug_abbrev  0x000000000000390a      0x19a ./Middlewares/ST/STM32_USB_Device_Library/Core/Src/usbd_ioreq.o
 .debug_abbrev  0x0000000000003aa4      0x195 ./USB_DEVICE/App/usb_device.o
 .debug_abbrev  0x0000000000003c39      0x29b ./USB_DEVICE/App/usbd_cdc_if.o
 .debug_abbrev  0x0000000000003ed4      0x1e3 ./USB_DEVICE/App/usbd_desc.o
 .debug_abbrev  0x00000000000040b7      0x354 ./USB_DEVICE/Target/usbd_conf.o

.debug_aranges  0x0000000000000000     0x1810
 .debug_aranges
                0x0000000000000000       0x20 ./Core/Src/dma.o
 .debug_aranges
                0x0000000000000020       0x28 ./Core/Src/gpio.o
 .debug_aranges
                0x0000000000000048       0x60 ./Core/Src/main.o
 .debug_aranges
                0x00000000000000a8       0x20 ./Core/Src/stm32l4xx_hal_msp.o
 .debug_aranges
                0x00000000000000c8       0x90 ./Core/Src/stm32l4xx_it.o
 .debug_aranges
                0x0000000000000158       0x28 ./Core/Src/system_stm32l4xx.o
 .debug_aranges
                0x0000000000000180       0x30 ./Core/Src/tim.o
 .debug_aranges
                0x00000000000001b0       0x38 ./Core/Src/usart.o
 .debug_aranges
                0x00000000000001e8       0x28 ./Core/Startup/startup_stm32l4r5zitx.o
 .debug_aranges
                0x0000000000000210      0x130 ./Drivers/STM32L4xx_HAL_Driver/Src/stm32l4xx_hal.o
 .debug_aranges
                0x0000000000000340      0x118 ./Drivers/STM32L4xx_HAL_Driver/Src/stm32l4xx_hal_cortex.o
 .debug_aranges
                0x0000000000000458       0x90 ./Drivers/STM32L4xx_HAL_Driver/Src/stm32l4xx_hal_dma.o
 .debug_aranges
                0x00000000000004e8       0x58 ./Drivers/STM32L4xx_HAL_Driver/Src/stm32l4xx_hal_gpio.o
 .debug_aranges
                0x0000000000000540      0x138 ./Drivers/STM32L4xx_HAL_Driver/Src/stm32l4xx_hal_pcd.o
 .debug_aranges
                0x0000000000000678       0x60 ./Drivers/STM32L4xx_HAL_Driver/Src/stm32l4xx_hal_pcd_ex.o
 .debug_aranges
                0x00000000000006d8      0x170 ./Drivers/STM32L4xx_HAL_Driver/Src/stm32l4xx_hal_pwr_ex.o