Archive member included to satisfy reference by file (symbol)

/home/ddeejjvviidd/st/stm32cubeide_1.16.1/plugins/com.st.stm32cube.ide.mcu.externaltools.gnu-tools-for-stm32.12.3.rel1.linux64_1.0.200.202406132123/tools/bin/../lib/gcc/arm-none-eabi/12.3.1/../../../../arm-none-eabi/lib/thumb/v7e-m+fp/hard/libc_nano.a(libc_a-exit.o)
                              /home/ddeejjvviidd/st/stm32cubeide_1.16.1/plugins/com.st.stm32cube.ide.mcu.externaltools.gnu-tools-for-stm32.12.3.rel1.linux64_1.0.200.202406132123/tools/bin/../lib/gcc/arm-none-eabi/12.3.1/../../../../arm-none-eabi/lib/thumb/v7e-m+fp/hard/crt0.o (exit)
/home/ddeejjvviidd/st/stm32cubeide_1.16.1/plugins/com.st.stm32cube.ide.mcu.externaltools.gnu-tools-for-stm32.12.3.rel1.linux64_1.0.200.202406132123/tools/bin/../lib/gcc/arm-none-eabi/12.3.1/../../../../arm-none-eabi/lib/thumb/v7e-m+fp/hard/libc_nano.a(libc_a-malloc.o)
                              ./Core/Src/main.o (malloc)
/home/ddeejjvviidd/st/stm32cubeide_1.16.1/plugins/com.st.stm32cube.ide.mcu.externaltools.gnu-tools-for-stm32.12.3.rel1.linux64_1.0.200.202406132123/tools/bin/../lib/gcc/arm-none-eabi/12.3.1/../../../../arm-none-eabi/lib/thumb/v7e-m+fp/hard/libc_nano.a(libc_a-mallocr.o)
                              /home/ddeejjvviidd/st/stm32cubeide_1.16.1/plugins/com.st.stm32cube.ide.mcu.externaltools.gnu-tools-for-stm32.12.3.rel1.linux64_1.0.200.202406132123/tools/bin/../lib/gcc/arm-none-eabi/12.3.1/../../../../arm-none-eabi/lib/thumb/v7e-m+fp/hard/libc_nano.a(libc_a-malloc.o) (_malloc_r)
/home/ddeejjvviidd/st/stm32cubeide_1.16.1/plugins/com.st.stm32cube.ide.mcu.externaltools.gnu-tools-for-stm32.12.3.rel1.linux64_1.0.200.202406132123/tools/bin/../lib/gcc/arm-none-eabi/12.3.1/../../../../arm-none-eabi/lib/thumb/v7e-m+fp/hard/libc_nano.a(libc_a-mlock.o)
                              /home/ddeejjvviidd/st/stm32cubeide_1.16.1/plugins/com.st.stm32cube.ide.mcu.externaltools.gnu-tools-for-stm32.12.3.rel1.linux64_1.0.200.202406132123/tools/bin/../lib/gcc/arm-none-eabi/12.3.1/../../../../arm-none-eabi/lib/thumb/v7e-m+fp/hard/libc_nano.a(libc_a-mallocr.o) (__malloc_lock)
/home/ddeejjvviidd/st/stm32cubeide_1.16.1/plugins/com.st.stm32cube.ide.mcu.externaltools.gnu-tools-for-stm32.12.3.rel1.linux64_1.0.200.202406132123/tools/bin/../lib/gcc/arm-none-eabi/12.3.1/../../../../arm-none-eabi/lib/thumb/v7e-m+fp/hard/libc_nano.a(libc_a-findfp.o)
                              /home/ddeejjvviidd/st/stm32cubeide_1.16.1/plugins/com.st.stm32cube.ide.mcu.externaltools.gnu-tools-for-stm32.12.3.rel1.linux64_1.0.200.202406132123/tools/bin/../lib/gcc/arm-none-eabi/12.3.1/../../../../arm-none-eabi/lib/thumb/v7e-m+fp/hard/libc_nano.a(libc_a-exit.o) (__stdio_exit_handler)
/home/ddeejjvviidd/st/stm32cubeide_1.16.1/plugins/com.st.stm32cube.ide.mcu.externaltools.gnu-tools-for-stm32.12.3.rel1.linux64_1.0.200.202406132123/tools/bin/../lib/gcc/arm-none-eabi/12.3.1/../../../../arm-none-eabi/lib/thumb/v7e-m+fp/hard/libc_nano.a(libc_a-fwalk.o)
                              /home/ddeejjvviidd/st/stm32cubeide_1.16.1/plugins/com.st.stm32cube.ide.mcu.externaltools.gnu-tools-for-stm32.12.3.rel1.linux64_1.0.200.202406132123/tools/bin/../lib/gcc/arm-none-eabi/12.3.1/../../../../arm-none-eabi/lib/thumb/v7e-m+fp/hard/libc_nano.a(libc_a-findfp.o) (_fwalk_sglue)
/home/ddeejjvviidd/st/stm32cubeide_1.16.1/plugins/com.st.stm32cube.ide.mcu.externaltools.gnu-tools-for-stm32.12.3.rel1.linux64_1.0.200.202406132123/tools/bin/../lib/gcc/arm-none-eabi/12.3.1/../../../../arm-none-eabi/lib/thumb/v7e-m+fp/hard/libc_nano.a(libc_a-stdio.o)
                              /home/ddeejjvviidd/st/stm32cubeide_1.16.1/plugins/com.st.stm32cube.ide.mcu.externaltools.gnu-tools-for-stm32.12.3.rel1.linux64_1.0.200.202406132123/tools/bin/../lib/gcc/arm-none-eabi/12.3.1/../../../../arm-none-eabi/lib/thumb/v7e-m+fp/hard/libc_nano.a(libc_a-findfp.o) (__sread)
/home/ddeejjvviidd/st/stm32cubeide_1.16.1/plugins/com.st.stm32cube.ide.mcu.externaltools.gnu-tools-for-stm32.12.3.rel1.linux64_1.0.200.202406132123/tools/bin/../lib/gcc/arm-none-eabi/12.3.1/../../../../arm-none-eabi/lib/thumb/v7e-m+fp/hard/libc_nano.a(libc_a-memset.o)
                              /home/ddeejjvviidd/st/stm32cubeide_1.16.1/plugins/com.st.stm32cube.ide.mcu.externaltools.gnu-tools-for-stm32.12.3.rel1.linux64_1.0.200.202406132123/tools/bin/../lib/gcc/arm-none-eabi/12.3.1/../../../../arm-none-eabi/lib/thumb/v7e-m+fp/hard/crt0.o (memset)
/home/ddeejjvviidd/st/stm32cubeide_1.16.1/plugins/com.st.stm32cube.ide.mcu.externaltools.gnu-tools-for-stm32.12.3.rel1.linux64_1.0.200.202406132123/tools/bin/../lib/gcc/arm-none-eabi/12.3.1/../../../../arm-none-eabi/lib/thumb/v7e-m+fp/hard/libc_nano.a(libc_a-closer.o)
                              /home/ddeejjvviidd/st/stm32cubeide_1.16.1/plugins/com.st.stm32cube.ide.mcu.externaltools.gnu-tools-for-stm32.12.3.rel1.linux64_1.0.200.202406132123/tools/bin/../lib/gcc/arm-none-eabi/12.3.1/../../../../arm-none-eabi/lib/thumb/v7e-m+fp/hard/libc_nano.a(libc_a-stdio.o) (_close_r)
[...]
Memory Configuration

Name             Origin             Length             Attributes
RAM              0x20000000         0x000a0000         xrw
RAM2             0x10000000         0x00010000         xrw
RAM3             0x20040000         0x00060000         xrw
FLASH            0x08000000         0x00200000         xr
*default*        0x00000000         0xffffffff

Linker script and memory map

LOAD /home/ddeejjvviidd/st/stm32cubeide_1.16.1/plugins/com.st.stm32cube.ide.mcu.externaltools.gnu-tools-for-stm32.12.3.rel1.linux64_1.0.200.202406132123/tools/bin/../lib/gcc/arm-none-eabi/12.3.1/thumb/v7e-m+fp/hard/crti.o
LOAD /home/ddeejjvviidd/st/stm32cubeide_1.16.1/plugins/com.st.stm32cube.ide.mcu.externaltools.gnu-tools-for-stm32.12.3.rel1.linux64_1.0.200.202406132123/tools/bin/../lib/gcc/arm-none-eabi/12.3.1/thumb/v7e-m+fp/hard/crtbegin.o
LOAD /home/ddeejjvviidd/st/stm32cubeide_1.16.1/plugins/com.st.stm32cube.ide.mcu.externaltools.gnu-tools-for-stm32.12.3.rel1.linux64_1.0.200.202406132123/tools/bin/../lib/gcc/arm-none-eabi/12.3.1/../../../../arm-none-eabi/lib/thumb/v7e-m+fp/hard/crt0.o
LOAD ./Core/Src/adc.o
LOAD ./Core/Src/dma.o
LOAD ./Core/Src/gpio.o
LOAD ./Core/Src/main.o
LOAD ./Core/Src/stm32l4xx_hal_msp.o
LOAD ./Core/Src/stm32l4xx_it.o
LOAD ./Core/Src/syscalls.o
LOAD ./Core/Src/sysmem.o
LOAD ./Core/Src/system_stm32l4xx.o
LOAD ./Core/Src/tim.o
LOAD ./Core/Src/usart.o
LOAD ./Core/Startup/startup_stm32l4r5zitx.o
LOAD ./Drivers/STM32L4xx_HAL_Driver/Src/stm32l4xx_hal.o
LOAD ./Drivers/STM32L4xx_HAL_Driver/Src/stm32l4xx_hal_adc.o
LOAD ./Drivers/STM32L4xx_HAL_Driver/Src/stm32l4xx_hal_adc_ex.o
LOAD ./Drivers/STM32L4xx_HAL_Driver/Src/stm32l4xx_hal_cortex.o
LOAD ./Drivers/STM32L4xx_HAL_Driver/Src/stm32l4xx_hal_dma.o
LOAD ./Drivers/STM32L4xx_HAL_Driver/Src/stm32l4xx_hal_dma_ex.o
LOAD ./Drivers/STM32L4xx_HAL_Driver/Src/stm32l4xx_hal_exti.o
LOAD ./Drivers/STM32L4xx_HAL_Driver/Src/stm32l4xx_hal_flash.o
LOAD ./Drivers/STM32L4xx_HAL_Driver/Src/stm32l4xx_hal_flash_ex.o
LOAD ./Drivers/STM32L4xx_HAL_Driver/Src/stm32l4xx_hal_flash_ramfunc.o
LOAD ./Drivers/STM32L4xx_HAL_Driver/Src/stm32l4xx_hal_gpio.o
LOAD ./Drivers/STM32L4xx_HAL_Driver/Src/stm32l4xx_hal_i2c.o
LOAD ./Drivers/STM32L4xx_HAL_Driver/Src/stm32l4xx_hal_i2c_ex.o
LOAD ./Drivers/STM32L4xx_HAL_Driver/Src/stm32l4xx_hal_pcd.o
LOAD ./Drivers/STM32L4xx_HAL_Driver/Src/stm32l4xx_hal_pcd_ex.o
LOAD ./Drivers/STM32L4xx_HAL_Driver/Src/stm32l4xx_hal_pwr.o
LOAD ./Drivers/STM32L4xx_HAL_Driver/Src/stm32l4xx_hal_pwr_ex.o
LOAD ./Drivers/STM32L4xx_HAL_Driver/Src/stm32l4xx_hal_rcc.o
LOAD ./Drivers/STM32L4xx_HAL_Driver/Src/stm32l4xx_hal_rcc_ex.o
LOAD ./Drivers/STM32L4xx_HAL_Driver/Src/stm32l4xx_hal_tim.o
LOAD ./Drivers/STM32L4xx_HAL_Driver/Src/stm32l4xx_hal_tim_ex.o
LOAD ./Drivers/STM32L4xx_HAL_Driver/Src/stm32l4xx_hal_uart.o
LOAD ./Drivers/STM32L4xx_HAL_Driver/Src/stm32l4xx_hal_uart_ex.o
LOAD ./Drivers/STM32L4xx_HAL_Driver/Src/stm32l4xx_ll_usb.o
LOAD ./Middlewares/ST/STM32_USB_Device_Library/Class/CDC/Src/usbd_cdc.o
LOAD ./Middlewares/ST/STM32_USB_Device_Library/Core/Src/usbd_core.o
LOAD ./Middlewares/ST/STM32_USB_Device_Library/Core/Src/usbd_ctlreq.o
LOAD ./Middlewares/ST/STM32_USB_Device_Library/Core/Src/usbd_ioreq.o
LOAD ./USB_DEVICE/App/usb_device.o
LOAD ./USB_DEVICE/App/usbd_cdc_if.o
LOAD ./USB_DEVICE/App/usbd_desc.o
LOAD ./USB_DEVICE/Target/usbd_conf.o
START GROUP
LOAD /home/ddeejjvviidd/st/stm32cubeide_1.16.1/plugins/com.st.stm32cube.ide.mcu.externaltools.gnu-tools-for-stm32.12.3.rel1.linux64_1.0.200.202406132123/tools/bin/../lib/gcc/arm-none-eabi/12.3.1/../../../../arm-none-eabi/lib/thumb/v7e-m+fp/hard/libc_nano.a
LOAD /home/ddeejjvviidd/st/stm32cubeide_1.16.1/plugins/com.st.stm32cube.ide.mcu.externaltools.gnu-tools-for-stm32.12.3.rel1.linux64_1.0.200.202406132123/tools/bin/../lib/gcc/arm-none-eabi/12.3.1/../../../../arm-none-eabi/lib/thumb/v7e-m+fp/hard/libm.a
END GROUP
START GROUP
LOAD /home/ddeejjvviidd/st/stm32cubeide_1.16.1/plugins/com.st.stm32cube.ide.mcu.externaltools.gnu-tools-for-stm32.12.3.rel1.linux64_1.0.200.202406132123/tools/bin/../lib/gcc/arm-none-eabi/12.3.1/thumb/v7e-m+fp/hard/libgcc.a
LOAD /home/ddeejjvviidd/st/stm32cubeide_1.16.1/plugins/com.st.stm32cube.ide.mcu.externaltools.gnu-tools-for-stm32.12.3.rel1.linux64_1.0.200.202406132123/tools/bin/../lib/gcc/arm-none-eabi/12.3.1/../../../../arm-none-eabi/lib/thumb/v7e-m+fp/hard/libc_nano.a
END GROUP
START GROUP
LOAD /home/ddeejjvviidd/st/stm32cubeide_1.16.1/plugins/com.st.stm32cube.ide.mcu.externaltools.gnu-tools-for-stm32.12.3.rel1.linux64_1.0.200.202406132123/tools/bin/../lib/gcc/arm-none-eabi/12.3.1/thumb/v7e-m+fp/hard/libgcc.a
LOAD /home/ddeejjvviidd/st/stm32cubeide_1.16.1/plugins/com.st.stm32cube.ide.mcu.externaltools.gnu-tools-for-stm32.12.3.rel1.linux64_1.0.200.202406132123/tools/bin/../lib/gcc/arm-none-eabi/12.3.1/../../../../arm-none-eabi/lib/thumb/v7e-m+fp/hard/libc_nano.a
LOAD /home/ddeejjvviidd/st/stm32cubeide_1.16.1/plugins/com.st.stm32cube.ide.mcu.externaltools.gnu-tools-for-stm32.12.3.rel1.linux64_1.0.200.202406132123/tools/bin/../lib/gcc/arm-none-eabi/12.3.1/../../../../arm-none-eabi/lib/thumb/v7e-m+fp/hard/libnosys.a
END GROUP
START GROUP
LOAD /home/ddeejjvviidd/st/stm32cubeide_1.16.1/plugins/com.st.stm32cube.ide.mcu.externaltools.gnu-tools-for-stm32.12.3.rel1.linux64_1.0.200.202406132123/tools/bin/../lib/gcc/arm-none-eabi/12.3.1/thumb/v7e-m+fp/hard/libgcc.a
LOAD /home/ddeejjvviidd/st/stm32cubeide_1.16.1/plugins/com.st.stm32cube.ide.mcu.externaltools.gnu-tools-for-stm32.12.3.rel1.linux64_1.0.200.202406132123/tools/bin/../lib/gcc/arm-none-eabi/12.3.1/../../../../arm-none-eabi/lib/thumb/v7e-m+fp/hard/libc_nano.a
LOAD /home/ddeejjvviidd/st/stm32cubeide_1.16.1/plugins/com.st.stm32cube.ide.mcu.externaltools.gnu-tools-for-stm32.12.3.rel1.linux64_1.0.200.202406132123/tools/bin/../lib/gcc/arm-none-eabi/12.3.1/../../../../arm-none-eabi/lib/thumb/v7e-m+fp/hard/libnosys.a
END GROUP
LOAD /home/ddeejjvviidd/st/stm32cubeide_1.16.1/plugins/com.st.stm32cube.ide.mcu.externaltools.gnu-tools-for-stm32.12.3.rel1.linux64_1.0.200.202406132123/tools/bin/../lib/gcc/arm-none-eabi/12.3.1/thumb/v7e-m+fp/hard/crtend.o
LOAD /home/ddeejjvviidd/st/stm32cubeide_1.16.1/plugins/com.st.stm32cube.ide.mcu.externaltools.gnu-tools-for-stm32.12.3.rel1.linux64_1.0.200.202406132123/tools/bin/../lib/gcc/arm-none-eabi/12.3.1/thumb/v7e-m+fp/hard/crtn.o
                0x200a0000                        _estack = (ORIGIN (RAM) + LENGTH (RAM))
                0x00000200                        _Min_Heap_Size = 0x200
                0x00000400                        _Min_Stack_Size = 0x400

.isr_vector     0x08000000      0x1bc
                0x08000000                        . = ALIGN (0x4)
 *(.isr_vector)
 .isr_vector    0x08000000      0x1bc ./Core/Startup/startup_stm32l4r5zitx.o
                0x08000000                g_pfnVectors
                0x080001bc                        . = ALIGN (0x4)

.text           0x080001bc     0xbf94
                0x080001bc                        . = ALIGN (0x4)
 *(.text)
 .text          0x080001bc       0x40 /home/ddeejjvviidd/st/stm32cubeide_1.16.1/plugins/com.st.stm32cube.ide.mcu.externaltools.gnu-tools-for-stm32.12.3.rel1.linux64_1.0.200.202406132123/tools/bin/../lib/gcc/arm-none-eabi/12.3.1/thumb/v7e-m+fp/hard/crtbegin.o
 .text          0x080001fc       0x30 /home/ddeejjvviidd/st/stm32cubeide_1.16.1/plugins/com.st.stm32cube.ide.mcu.externaltools.gnu-tools-for-stm32.12.3.rel1.linux64_1.0.200.202406132123/tools/bin/../lib/gcc/arm-none-eabi/12.3.1/thumb/v7e-m+fp/hard/libgcc.a(_aeabi_uldivmod.o)
                0x080001fc                __aeabi_uldivmod
 .text          0x0800022c      0x2bc /home/ddeejjvviidd/st/stm32cubeide_1.16.1/plugins/com.st.stm32cube.ide.mcu.externaltools.gnu-tools-for-stm32.12.3.rel1.linux64_1.0.200.202406132123/tools/bin/../lib/gcc/arm-none-eabi/12.3.1/thumb/v7e-m+fp/hard/libgcc.a(_udivmoddi4.o)
                0x0800022c                __udivmoddi4
 .text          0x080004e8        0x4 /home/ddeejjvviidd/st/stm32cubeide_1.16.1/plugins/com.st.stm32cube.ide.mcu.externaltools.gnu-tools-for-stm32.12.3.rel1.linux64_1.0.200.202406132123/tools/bin/../lib/gcc/arm-none-eabi/12.3.1/thumb/v7e-m+fp/hard/libgcc.a(_dvmd_tls.o)
                0x080004e8                __aeabi_ldiv0
                0x080004e8                __aeabi_idiv0
 *(.text*)
 .text.MX_ADC1_Init
                0x080004ec       0xec ./Core/Src/adc.o
                0x080004ec                MX_ADC1_Init
 .text.HAL_ADC_MspInit
                0x080005d8      0x140 ./Core/Src/adc.o
                0x080005d8                HAL_ADC_MspInit
 .text.MX_DMA_Init
                0x08000718       0xb8 ./Core/Src/dma.o
                0x08000718                MX_DMA_Init
 .text.MX_GPIO_Init
                0x080007d0      0x17c ./Core/Src/gpio.o
                0x080007d0                MX_GPIO_Init
 .text.HAL_GPIO_EXTI_Callback
                0x0800094c       0x58 ./Core/Src/gpio.o
                0x0800094c                HAL_GPIO_EXTI_Callback
 .text.comms_reset_active_buffer
                0x080009a4       0x2c ./Core/Src/main.o
                0x080009a4                comms_reset_active_buffer
 .text.comms_init
                0x080009d0       0x38 ./Core/Src/main.o
                0x080009d0                comms_init
 .text.comms_purge_id_register
                0x08000a08       0x18 ./Core/Src/main.o
                0x08000a08                comms_purge_id_register
 .text.comms_find_existing_data
                0x08000a20       0x34 ./Core/Src/main.o
                0x08000a20                comms_find_existing_data
 .text.comms_increment_active_buffer_data
                0x08000a54       0x28 ./Core/Src/main.o
                0x08000a54                comms_increment_active_buffer_data
 .text.comms_append_int32
                0x08000a7c       0x90 ./Core/Src/main.o
                0x08000a7c                comms_append_int32
 .text.comms_switch_buffers
                0x08000b0c       0x5c ./Core/Src/main.o
                0x08000b0c                comms_switch_buffers
 .text.comms_send
                0x08000b68       0x74 ./Core/Src/main.o
                0x08000b68                comms_send
 .text.m2s_Process
                0x08000bdc       0x60 ./Core/Src/main.o
                0x08000bdc                m2s_Process
 .text.USB_My_Receive
                0x08000c3c       0xa4 ./Core/Src/main.o
                0x08000c3c                USB_My_Receive
 .text.HAL_TIM_PeriodElapsedCallback
                0x08000ce0       0x38 ./Core/Src/main.o
                0x08000ce0                HAL_TIM_PeriodElapsedCallback
 .text.DataReceive_MTLB_Callback
                0x08000d18       0x22 ./Core/Src/main.o
                0x08000d18                DataReceive_MTLB_Callback
 *fill*         0x08000d3a        0x2 
 .text.myDmaFunction
                0x08000d3c       0x34 ./Core/Src/main.o
                0x08000d3c                myDmaFunction
 .text.HAL_ADC_ConvCpltCallback
                0x08000d70      0x17c ./Core/Src/main.o
                0x08000d70                HAL_ADC_ConvCpltCallback
 .text.HAL_ADC_ConvHalfCpltCallback
                0x08000eec       0x14 ./Core/Src/main.o
                0x08000eec                HAL_ADC_ConvHalfCpltCallback
 .text.main     0x08000f00      0x130 ./Core/Src/main.o
                0x08000f00                main
 .text.SystemClock_Config
                0x08001030       0xa6 ./Core/Src/main.o
                0x08001030                SystemClock_Config
 .text.Error_Handler
                0x080010d6        0xc ./Core/Src/main.o
                0x080010d6                Error_Handler
 *fill*         0x080010e2        0x2 
 .text.HAL_MspInit
                0x080010e4       0x48 ./Core/Src/stm32l4xx_hal_msp.o
                0x080010e4                HAL_MspInit
 .text.NMI_Handler
                0x0800112c        0x8 ./Core/Src/stm32l4xx_it.o
                0x0800112c                NMI_Handler
 .text.HardFault_Handler
                0x08001134        0x8 ./Core/Src/stm32l4xx_it.o
                0x08001134                HardFault_Handler
 .text.MemManage_Handler
                0x0800113c        0x8 ./Core/Src/stm32l4xx_it.o
                0x0800113c                MemManage_Handler
 .text.BusFault_Handler
                0x08001144        0x8 ./Core/Src/stm32l4xx_it.o
                0x08001144                BusFault_Handler
 .text.UsageFault_Handler
                0x0800114c        0x8 ./Core/Src/stm32l4xx_it.o
                0x0800114c                UsageFault_Handler
 .text.SVC_Handler
                0x08001154        0xe ./Core/Src/stm32l4xx_it.o
                0x08001154                SVC_Handler
 .text.DebugMon_Handler
                0x08001162        0xe ./Core/Src/stm32l4xx_it.o
                0x08001162                DebugMon_Handler
 .text.PendSV_Handler
                0x08001170        0xe ./Core/Src/stm32l4xx_it.o
                0x08001170                PendSV_Handler
 .text.SysTick_Handler
                0x0800117e        0xc ./Core/Src/stm32l4xx_it.o
                0x0800117e                SysTick_Handler
 *fill*         0x0800118a        0x2 
 .text.DMA1_Channel1_IRQHandler
                0x0800118c       0x14 ./Core/Src/stm32l4xx_it.o
                0x0800118c                DMA1_Channel1_IRQHandler
 .text.DMA1_Channel2_IRQHandler
                0x080011a0       0x14 ./Core/Src/stm32l4xx_it.o
                0x080011a0                DMA1_Channel2_IRQHandler
 .text.ADC1_IRQHandler
                0x080011b4       0x14 ./Core/Src/stm32l4xx_it.o
                0x080011b4                ADC1_IRQHandler
 .text.TIM3_IRQHandler
                0x080011c8       0x14 ./Core/Src/stm32l4xx_it.o
                0x080011c8                TIM3_IRQHandler
 .text.EXTI15_10_IRQHandler
                0x080011dc       0x10 ./Core/Src/stm32l4xx_it.o
                0x080011dc                EXTI15_10_IRQHandler
 .text.TIM6_DAC_IRQHandler
                0x080011ec       0x14 ./Core/Src/stm32l4xx_it.o
                0x080011ec                TIM6_DAC_IRQHandler
 .text.OTG_FS_IRQHandler
                0x08001200       0x14 ./Core/Src/stm32l4xx_it.o
                0x08001200                OTG_FS_IRQHandler
 .text.SystemInit
                0x08001214       0x24 ./Core/Src/system_stm32l4xx.o
                0x08001214                SystemInit
 .text.MX_TIM3_Init
                0x08001238       0x9c ./Core/Src/tim.o
                0x08001238                MX_TIM3_Init
 .text.MX_TIM5_Init
                0x080012d4       0x9c ./Core/Src/tim.o
                0x080012d4                MX_TIM5_Init
 .text.MX_TIM6_Init
                0x08001370       0x70 ./Core/Src/tim.o
                0x08001370                MX_TIM6_Init
 .text.HAL_TIM_Base_MspInit
                0x080013e0       0xac ./Core/Src/tim.o
                0x080013e0                HAL_TIM_Base_MspInit
 .text.MX_LPUART1_UART_Init
                0x0800148c       0x9c ./Core/Src/usart.o
                0x0800148c                MX_LPUART1_UART_Init
 .text.MX_USART3_UART_Init
                0x08001528       0x98 ./Core/Src/usart.o
                0x08001528                MX_USART3_UART_Init
 .text.HAL_UART_MspInit
                0x080015c0      0x14c ./Core/Src/usart.o
                0x080015c0                HAL_UART_MspInit
 .text.Reset_Handler
                0x0800170c       0x50 ./Core/Startup/startup_stm32l4r5zitx.o
                0x0800170c                Reset_Handler
 .text.Default_Handler
                0x0800175c        0x2 ./Core/Startup/startup_stm32l4r5zitx.o
                0x0800175c                RTC_Alarm_IRQHandler
                0x0800175c                EXTI2_IRQHandler
                0x0800175c                TIM8_TRG_COM_IRQHandler
                0x0800175c                TIM8_CC_IRQHandler
                0x0800175c                TIM1_CC_IRQHandler
                0x0800175c                TSC_IRQHandler
                0x0800175c                TAMP_STAMP_IRQHandler
                0x0800175c                EXTI3_IRQHandler
                0x0800175c                LPTIM2_IRQHandler
                0x0800175c                DFSDM1_FLT1_IRQHandler
                0x0800175c                GFXMMU_IRQHandler
                0x0800175c                I2C3_ER_IRQHandler
                0x0800175c                DFSDM1_FLT2_IRQHandler
                0x0800175c                EXTI0_IRQHandler
                0x0800175c                I2C2_EV_IRQHandler
                0x0800175c                CAN1_RX0_IRQHandler
                0x0800175c                FPU_IRQHandler
                0x0800175c                TIM1_UP_TIM16_IRQHandler
                0x0800175c                LTDC_ER_IRQHandler
                0x0800175c                SPI1_IRQHandler
                0x0800175c                OCTOSPI1_IRQHandler
                0x0800175c                DCMI_IRQHandler
                0x0800175c                TIM8_UP_IRQHandler
                0x0800175c                OCTOSPI2_IRQHandler
                0x0800175c                DMA2_Channel2_IRQHandler
                0x0800175c                DMA1_Channel4_IRQHandler
                0x0800175c                SAI2_IRQHandler
                0x0800175c                DFSDM1_FLT3_IRQHandler
                0x0800175c                USART3_IRQHandler
                0x0800175c                DMA1_Channel7_IRQHandler
                0x0800175c                CAN1_RX1_IRQHandler
                0x0800175c                UART5_IRQHandler
                0x0800175c                TIM4_IRQHandler
                0x0800175c                DMA2_Channel1_IRQHandler
                0x0800175c                I2C1_EV_IRQHandler
                0x0800175c                DMAMUX1_OVR_IRQHandler
                0x0800175c                DMA1_Channel6_IRQHandler
                0x0800175c                UART4_IRQHandler
                0x0800175c                DMA2_Channel4_IRQHandler
                0x0800175c                RCC_IRQHandler
                0x0800175c                Default_Handler
                0x0800175c                DMA2_Channel7_IRQHandler
                0x0800175c                TIM7_IRQHandler
                0x0800175c                SDMMC1_IRQHandler
                0x0800175c                TIM5_IRQHandler
                0x0800175c                I2C3_EV_IRQHandler
                0x0800175c                EXTI9_5_IRQHandler
                0x0800175c                RTC_WKUP_IRQHandler
                0x0800175c                LTDC_IRQHandler
                0x0800175c                PVD_PVM_IRQHandler
                0x0800175c                SPI2_IRQHandler
                0x0800175c                CAN1_TX_IRQHandler
                0x0800175c                DMA2_Channel5_IRQHandler
                0x0800175c                CRS_IRQHandler
                0x0800175c                DMA1_Channel5_IRQHandler
                0x0800175c                EXTI4_IRQHandler
                0x0800175c                RNG_IRQHandler
                0x0800175c                TIM1_TRG_COM_TIM17_IRQHandler
                0x0800175c                DMA1_Channel3_IRQHandler
                0x0800175c                COMP_IRQHandler
                0x0800175c                WWDG_IRQHandler
                0x0800175c                I2C4_EV_IRQHandler
                0x0800175c                LPUART1_IRQHandler
                0x0800175c                DMA2_Channel6_IRQHandler
                0x0800175c                TIM2_IRQHandler
                0x0800175c                DMA2D_IRQHandler
                0x0800175c                EXTI1_IRQHandler
                0x0800175c                USART2_IRQHandler
                0x0800175c                DFSDM1_FLT0_IRQHandler
                0x0800175c                I2C2_ER_IRQHandler
                0x0800175c                TIM8_BRK_IRQHandler
                0x0800175c                CAN1_SCE_IRQHandler
                0x0800175c                FLASH_IRQHandler
                0x0800175c                USART1_IRQHandler
                0x0800175c                SPI3_IRQHandler
                0x0800175c                I2C1_ER_IRQHandler
                0x0800175c                FMC_IRQHandler
                0x0800175c                LPTIM1_IRQHandler
                0x0800175c                I2C4_ER_IRQHandler
                0x0800175c                SAI1_IRQHandler
                0x0800175c                DMA2_Channel3_IRQHandler
                0x0800175c                TIM1_BRK_TIM15_IRQHandler
 .text.HAL_Init
                0x0800175e       0x30 ./Drivers/STM32L4xx_HAL_Driver/Src/stm32l4xx_hal.o
                0x0800175e                HAL_Init
 *fill*         0x0800178e        0x2 
 .text.HAL_InitTick
                0x08001790       0x78 ./Drivers/STM32L4xx_HAL_Driver/Src/stm32l4xx_hal.o
                0x08001790                HAL_InitTick
 .text.HAL_IncTick
                0x08001808       0x28 ./Drivers/STM32L4xx_HAL_Driver/Src/stm32l4xx_hal.o
                0x08001808                HAL_IncTick
 .text.HAL_GetTick
                0x08001830       0x18 ./Drivers/STM32L4xx_HAL_Driver/Src/stm32l4xx_hal.o
                0x08001830                HAL_GetTick
 .text.HAL_Delay
                0x08001848       0x48 ./Drivers/STM32L4xx_HAL_Driver/Src/stm32l4xx_hal.o
                0x08001848                HAL_Delay
 .text.LL_ADC_SetCommonClock
                0x08001890       0x26 ./Drivers/STM32L4xx_HAL_Driver/Src/stm32l4xx_hal_adc.o
 .text.LL_ADC_SetCommonPathInternalCh
                0x080018b6       0x26 ./Drivers/STM32L4xx_HAL_Driver/Src/stm32l4xx_hal_adc.o
 .text.LL_ADC_GetCommonPathInternalCh
                0x080018dc       0x1c ./Drivers/STM32L4xx_HAL_Driver/Src/stm32l4xx_hal_adc.o
 .text.LL_ADC_SetOffset
                0x080018f8       0x48 ./Drivers/STM32L4xx_HAL_Driver/Src/stm32l4xx_hal_adc.o
 .text.LL_ADC_GetOffsetChannel
                0x08001940       0x2c ./Drivers/STM32L4xx_HAL_Driver/Src/stm32l4xx_hal_adc.o
 .text.LL_ADC_SetOffsetState
                0x0800196c       0x36 ./Drivers/STM32L4xx_HAL_Driver/Src/stm32l4xx_hal_adc.o
 .text.LL_ADC_SetSamplingTimeCommonConfig
                0x080019a2       0x26 ./Drivers/STM32L4xx_HAL_Driver/Src/stm32l4xx_hal_adc.o
 .text.LL_ADC_REG_IsTriggerSourceSWStart
                0x080019c8       0x26 ./Drivers/STM32L4xx_HAL_Driver/Src/stm32l4xx_hal_adc.o
 .text.LL_ADC_REG_SetSequencerRanks
                0x080019ee       0x58 ./Drivers/STM32L4xx_HAL_Driver/Src/stm32l4xx_hal_adc.o
 .text.LL_ADC_INJ_IsTriggerSourceSWStart
                0x08001a46       0x26 ./Drivers/STM32L4xx_HAL_Driver/Src/stm32l4xx_hal_adc.o
 .text.LL_ADC_SetChannelSamplingTime
                0x08001a6c       0x56 ./Drivers/STM32L4xx_HAL_Driver/Src/stm32l4xx_hal_adc.o
 *fill*         0x08001ac2        0x2 
 .text.LL_ADC_SetChannelSingleDiff
                0x08001ac4       0x48 ./Drivers/STM32L4xx_HAL_Driver/Src/stm32l4xx_hal_adc.o
 .text.LL_ADC_DisableDeepPowerDown
                0x08001b0c       0x24 ./Drivers/STM32L4xx_HAL_Driver/Src/stm32l4xx_hal_adc.o
 .text.LL_ADC_IsDeepPowerDownEnabled
                0x08001b30       0x28 ./Drivers/STM32L4xx_HAL_Driver/Src/stm32l4xx_hal_adc.o
 .text.LL_ADC_EnableInternalRegulator
                0x08001b58       0x28 ./Drivers/STM32L4xx_HAL_Driver/Src/stm32l4xx_hal_adc.o
 .text.LL_ADC_IsInternalRegulatorEnabled
                0x08001b80       0x28 ./Drivers/STM32L4xx_HAL_Driver/Src/stm32l4xx_hal_adc.o
 .text.LL_ADC_Enable
                0x08001ba8       0x28 ./Drivers/STM32L4xx_HAL_Driver/Src/stm32l4xx_hal_adc.o
 .text.LL_ADC_Disable
                0x08001bd0       0x28 ./Drivers/STM32L4xx_HAL_Driver/Src/stm32l4xx_hal_adc.o
 .text.LL_ADC_IsEnabled
                0x08001bf8       0x26 ./Drivers/STM32L4xx_HAL_Driver/Src/stm32l4xx_hal_adc.o
 .text.LL_ADC_IsDisableOngoing
                0x08001c1e       0x26 ./Drivers/STM32L4xx_HAL_Driver/Src/stm32l4xx_hal_adc.o
 .text.LL_ADC_REG_StartConversion
                0x08001c44       0x28 ./Drivers/STM32L4xx_HAL_Driver/Src/stm32l4xx_hal_adc.o
 .text.LL_ADC_REG_IsConversionOngoing
                0x08001c6c       0x26 ./Drivers/STM32L4xx_HAL_Driver/Src/stm32l4xx_hal_adc.o
 .text.LL_ADC_INJ_IsConversionOngoing
                0x08001c92       0x26 ./Drivers/STM32L4xx_HAL_Driver/Src/stm32l4xx_hal_adc.o
 .text.HAL_ADC_Init
                0x08001cb8      0x28c ./Drivers/STM32L4xx_HAL_Driver/Src/stm32l4xx_hal_adc.o
                0x08001cb8                HAL_ADC_Init
 .text.HAL_ADC_Start_DMA
                0x08001f44      0x108 ./Drivers/STM32L4xx_HAL_Driver/Src/stm32l4xx_hal_adc.o
                0x08001f44                HAL_ADC_Start_DMA
 .text.HAL_ADC_IRQHandler
                0x0800204c      0x368 ./Drivers/STM32L4xx_HAL_Driver/Src/stm32l4xx_hal_adc.o
                0x0800204c                HAL_ADC_IRQHandler
 .text.HAL_ADC_LevelOutOfWindowCallback
                0x080023b4       0x14 ./Drivers/STM32L4xx_HAL_Driver/Src/stm32l4xx_hal_adc.o
                0x080023b4                HAL_ADC_LevelOutOfWindowCallback
 .text.HAL_ADC_ErrorCallback
                0x080023c8       0x14 ./Drivers/STM32L4xx_HAL_Driver/Src/stm32l4xx_hal_adc.o
                0x080023c8                HAL_ADC_ErrorCallback
 .text.HAL_ADC_ConfigChannel
                0x080023dc      0x7f8 ./Drivers/STM32L4xx_HAL_Driver/Src/stm32l4xx_hal_adc.o
                0x080023dc                HAL_ADC_ConfigChannel
 .text.ADC_Enable
                0x08002bd4      0x10c ./Drivers/STM32L4xx_HAL_Driver/Src/stm32l4xx_hal_adc.o
                0x08002bd4                ADC_Enable
 .text.ADC_Disable
                0x08002ce0       0xbe ./Drivers/STM32L4xx_HAL_Driver/Src/stm32l4xx_hal_adc.o
                0x08002ce0                ADC_Disable
 .text.ADC_DMAConvCplt
                0x08002d9e       0xd8 ./Drivers/STM32L4xx_HAL_Driver/Src/stm32l4xx_hal_adc.o
                0x08002d9e                ADC_DMAConvCplt
 .text.ADC_DMAHalfConvCplt
                0x08002e76       0x1c ./Drivers/STM32L4xx_HAL_Driver/Src/stm32l4xx_hal_adc.o
                0x08002e76                ADC_DMAHalfConvCplt
 .text.ADC_DMAError
                0x08002e92       0x34 ./Drivers/STM32L4xx_HAL_Driver/Src/stm32l4xx_hal_adc.o
                0x08002e92                ADC_DMAError
 .text.LL_ADC_StartCalibration
                0x08002ec6       0x32 ./Drivers/STM32L4xx_HAL_Driver/Src/stm32l4xx_hal_adc_ex.o
 .text.LL_ADC_IsCalibrationOnGoing
                0x08002ef8       0x28 ./Drivers/STM32L4xx_HAL_Driver/Src/stm32l4xx_hal_adc_ex.o
 .text.HAL_ADCEx_Calibration_Start
                0x08002f20       0xc0 ./Drivers/STM32L4xx_HAL_Driver/Src/stm32l4xx_hal_adc_ex.o
                0x08002f20                HAL_ADCEx_Calibration_Start
 .text.HAL_ADCEx_InjectedConvCpltCallback
                0x08002fe0       0x14 ./Drivers/STM32L4xx_HAL_Driver/Src/stm32l4xx_hal_adc_ex.o
                0x08002fe0                HAL_ADCEx_InjectedConvCpltCallback
 .text.HAL_ADCEx_InjectedQueueOverflowCallback
                0x08002ff4       0x14 ./Drivers/STM32L4xx_HAL_Driver/Src/stm32l4xx_hal_adc_ex.o
                0x08002ff4                HAL_ADCEx_InjectedQueueOverflowCallback
 .text.HAL_ADCEx_LevelOutOfWindow2Callback
                0x08003008       0x14 ./Drivers/STM32L4xx_HAL_Driver/Src/stm32l4xx_hal_adc_ex.o
                0x08003008                HAL_ADCEx_LevelOutOfWindow2Callback
 .text.HAL_ADCEx_LevelOutOfWindow3Callback
                0x0800301c       0x14 ./Drivers/STM32L4xx_HAL_Driver/Src/stm32l4xx_hal_adc_ex.o
                0x0800301c                HAL_ADCEx_LevelOutOfWindow3Callback
 .text.HAL_ADCEx_EndOfSamplingCallback
                0x08003030       0x14 ./Drivers/STM32L4xx_HAL_Driver/Src/stm32l4xx_hal_adc_ex.o
                0x08003030                HAL_ADCEx_EndOfSamplingCallback
 .text.__NVIC_SetPriorityGrouping
                0x08003044       0x48 ./Drivers/STM32L4xx_HAL_Driver/Src/stm32l4xx_hal_cortex.o
 .text.__NVIC_GetPriorityGrouping
                0x0800308c       0x1c ./Drivers/STM32L4xx_HAL_Driver/Src/stm32l4xx_hal_cortex.o
 .text.__NVIC_EnableIRQ
                0x080030a8       0x3c ./Drivers/STM32L4xx_HAL_Driver/Src/stm32l4xx_hal_cortex.o
 .text.__NVIC_SetPriority
                0x080030e4       0x54 ./Drivers/STM32L4xx_HAL_Driver/Src/stm32l4xx_hal_cortex.o
 .text.NVIC_EncodePriority
                0x08003138       0x66 ./Drivers/STM32L4xx_HAL_Driver/Src/stm32l4xx_hal_cortex.o
 *fill*         0x0800319e        0x2 
 .text.SysTick_Config
                0x080031a0       0x44 ./Drivers/STM32L4xx_HAL_Driver/Src/stm32l4xx_hal_cortex.o
 .text.HAL_NVIC_SetPriorityGrouping
                0x080031e4       0x16 ./Drivers/STM32L4xx_HAL_Driver/Src/stm32l4xx_hal_cortex.o
                0x080031e4                HAL_NVIC_SetPriorityGrouping
 .text.HAL_NVIC_SetPriority
                0x080031fa       0x38 ./Drivers/STM32L4xx_HAL_Driver/Src/stm32l4xx_hal_cortex.o
                0x080031fa                HAL_NVIC_SetPriority
 .text.HAL_NVIC_EnableIRQ
                0x08003232       0x1c ./Drivers/STM32L4xx_HAL_Driver/Src/stm32l4xx_hal_cortex.o
                0x08003232                HAL_NVIC_EnableIRQ
 .text.HAL_SYSTICK_Config
                0x0800324e       0x18 ./Drivers/STM32L4xx_HAL_Driver/Src/stm32l4xx_hal_cortex.o
                0x0800324e                HAL_SYSTICK_Config
 *fill*         0x08003266        0x2 
 .text.HAL_DMA_Init
                0x08003268      0x150 ./Drivers/STM32L4xx_HAL_Driver/Src/stm32l4xx_hal_dma.o
                0x08003268                HAL_DMA_Init
 .text.HAL_DMA_Start_IT
                0x080033b8       0xf6 ./Drivers/STM32L4xx_HAL_Driver/Src/stm32l4xx_hal_dma.o
                0x080033b8                HAL_DMA_Start_IT
 .text.HAL_DMA_IRQHandler
                0x080034ae      0x15e ./Drivers/STM32L4xx_HAL_Driver/Src/stm32l4xx_hal_dma.o
                0x080034ae                HAL_DMA_IRQHandler
 .text.HAL_DMA_RegisterCallback
                0x0800360c       0x90 ./Drivers/STM32L4xx_HAL_Driver/Src/stm32l4xx_hal_dma.o
                0x0800360c                HAL_DMA_RegisterCallback
 .text.DMA_SetConfig
                0x0800369c       0x7c ./Drivers/STM32L4xx_HAL_Driver/Src/stm32l4xx_hal_dma.o
 .text.DMA_CalcDMAMUXChannelBaseAndMask
                0x08003718       0x7c ./Drivers/STM32L4xx_HAL_Driver/Src/stm32l4xx_hal_dma.o
 .text.DMA_CalcDMAMUXRequestGenBaseAndMask
                0x08003794       0x48 ./Drivers/STM32L4xx_HAL_Driver/Src/stm32l4xx_hal_dma.o
 .text.HAL_GPIO_Init
                0x080037dc      0x324 ./Drivers/STM32L4xx_HAL_Driver/Src/stm32l4xx_hal_gpio.o
                0x080037dc                HAL_GPIO_Init
 .text.HAL_GPIO_WritePin
                0x08003b00       0x30 ./Drivers/STM32L4xx_HAL_Driver/Src/stm32l4xx_hal_gpio.o
                0x08003b00                HAL_GPIO_WritePin
 .text.HAL_GPIO_TogglePin
                0x08003b30       0x34 ./Drivers/STM32L4xx_HAL_Driver/Src/stm32l4xx_hal_gpio.o
                0x08003b30                HAL_GPIO_TogglePin
 .text.HAL_GPIO_EXTI_IRQHandler
                0x08003b64       0x30 ./Drivers/STM32L4xx_HAL_Driver/Src/stm32l4xx_hal_gpio.o
                0x08003b64                HAL_GPIO_EXTI_IRQHandler
 .text.HAL_PCD_Init
                0x08003b94      0x248 ./Drivers/STM32L4xx_HAL_Driver/Src/stm32l4xx_hal_pcd.o
                0x08003b94                HAL_PCD_Init
 .text.HAL_PCD_Start
                0x08003ddc       0x5e ./Drivers/STM32L4xx_HAL_Driver/Src/stm32l4xx_hal_pcd.o
                0x08003ddc                HAL_PCD_Start
 .text.HAL_PCD_IRQHandler
                0x08003e3a      0x926 ./Drivers/STM32L4xx_HAL_Driver/Src/stm32l4xx_hal_pcd.o
                0x08003e3a                HAL_PCD_IRQHandler
 .text.HAL_PCD_SetAddress
                0x08004760       0x4a ./Drivers/STM32L4xx_HAL_Driver/Src/stm32l4xx_hal_pcd.o
                0x08004760                HAL_PCD_SetAddress
 .text.HAL_PCD_EP_Open
                0x080047aa       0xd0 ./Drivers/STM32L4xx_HAL_Driver/Src/stm32l4xx_hal_pcd.o
                0x080047aa                HAL_PCD_EP_Open
 .text.HAL_PCD_EP_Close
                0x0800487a       0x94 ./Drivers/STM32L4xx_HAL_Driver/Src/stm32l4xx_hal_pcd.o
                0x0800487a                HAL_PCD_EP_Close
 .text.HAL_PCD_EP_Receive
                0x0800490e       0x64 ./Drivers/STM32L4xx_HAL_Driver/Src/stm32l4xx_hal_pcd.o
                0x0800490e                HAL_PCD_EP_Receive
 .text.HAL_PCD_EP_GetRxCount
                0x08004972       0x30 ./Drivers/STM32L4xx_HAL_Driver/Src/stm32l4xx_hal_pcd.o
                0x08004972                HAL_PCD_EP_GetRxCount
 .text.HAL_PCD_EP_Transmit
                0x080049a2       0x62 ./Drivers/STM32L4xx_HAL_Driver/Src/stm32l4xx_hal_pcd.o
                0x080049a2                HAL_PCD_EP_Transmit
 .text.HAL_PCD_EP_SetStall
                0x08004a04       0xc4 ./Drivers/STM32L4xx_HAL_Driver/Src/stm32l4xx_hal_pcd.o
                0x08004a04                HAL_PCD_EP_SetStall
 .text.HAL_PCD_EP_ClrStall
                0x08004ac8       0xac ./Drivers/STM32L4xx_HAL_Driver/Src/stm32l4xx_hal_pcd.o
                0x08004ac8                HAL_PCD_EP_ClrStall
 .text.HAL_PCD_EP_Abort
                0x08004b74       0x62 ./Drivers/STM32L4xx_HAL_Driver/Src/stm32l4xx_hal_pcd.o
                0x08004b74                HAL_PCD_EP_Abort
 .text.PCD_WriteEmptyTxFifo
                0x08004bd6      0x110 ./Drivers/STM32L4xx_HAL_Driver/Src/stm32l4xx_hal_pcd.o
 *fill*         0x08004ce6        0x2 
 .text.PCD_EP_OutXfrComplete_int
                0x08004ce8       0x9c ./Drivers/STM32L4xx_HAL_Driver/Src/stm32l4xx_hal_pcd.o
 .text.PCD_EP_OutSetupPacket_int
                0x08004d84       0x68 ./Drivers/STM32L4xx_HAL_Driver/Src/stm32l4xx_hal_pcd.o
 .text.HAL_PCDEx_SetTxFiFo
                0x08004dec       0x8e ./Drivers/STM32L4xx_HAL_Driver/Src/stm32l4xx_hal_pcd_ex.o
                0x08004dec                HAL_PCDEx_SetTxFiFo
 .text.HAL_PCDEx_SetRxFiFo
                0x08004e7a       0x22 ./Drivers/STM32L4xx_HAL_Driver/Src/stm32l4xx_hal_pcd_ex.o
                0x08004e7a                HAL_PCDEx_SetRxFiFo
 .text.HAL_PCDEx_ActivateLPM
                0x08004e9c       0x48 ./Drivers/STM32L4xx_HAL_Driver/Src/stm32l4xx_hal_pcd_ex.o
                0x08004e9c                HAL_PCDEx_ActivateLPM
 .text.HAL_PWREx_GetVoltageRange
                0x08004ee4       0x40 ./Drivers/STM32L4xx_HAL_Driver/Src/stm32l4xx_hal_pwr_ex.o
                0x08004ee4                HAL_PWREx_GetVoltageRange
 .text.HAL_PWREx_ControlVoltageScaling
                0x08004f24      0x148 ./Drivers/STM32L4xx_HAL_Driver/Src/stm32l4xx_hal_pwr_ex.o
                0x08004f24                HAL_PWREx_ControlVoltageScaling
 .text.HAL_PWREx_EnableVddUSB
                0x0800506c       0x20 ./Drivers/STM32L4xx_HAL_Driver/Src/stm32l4xx_hal_pwr_ex.o
                0x0800506c                HAL_PWREx_EnableVddUSB
 .text.HAL_PWREx_EnableVddIO2
                0x0800508c       0x20 ./Drivers/STM32L4xx_HAL_Driver/Src/stm32l4xx_hal_pwr_ex.o
                0x0800508c                HAL_PWREx_EnableVddIO2
 .text.HAL_RCC_OscConfig
                0x080050ac      0x834 ./Drivers/STM32L4xx_HAL_Driver/Src/stm32l4xx_hal_rcc.o
                0x080050ac                HAL_RCC_OscConfig
 .text.HAL_RCC_ClockConfig
                0x080058e0      0x274 ./Drivers/STM32L4xx_HAL_Driver/Src/stm32l4xx_hal_rcc.o
                0x080058e0                HAL_RCC_ClockConfig
 .text.HAL_RCC_GetSysClockFreq
                0x08005b54      0x118 ./Drivers/STM32L4xx_HAL_Driver/Src/stm32l4xx_hal_rcc.o
                0x08005b54                HAL_RCC_GetSysClockFreq
 .text.HAL_RCC_GetHCLKFreq
                0x08005c6c       0x18 ./Drivers/STM32L4xx_HAL_Driver/Src/stm32l4xx_hal_rcc.o
                0x08005c6c                HAL_RCC_GetHCLKFreq
 .text.HAL_RCC_GetPCLK1Freq
                0x08005c84       0x2c ./Drivers/STM32L4xx_HAL_Driver/Src/stm32l4xx_hal_rcc.o
                0x08005c84                HAL_RCC_GetPCLK1Freq
 .text.HAL_RCC_GetPCLK2Freq
                0x08005cb0       0x2c ./Drivers/STM32L4xx_HAL_Driver/Src/stm32l4xx_hal_rcc.o
                0x08005cb0                HAL_RCC_GetPCLK2Freq
 .text.RCC_SetFlashLatencyFromMSIRange
                0x08005cdc       0xb4 ./Drivers/STM32L4xx_HAL_Driver/Src/stm32l4xx_hal_rcc.o
 .text.RCC_GetSysClockFreqFromPLLSource
                0x08005d90       0xcc ./Drivers/STM32L4xx_HAL_Driver/Src/stm32l4xx_hal_rcc.o
 .text.HAL_RCCEx_PeriphCLKConfig
                0x08005e5c      0x660 ./Drivers/STM32L4xx_HAL_Driver/Src/stm32l4xx_hal_rcc_ex.o
                0x08005e5c                HAL_RCCEx_PeriphCLKConfig
 .text.RCCEx_PLLSAI1_Config
                0x080064bc      0x1e8 ./Drivers/STM32L4xx_HAL_Driver/Src/stm32l4xx_hal_rcc_ex.o
 .text.RCCEx_PLLSAI2_Config
                0x080066a4      0x1e8 ./Drivers/STM32L4xx_HAL_Driver/Src/stm32l4xx_hal_rcc_ex.o
 .text.HAL_TIM_Base_Init
                0x0800688c       0xae ./Drivers/STM32L4xx_HAL_Driver/Src/stm32l4xx_hal_tim.o
                0x0800688c                HAL_TIM_Base_Init
 *fill*         0x0800693a        0x2 
 .text.HAL_TIM_Base_Start
                0x0800693c       0xd0 ./Drivers/STM32L4xx_HAL_Driver/Src/stm32l4xx_hal_tim.o
                0x0800693c                HAL_TIM_Base_Start
 .text.HAL_TIM_Base_Start_IT
                0x08006a0c       0xe0 ./Drivers/STM32L4xx_HAL_Driver/Src/stm32l4xx_hal_tim.o
                0x08006a0c                HAL_TIM_Base_Start_IT
 .text.HAL_TIM_IRQHandler
                0x08006aec      0x204 ./Drivers/STM32L4xx_HAL_Driver/Src/stm32l4xx_hal_tim.o
                0x08006aec                HAL_TIM_IRQHandler
 .text.HAL_TIM_ConfigClockSource
                0x08006cf0      0x192 ./Drivers/STM32L4xx_HAL_Driver/Src/stm32l4xx_hal_tim.o
                0x08006cf0                HAL_TIM_ConfigClockSource
 .text.HAL_TIM_OC_DelayElapsedCallback
                0x08006e82       0x14 ./Drivers/STM32L4xx_HAL_Driver/Src/stm32l4xx_hal_tim.o
                0x08006e82                HAL_TIM_OC_DelayElapsedCallback
 .text.HAL_TIM_IC_CaptureCallback
                0x08006e96       0x14 ./Drivers/STM32L4xx_HAL_Driver/Src/stm32l4xx_hal_tim.o
                0x08006e96                HAL_TIM_IC_CaptureCallback
 .text.HAL_TIM_PWM_PulseFinishedCallback
                0x08006eaa       0x14 ./Drivers/STM32L4xx_HAL_Driver/Src/stm32l4xx_hal_tim.o
                0x08006eaa                HAL_TIM_PWM_PulseFinishedCallback
 .text.HAL_TIM_TriggerCallback
                0x08006ebe       0x14 ./Drivers/STM32L4xx_HAL_Driver/Src/stm32l4xx_hal_tim.o
                0x08006ebe                HAL_TIM_TriggerCallback
 *fill*         0x08006ed2        0x2 
 .text.TIM_Base_SetConfig
                0x08006ed4      0x134 ./Drivers/STM32L4xx_HAL_Driver/Src/stm32l4xx_hal_tim.o
                0x08006ed4                TIM_Base_SetConfig
 .text.TIM_TI1_ConfigInputStage
                0x08007008       0x5e ./Drivers/STM32L4xx_HAL_Driver/Src/stm32l4xx_hal_tim.o
 .text.TIM_TI2_ConfigInputStage
                0x08007066       0x60 ./Drivers/STM32L4xx_HAL_Driver/Src/stm32l4xx_hal_tim.o
 .text.TIM_ITRx_SetConfig
                0x080070c6       0x36 ./Drivers/STM32L4xx_HAL_Driver/Src/stm32l4xx_hal_tim.o
 .text.TIM_ETR_SetConfig
                0x080070fc       0x40 ./Drivers/STM32L4xx_HAL_Driver/Src/stm32l4xx_hal_tim.o
                0x080070fc                TIM_ETR_SetConfig
 .text.HAL_TIMEx_MasterConfigSynchronization
                0x0800713c      0x110 ./Drivers/STM32L4xx_HAL_Driver/Src/stm32l4xx_hal_tim_ex.o
                0x0800713c                HAL_TIMEx_MasterConfigSynchronization
 .text.HAL_TIMEx_CommutCallback
                0x0800724c       0x14 ./Drivers/STM32L4xx_HAL_Driver/Src/stm32l4xx_hal_tim_ex.o
                0x0800724c                HAL_TIMEx_CommutCallback
 .text.HAL_TIMEx_BreakCallback
                0x08007260       0x14 ./Drivers/STM32L4xx_HAL_Driver/Src/stm32l4xx_hal_tim_ex.o
                0x08007260                HAL_TIMEx_BreakCallback
 .text.HAL_TIMEx_Break2Callback
                0x08007274       0x14 ./Drivers/STM32L4xx_HAL_Driver/Src/stm32l4xx_hal_tim_ex.o
                0x08007274                HAL_TIMEx_Break2Callback
 .text.HAL_UART_Init
                0x08007288       0xa0 ./Drivers/STM32L4xx_HAL_Driver/Src/stm32l4xx_hal_uart.o
                0x08007288                HAL_UART_Init
 .text.UART_SetConfig
                0x08007328      0x5f8 ./Drivers/STM32L4xx_HAL_Driver/Src/stm32l4xx_hal_uart.o
                0x08007328                UART_SetConfig
 .text.UART_AdvFeatureConfig
                0x08007920      0x144 ./Drivers/STM32L4xx_HAL_Driver/Src/stm32l4xx_hal_uart.o
                0x08007920                UART_AdvFeatureConfig
 .text.UART_CheckIdleState
                0x08007a64      0x154 ./Drivers/STM32L4xx_HAL_Driver/Src/stm32l4xx_hal_uart.o
                0x08007a64                UART_CheckIdleState
 .text.UART_WaitOnFlagUntilTimeout
                0x08007bb8       0xce ./Drivers/STM32L4xx_HAL_Driver/Src/stm32l4xx_hal_uart.o
                0x08007bb8                UART_WaitOnFlagUntilTimeout
 .text.UART_EndRxTransfer
                0x08007c86       0xcc ./Drivers/STM32L4xx_HAL_Driver/Src/stm32l4xx_hal_uart.o
 .text.HAL_UARTEx_DisableFifoMode
                0x08007d52       0x72 ./Drivers/STM32L4xx_HAL_Driver/Src/stm32l4xx_hal_uart_ex.o
                0x08007d52                HAL_UARTEx_DisableFifoMode
 .text.HAL_UARTEx_SetTxFifoThreshold
                0x08007dc4       0x7c ./Drivers/STM32L4xx_HAL_Driver/Src/stm32l4xx_hal_uart_ex.o
                0x08007dc4                HAL_UARTEx_SetTxFifoThreshold
 .text.HAL_UARTEx_SetRxFifoThreshold
                0x08007e40       0x7c ./Drivers/STM32L4xx_HAL_Driver/Src/stm32l4xx_hal_uart_ex.o
                0x08007e40                HAL_UARTEx_SetRxFifoThreshold
 .text.UARTEx_SetNbDataToProcess
                0x08007ebc       0x9c ./Drivers/STM32L4xx_HAL_Driver/Src/stm32l4xx_hal_uart_ex.o
 .text.USB_CoreInit
                0x08007f58       0x58 ./Drivers/STM32L4xx_HAL_Driver/Src/stm32l4xx_ll_usb.o
                0x08007f58                USB_CoreInit
 .text.USB_SetTurnaroundTime
                0x08007fb0      0x138 ./Drivers/STM32L4xx_HAL_Driver/Src/stm32l4xx_ll_usb.o
                0x08007fb0                USB_SetTurnaroundTime
 .text.USB_EnableGlobalInt
                0x080080e8       0x22 ./Drivers/STM32L4xx_HAL_Driver/Src/stm32l4xx_ll_usb.o
                0x080080e8                USB_EnableGlobalInt
 .text.USB_DisableGlobalInt
                0x0800810a       0x22 ./Drivers/STM32L4xx_HAL_Driver/Src/stm32l4xx_ll_usb.o
                0x0800810a                USB_DisableGlobalInt
 .text.USB_SetCurrentMode
                0x0800812c       0x98 ./Drivers/STM32L4xx_HAL_Driver/Src/stm32l4xx_ll_usb.o
                0x0800812c                USB_SetCurrentMode
 .text.USB_DevInit
                0x080081c4      0x284 ./Drivers/STM32L4xx_HAL_Driver/Src/stm32l4xx_ll_usb.o
                0x080081c4                USB_DevInit
 .text.USB_FlushTxFifo
                0x08008448       0x68 ./Drivers/STM32L4xx_HAL_Driver/Src/stm32l4xx_ll_usb.o
                0x08008448                USB_FlushTxFifo
 .text.USB_FlushRxFifo
                0x080084b0       0x60 ./Drivers/STM32L4xx_HAL_Driver/Src/stm32l4xx_ll_usb.o
                0x080084b0                USB_FlushRxFifo
 .text.USB_SetDevSpeed
                0x08008510       0x32 ./Drivers/STM32L4xx_HAL_Driver/Src/stm32l4xx_ll_usb.o
                0x08008510                USB_SetDevSpeed
 .text.USB_GetDevSpeed
                0x08008542       0x3e ./Drivers/STM32L4xx_HAL_Driver/Src/stm32l4xx_ll_usb.o
                0x08008542                USB_GetDevSpeed
 .text.USB_ActivateEndpoint
                0x08008580      0x10e ./Drivers/STM32L4xx_HAL_Driver/Src/stm32l4xx_ll_usb.o
                0x08008580                USB_ActivateEndpoint
 *fill*         0x0800868e        0x2 
 .text.USB_DeactivateEndpoint
                0x08008690      0x1b8 ./Drivers/STM32L4xx_HAL_Driver/Src/stm32l4xx_ll_usb.o
                0x08008690                USB_DeactivateEndpoint
 .text.USB_EPStartXfer
                0x08008848      0x464 ./Drivers/STM32L4xx_HAL_Driver/Src/stm32l4xx_ll_usb.o
                0x08008848                USB_EPStartXfer
 .text.USB_EPStopXfer
                0x08008cac      0x154 ./Drivers/STM32L4xx_HAL_Driver/Src/stm32l4xx_ll_usb.o
                0x08008cac                USB_EPStopXfer
 .text.USB_WritePacket
                0x08008e00       0x74 ./Drivers/STM32L4xx_HAL_Driver/Src/stm32l4xx_ll_usb.o
                0x08008e00                USB_WritePacket
 .text.USB_ReadPacket
                0x08008e74       0xb0 ./Drivers/STM32L4xx_HAL_Driver/Src/stm32l4xx_ll_usb.o
                0x08008e74                USB_ReadPacket
 .text.USB_EPSetStall
                0x08008f24       0xdc ./Drivers/STM32L4xx_HAL_Driver/Src/stm32l4xx_ll_usb.o
                0x08008f24                USB_EPSetStall
 .text.USB_EPClearStall
                0x08009000       0xcc ./Drivers/STM32L4xx_HAL_Driver/Src/stm32l4xx_ll_usb.o
                0x08009000                USB_EPClearStall
 .text.USB_SetDevAddress
                0x080090cc       0x4c ./Drivers/STM32L4xx_HAL_Driver/Src/stm32l4xx_ll_usb.o
                0x080090cc                USB_SetDevAddress
 .text.USB_DevConnect
                0x08009118       0x42 ./Drivers/STM32L4xx_HAL_Driver/Src/stm32l4xx_ll_usb.o
                0x08009118                USB_DevConnect
 .text.USB_DevDisconnect
                0x0800915a       0x42 ./Drivers/STM32L4xx_HAL_Driver/Src/stm32l4xx_ll_usb.o
                0x0800915a                USB_DevDisconnect
 .text.USB_ReadInterrupts
                0x0800919c       0x26 ./Drivers/STM32L4xx_HAL_Driver/Src/stm32l4xx_ll_usb.o
                0x0800919c                USB_ReadInterrupts
 .text.USB_ReadDevAllOutEpInterrupt
                0x080091c2       0x34 ./Drivers/STM32L4xx_HAL_Driver/Src/stm32l4xx_ll_usb.o
                0x080091c2                USB_ReadDevAllOutEpInterrupt
 .text.USB_ReadDevAllInEpInterrupt
                0x080091f6       0x34 ./Drivers/STM32L4xx_HAL_Driver/Src/stm32l4xx_ll_usb.o
                0x080091f6                USB_ReadDevAllInEpInterrupt
 .text.USB_ReadDevOutEPInterrupt
                0x0800922a       0x3c ./Drivers/STM32L4xx_HAL_Driver/Src/stm32l4xx_ll_usb.o
                0x0800922a                USB_ReadDevOutEPInterrupt
 .text.USB_ReadDevInEPInterrupt
                0x08009266       0x5c ./Drivers/STM32L4xx_HAL_Driver/Src/stm32l4xx_ll_usb.o
                0x08009266                USB_ReadDevInEPInterrupt
 .text.USB_GetMode
                0x080092c2       0x1c ./Drivers/STM32L4xx_HAL_Driver/Src/stm32l4xx_ll_usb.o
                0x080092c2                USB_GetMode
 .text.USB_ActivateSetup
                0x080092de       0x46 ./Drivers/STM32L4xx_HAL_Driver/Src/stm32l4xx_ll_usb.o
                0x080092de                USB_ActivateSetup
 .text.USB_EP0_OutStart
                0x08009324       0x90 ./Drivers/STM32L4xx_HAL_Driver/Src/stm32l4xx_ll_usb.o
                0x08009324                USB_EP0_OutStart
 .text.USB_CoreReset
                0x080093b4       0x68 ./Drivers/STM32L4xx_HAL_Driver/Src/stm32l4xx_ll_usb.o
 .text.USBD_CDC_Init
                0x0800941c      0x1f0 ./Middlewares/ST/STM32_USB_Device_Library/Class/CDC/Src/usbd_cdc.o
 .text.USBD_CDC_DeInit
                0x0800960c      0x104 ./Middlewares/ST/STM32_USB_Device_Library/Class/CDC/Src/usbd_cdc.o
 .text.USBD_CDC_Setup
                0x08009710      0x1b8 ./Middlewares/ST/STM32_USB_Device_Library/Class/CDC/Src/usbd_cdc.o
 .text.USBD_CDC_DataIn
                0x080098c8       0xfe ./Middlewares/ST/STM32_USB_Device_Library/Class/CDC/Src/usbd_cdc.o
 .text.USBD_CDC_DataOut
                0x080099c6       0x70 ./Middlewares/ST/STM32_USB_Device_Library/Class/CDC/Src/usbd_cdc.o
 .text.USBD_CDC_EP0_RxReady
                0x08009a36       0x74 ./Middlewares/ST/STM32_USB_Device_Library/Class/CDC/Src/usbd_cdc.o
 *fill*         0x08009aaa        0x2 
 .text.USBD_CDC_GetFSCfgDesc
                0x08009aac       0x70 ./Middlewares/ST/STM32_USB_Device_Library/Class/CDC/Src/usbd_cdc.o
 .text.USBD_CDC_GetHSCfgDesc
                0x08009b1c       0x70 ./Middlewares/ST/STM32_USB_Device_Library/Class/CDC/Src/usbd_cdc.o
 .text.USBD_CDC_GetOtherSpeedCfgDesc
                0x08009b8c       0x70 ./Middlewares/ST/STM32_USB_Device_Library/Class/CDC/Src/usbd_cdc.o
 .text.USBD_CDC_GetDeviceQualifierDescriptor
                0x08009bfc       0x20 ./Middlewares/ST/STM32_USB_Device_Library/Class/CDC/Src/usbd_cdc.o
                0x08009bfc                USBD_CDC_GetDeviceQualifierDescriptor
 .text.USBD_CDC_RegisterInterface
                0x08009c1c       0x34 ./Middlewares/ST/STM32_USB_Device_Library/Class/CDC/Src/usbd_cdc.o
                0x08009c1c                USBD_CDC_RegisterInterface
 .text.USBD_CDC_SetTxBuffer
                0x08009c50       0x44 ./Middlewares/ST/STM32_USB_Device_Library/Class/CDC/Src/usbd_cdc.o
                0x08009c50                USBD_CDC_SetTxBuffer
 .text.USBD_CDC_SetRxBuffer
                0x08009c94       0x3a ./Middlewares/ST/STM32_USB_Device_Library/Class/CDC/Src/usbd_cdc.o
                0x08009c94                USBD_CDC_SetRxBuffer
 *fill*         0x08009cce        0x2 
 .text.USBD_CDC_TransmitPacket
                0x08009cd0       0x80 ./Middlewares/ST/STM32_USB_Device_Library/Class/CDC/Src/usbd_cdc.o
                0x08009cd0                USBD_CDC_TransmitPacket
 .text.USBD_CDC_ReceivePacket
                0x08009d50       0x6c ./Middlewares/ST/STM32_USB_Device_Library/Class/CDC/Src/usbd_cdc.o
                0x08009d50                USBD_CDC_ReceivePacket
 .text.USBD_Init
                0x08009dbc       0x60 ./Middlewares/ST/STM32_USB_Device_Library/Core/Src/usbd_core.o
                0x08009dbc                USBD_Init
 .text.USBD_RegisterClass
                0x08009e1c       0x6c ./Middlewares/ST/STM32_USB_Device_Library/Core/Src/usbd_core.o
                0x08009e1c                USBD_RegisterClass
 .text.USBD_Start
                0x08009e88       0x18 ./Middlewares/ST/STM32_USB_Device_Library/Core/Src/usbd_core.o
                0x08009e88                USBD_Start
 .text.USBD_RunTestMode
                0x08009ea0       0x16 ./Middlewares/ST/STM32_USB_Device_Library/Core/Src/usbd_core.o
                0x08009ea0                USBD_RunTestMode
 .text.USBD_SetClassConfig
                0x08009eb6       0x38 ./Middlewares/ST/STM32_USB_Device_Library/Core/Src/usbd_core.o
                0x08009eb6                USBD_SetClassConfig
 .text.USBD_ClrClassConfig
                0x08009eee       0x34 ./Middlewares/ST/STM32_USB_Device_Library/Core/Src/usbd_core.o
                0x08009eee                USBD_ClrClassConfig
 .text.USBD_LL_SetupStage
                0x08009f22       0xaa ./Middlewares/ST/STM32_USB_Device_Library/Core/Src/usbd_core.o
                0x08009f22                USBD_LL_SetupStage
 .text.USBD_LL_DataOutStage
                0x08009fcc      0x166 ./Middlewares/ST/STM32_USB_Device_Library/Core/Src/usbd_core.o
                0x08009fcc                USBD_LL_DataOutStage
 .text.USBD_LL_DataInStage
                0x0800a132      0x164 ./Middlewares/ST/STM32_USB_Device_Library/Core/Src/usbd_core.o
                0x0800a132                USBD_LL_DataInStage
 .text.USBD_LL_Reset
                0x0800a296       0xa4 ./Middlewares/ST/STM32_USB_Device_Library/Core/Src/usbd_core.o
                0x0800a296                USBD_LL_Reset
 .text.USBD_LL_SetSpeed
                0x0800a33a       0x20 ./Middlewares/ST/STM32_USB_Device_Library/Core/Src/usbd_core.o
                0x0800a33a                USBD_LL_SetSpeed
 .text.USBD_LL_Suspend
                0x0800a35a       0x38 ./Middlewares/ST/STM32_USB_Device_Library/Core/Src/usbd_core.o
                0x0800a35a                USBD_LL_Suspend
 .text.USBD_LL_Resume
                0x0800a392       0x30 ./Middlewares/ST/STM32_USB_Device_Library/Core/Src/usbd_core.o
                0x0800a392                USBD_LL_Resume
 .text.USBD_LL_SOF
                0x0800a3c2       0x40 ./Middlewares/ST/STM32_USB_Device_Library/Core/Src/usbd_core.o
                0x0800a3c2                USBD_LL_SOF
 .text.USBD_LL_IsoINIncomplete
                0x0800a402       0x64 ./Middlewares/ST/STM32_USB_Device_Library/Core/Src/usbd_core.o
                0x0800a402                USBD_LL_IsoINIncomplete
 .text.USBD_LL_IsoOUTIncomplete
                0x0800a466       0x64 ./Middlewares/ST/STM32_USB_Device_Library/Core/Src/usbd_core.o
                0x0800a466                USBD_LL_IsoOUTIncomplete
 .text.USBD_LL_DevConnected
                0x0800a4ca       0x16 ./Middlewares/ST/STM32_USB_Device_Library/Core/Src/usbd_core.o
                0x0800a4ca                USBD_LL_DevConnected
 .text.USBD_LL_DevDisconnected
                0x0800a4e0       0x46 ./Middlewares/ST/STM32_USB_Device_Library/Core/Src/usbd_core.o
                0x0800a4e0                USBD_LL_DevDisconnected
 .text.USBD_CoreFindIF
                0x0800a526       0x1a ./Middlewares/ST/STM32_USB_Device_Library/Core/Src/usbd_core.o
                0x0800a526                USBD_CoreFindIF
 .text.USBD_CoreFindEP
                0x0800a540       0x1a ./Middlewares/ST/STM32_USB_Device_Library/Core/Src/usbd_core.o
                0x0800a540                USBD_CoreFindEP
 .text.USBD_GetEpDesc
                0x0800a55a       0x70 ./Middlewares/ST/STM32_USB_Device_Library/Core/Src/usbd_core.o
                0x0800a55a                USBD_GetEpDesc
 .text.USBD_GetNextDesc
                0x0800a5ca       0x38 ./Middlewares/ST/STM32_USB_Device_Library/Core/Src/usbd_core.o
                0x0800a5ca                USBD_GetNextDesc
 .text.SWAPBYTE
                0x0800a602       0x3c ./Middlewares/ST/STM32_USB_Device_Library/Core/Src/usbd_ctlreq.o
 *fill*         0x0800a63e        0x2 
 .text.USBD_StdDevReq
                0x0800a640       0xe4 ./Middlewares/ST/STM32_USB_Device_Library/Core/Src/usbd_ctlreq.o
                0x0800a640                USBD_StdDevReq
 .text.USBD_StdItfReq
                0x0800a724       0xd8 ./Middlewares/ST/STM32_USB_Device_Library/Core/Src/usbd_ctlreq.o
                0x0800a724                USBD_StdItfReq
 .text.USBD_StdEPReq
                0x0800a7fc      0x33a ./Middlewares/ST/STM32_USB_Device_Library/Core/Src/usbd_ctlreq.o
                0x0800a7fc                USBD_StdEPReq
 *fill*         0x0800ab36        0x2 
 .text.USBD_GetDescriptor
                0x0800ab38      0x328 ./Middlewares/ST/STM32_USB_Device_Library/Core/Src/usbd_ctlreq.o
 .text.USBD_SetAddress
                0x0800ae60       0x88 ./Middlewares/ST/STM32_USB_Device_Library/Core/Src/usbd_ctlreq.o
 .text.USBD_SetConfig
                0x0800aee8      0x154 ./Middlewares/ST/STM32_USB_Device_Library/Core/Src/usbd_ctlreq.o
 .text.USBD_GetConfig
                0x0800b03c       0x6c ./Middlewares/ST/STM32_USB_Device_Library/Core/Src/usbd_ctlreq.o
 .text.USBD_GetStatus
                0x0800b0a8       0x68 ./Middlewares/ST/STM32_USB_Device_Library/Core/Src/usbd_ctlreq.o
 .text.USBD_SetFeature
                0x0800b110       0x52 ./Middlewares/ST/STM32_USB_Device_Library/Core/Src/usbd_ctlreq.o
 .text.USBD_ClrFeature
                0x0800b162       0x44 ./Middlewares/ST/STM32_USB_Device_Library/Core/Src/usbd_ctlreq.o
 .text.USBD_ParseSetupRequest
                0x0800b1a6       0x74 ./Middlewares/ST/STM32_USB_Device_Library/Core/Src/usbd_ctlreq.o
                0x0800b1a6                USBD_ParseSetupRequest
 .text.USBD_CtlError
                0x0800b21a       0x22 ./Middlewares/ST/STM32_USB_Device_Library/Core/Src/usbd_ctlreq.o
                0x0800b21a                USBD_CtlError
 .text.USBD_GetString
                0x0800b23c       0x8c ./Middlewares/ST/STM32_USB_Device_Library/Core/Src/usbd_ctlreq.o
                0x0800b23c                USBD_GetString
 .text.USBD_GetLen
                0x0800b2c8       0x34 ./Middlewares/ST/STM32_USB_Device_Library/Core/Src/usbd_ctlreq.o
 .text.USBD_CtlSendData
                0x0800b2fc       0x36 ./Middlewares/ST/STM32_USB_Device_Library/Core/Src/usbd_ioreq.o
                0x0800b2fc                USBD_CtlSendData
 .text.USBD_CtlContinueSendData
                0x0800b332       0x22 ./Middlewares/ST/STM32_USB_Device_Library/Core/Src/usbd_ioreq.o
                0x0800b332                USBD_CtlContinueSendData
 .text.USBD_CtlPrepareRx
                0x0800b354       0x3a ./Middlewares/ST/STM32_USB_Device_Library/Core/Src/usbd_ioreq.o
                0x0800b354                USBD_CtlPrepareRx
 .text.USBD_CtlContinueRx
                0x0800b38e       0x22 ./Middlewares/ST/STM32_USB_Device_Library/Core/Src/usbd_ioreq.o
                0x0800b38e                USBD_CtlContinueRx
 .text.USBD_CtlSendStatus
                0x0800b3b0       0x26 ./Middlewares/ST/STM32_USB_Device_Library/Core/Src/usbd_ioreq.o
                0x0800b3b0                USBD_CtlSendStatus
 .text.USBD_CtlReceiveStatus
                0x0800b3d6       0x26 ./Middlewares/ST/STM32_USB_Device_Library/Core/Src/usbd_ioreq.o
                0x0800b3d6                USBD_CtlReceiveStatus
 .text.MX_USB_DEVICE_Init
                0x0800b3fc       0x60 ./USB_DEVICE/App/usb_device.o
                0x0800b3fc                MX_USB_DEVICE_Init
 .text.CDC_Init_FS
                0x0800b45c       0x28 ./USB_DEVICE/App/usbd_cdc_if.o
 .text.CDC_DeInit_FS
                0x0800b484       0x10 ./USB_DEVICE/App/usbd_cdc_if.o
 .text.CDC_Control_FS
                0x0800b494       0xbc ./USB_DEVICE/App/usbd_cdc_if.o
 .text.CDC_Receive_FS
                0x0800b550       0x34 ./USB_DEVICE/App/usbd_cdc_if.o
 .text.CDC_Transmit_FS
                0x0800b584       0x4c ./USB_DEVICE/App/usbd_cdc_if.o
                0x0800b584                CDC_Transmit_FS
 .text.CDC_TransmitCplt_FS
                0x0800b5d0       0x22 ./USB_DEVICE/App/usbd_cdc_if.o
 *fill*         0x0800b5f2        0x2 
 .text.USBD_FS_DeviceDescriptor
                0x0800b5f4       0x24 ./USB_DEVICE/App/usbd_desc.o
                0x0800b5f4                USBD_FS_DeviceDescriptor
 .text.USBD_FS_LangIDStrDescriptor
                0x0800b618       0x24 ./USB_DEVICE/App/usbd_desc.o
                0x0800b618                USBD_FS_LangIDStrDescriptor
 .text.USBD_FS_ProductStrDescriptor
                0x0800b63c       0x3c ./USB_DEVICE/App/usbd_desc.o
                0x0800b63c                USBD_FS_ProductStrDescriptor
 .text.USBD_FS_ManufacturerStrDescriptor
                0x0800b678       0x28 ./USB_DEVICE/App/usbd_desc.o
                0x0800b678                USBD_FS_ManufacturerStrDescriptor
 .text.USBD_FS_SerialStrDescriptor
                0x0800b6a0       0x24 ./USB_DEVICE/App/usbd_desc.o
                0x0800b6a0                USBD_FS_SerialStrDescriptor
 .text.USBD_FS_ConfigStrDescriptor
                0x0800b6c4       0x3c ./USB_DEVICE/App/usbd_desc.o
                0x0800b6c4                USBD_FS_ConfigStrDescriptor
 .text.USBD_FS_InterfaceStrDescriptor
                0x0800b700       0x3c ./USB_DEVICE/App/usbd_desc.o
                0x0800b700                USBD_FS_InterfaceStrDescriptor
 .text.USBD_FS_USR_BOSDescriptor
                0x0800b73c       0x24 ./USB_DEVICE/App/usbd_desc.o
                0x0800b73c                USBD_FS_USR_BOSDescriptor
 .text.Get_SerialNum
                0x0800b760       0x58 ./USB_DEVICE/App/usbd_desc.o
 .text.IntToUnicode
                0x0800b7b8       0x7e ./USB_DEVICE/App/usbd_desc.o
 *fill*         0x0800b836        0x2 
 .text.HAL_PCD_MspInit
                0x0800b838      0x128 ./USB_DEVICE/Target/usbd_conf.o
                0x0800b838                HAL_PCD_MspInit
 .text.HAL_PCD_SetupStageCallback
                0x0800b960       0x24 ./USB_DEVICE/Target/usbd_conf.o
                0x0800b960                HAL_PCD_SetupStageCallback
 .text.HAL_PCD_DataOutStageCallback
                0x0800b984       0x36 ./USB_DEVICE/Target/usbd_conf.o
                0x0800b984                HAL_PCD_DataOutStageCallback
 .text.HAL_PCD_DataInStageCallback
                0x0800b9ba       0x34 ./USB_DEVICE/Target/usbd_conf.o
                0x0800b9ba                HAL_PCD_DataInStageCallback
 .text.HAL_PCD_SOFCallback
                0x0800b9ee       0x1c ./USB_DEVICE/Target/usbd_conf.o
                0x0800b9ee                HAL_PCD_SOFCallback
 .text.HAL_PCD_ResetCallback
                0x0800ba0a       0x3c ./USB_DEVICE/Target/usbd_conf.o
                0x0800ba0a                HAL_PCD_ResetCallback
 *fill*         0x0800ba46        0x2 
 .text.HAL_PCD_SuspendCallback
                0x0800ba48       0x4c ./USB_DEVICE/Target/usbd_conf.o
                0x0800ba48                HAL_PCD_SuspendCallback
 .text.HAL_PCD_ResumeCallback
                0x0800ba94       0x50 ./USB_DEVICE/Target/usbd_conf.o
                0x0800ba94                HAL_PCD_ResumeCallback
 .text.HAL_PCD_ISOOUTIncompleteCallback
                0x0800bae4       0x24 ./USB_DEVICE/Target/usbd_conf.o
                0x0800bae4                HAL_PCD_ISOOUTIncompleteCallback
 .text.HAL_PCD_ISOINIncompleteCallback
                0x0800bb08       0x24 ./USB_DEVICE/Target/usbd_conf.o
                0x0800bb08                HAL_PCD_ISOINIncompleteCallback
 .text.HAL_PCD_ConnectCallback
                0x0800bb2c       0x1c ./USB_DEVICE/Target/usbd_conf.o
                0x0800bb2c                HAL_PCD_ConnectCallback
 .text.HAL_PCD_DisconnectCallback
                0x0800bb48       0x1c ./USB_DEVICE/Target/usbd_conf.o
                0x0800bb48                HAL_PCD_DisconnectCallback
 .text.USBD_LL_Init
                0x0800bb64       0x98 ./USB_DEVICE/Target/usbd_conf.o
                0x0800bb64                USBD_LL_Init
 .text.USBD_LL_Start
                0x0800bbfc       0x64 ./USB_DEVICE/Target/usbd_conf.o
                0x0800bbfc                USBD_LL_Start
 .text.USBD_LL_OpenEP
                0x0800bc60       0x7c ./USB_DEVICE/Target/usbd_conf.o
                0x0800bc60                USBD_LL_OpenEP
 .text.USBD_LL_CloseEP
                0x0800bcdc       0x6c ./USB_DEVICE/Target/usbd_conf.o
                0x0800bcdc                USBD_LL_CloseEP
 .text.USBD_LL_StallEP
                0x0800bd48       0x6c ./USB_DEVICE/Target/usbd_conf.o
                0x0800bd48                USBD_LL_StallEP
 .text.USBD_LL_ClearStallEP
                0x0800bdb4       0x6c ./USB_DEVICE/Target/usbd_conf.o
                0x0800bdb4                USBD_LL_ClearStallEP
 .text.USBD_LL_IsStallEP
                0x0800be20       0x58 ./USB_DEVICE/Target/usbd_conf.o
                0x0800be20                USBD_LL_IsStallEP
 .text.USBD_LL_SetUSBAddress
                0x0800be78       0x6c ./USB_DEVICE/Target/usbd_conf.o
                0x0800be78                USBD_LL_SetUSBAddress
 .text.USBD_LL_Transmit
                0x0800bee4       0x70 ./USB_DEVICE/Target/usbd_conf.o
                0x0800bee4                USBD_LL_Transmit
 .text.USBD_LL_PrepareReceive
                0x0800bf54       0x70 ./USB_DEVICE/Target/usbd_conf.o
                0x0800bf54                USBD_LL_PrepareReceive
 .text.USBD_LL_GetRxDataSize
                0x0800bfc4       0x26 ./USB_DEVICE/Target/usbd_conf.o
                0x0800bfc4                USBD_LL_GetRxDataSize
 *fill*         0x0800bfea        0x2 
 .text.HAL_PCDEx_LPM_Callback
                0x0800bfec       0x9c ./USB_DEVICE/Target/usbd_conf.o
                0x0800bfec                HAL_PCDEx_LPM_Callback
 .text.USBD_static_malloc
                0x0800c088       0x1c ./USB_DEVICE/Target/usbd_conf.o
                0x0800c088                USBD_static_malloc
 .text.USBD_static_free
                0x0800c0a4       0x14 ./USB_DEVICE/Target/usbd_conf.o
                0x0800c0a4                USBD_static_free
 .text.SystemClockConfig_Resume
                0x0800c0b8        0xc ./USB_DEVICE/Target/usbd_conf.o
 .text.memset   0x0800c0c4       0x10 /home/ddeejjvviidd/st/stm32cubeide_1.16.1/plugins/com.st.stm32cube.ide.mcu.externaltools.gnu-tools-for-stm32.12.3.rel1.linux64_1.0.200.202406132123/tools/bin/../lib/gcc/arm-none-eabi/12.3.1/../../../../arm-none-eabi/lib/thumb/v7e-m+fp/hard/libc_nano.a(libc_a-memset.o)
                0x0800c0c4                memset
 .text.__libc_init_array
                0x0800c0d4       0x48 /home/ddeejjvviidd/st/stm32cubeide_1.16.1/plugins/com.st.stm32cube.ide.mcu.externaltools.gnu-tools-for-stm32.12.3.rel1.linux64_1.0.200.202406132123/tools/bin/../lib/gcc/arm-none-eabi/12.3.1/../../../../arm-none-eabi/lib/thumb/v7e-m+fp/hard/libc_nano.a(libc_a-init.o)
                0x0800c0d4                __libc_init_array
 .text.memcpy   0x0800c11c       0x1c /home/ddeejjvviidd/st/stm32cubeide_1.16.1/plugins/com.st.stm32cube.ide.mcu.externaltools.gnu-tools-for-stm32.12.3.rel1.linux64_1.0.200.202406132123/tools/bin/../lib/gcc/arm-none-eabi/12.3.1/../../../../arm-none-eabi/lib/thumb/v7e-m+fp/hard/libc_nano.a(libc_a-memcpy-stub.o)
                0x0800c11c                memcpy
 *(.glue_7)
 .glue_7        0x0800c138        0x0 linker stubs
 *(.glue_7t)
 .glue_7t       0x0800c138        0x0 linker stubs
 *(.eh_frame)
 .eh_frame      0x0800c138        0x0 /home/ddeejjvviidd/st/stm32cubeide_1.16.1/plugins/com.st.stm32cube.ide.mcu.externaltools.gnu-tools-for-stm32.12.3.rel1.linux64_1.0.200.202406132123/tools/bin/../lib/gcc/arm-none-eabi/12.3.1/thumb/v7e-m+fp/hard/crtbegin.o
 *(.init)
 .init          0x0800c138        0x4 /home/ddeejjvviidd/st/stm32cubeide_1.16.1/plugins/com.st.stm32cube.ide.mcu.externaltools.gnu-tools-for-stm32.12.3.rel1.linux64_1.0.200.202406132123/tools/bin/../lib/gcc/arm-none-eabi/12.3.1/thumb/v7e-m+fp/hard/crti.o
                0x0800c138                _init
 .init          0x0800c13c        0x8 /home/ddeejjvviidd/st/stm32cubeide_1.16.1/plugins/com.st.stm32cube.ide.mcu.externaltools.gnu-tools-for-stm32.12.3.rel1.linux64_1.0.200.202406132123/tools/bin/../lib/gcc/arm-none-eabi/12.3.1/thumb/v7e-m+fp/hard/crtn.o
 *(.fini)
 .fini          0x0800c144        0x4 /home/ddeejjvviidd/st/stm32cubeide_1.16.1/plugins/com.st.stm32cube.ide.mcu.externaltools.gnu-tools-for-stm32.12.3.rel1.linux64_1.0.200.202406132123/tools/bin/../lib/gcc/arm-none-eabi/12.3.1/thumb/v7e-m+fp/hard/crti.o
                0x0800c144                _fini
 .fini          0x0800c148        0x8 /home/ddeejjvviidd/st/stm32cubeide_1.16.1/plugins/com.st.stm32cube.ide.mcu.externaltools.gnu-tools-for-stm32.12.3.rel1.linux64_1.0.200.202406132123/tools/bin/../lib/gcc/arm-none-eabi/12.3.1/thumb/v7e-m+fp/hard/crtn.o
                0x0800c150                        . = ALIGN (0x4)
                0x0800c150                        _etext = .

.vfp11_veneer   0x0800c150        0x0
 .vfp11_veneer  0x0800c150        0x0 linker stubs

.v4_bx          0x0800c150        0x0
 .v4_bx         0x0800c150        0x0 linker stubs

.iplt           0x0800c150        0x0
 .iplt          0x0800c150        0x0 /home/ddeejjvviidd/st/stm32cubeide_1.16.1/plugins/com.st.stm32cube.ide.mcu.externaltools.gnu-tools-for-stm32.12.3.rel1.linux64_1.0.200.202406132123/tools/bin/../lib/gcc/arm-none-eabi/12.3.1/thumb/v7e-m+fp/hard/crtbegin.o

.rodata         0x0800c150       0xb8
                0x0800c150                        . = ALIGN (0x4)
 *(.rodata)
 .rodata        0x0800c150       0x46 ./USB_DEVICE/App/usbd_desc.o
 *(.rodata*)
 *fill*         0x0800c196        0x2 
 .rodata.AHBPrescTable
                0x0800c198       0x10 ./Core/Src/system_stm32l4xx.o
                0x0800c198                AHBPrescTable
 .rodata.APBPrescTable
                0x0800c1a8        0x8 ./Core/Src/system_stm32l4xx.o
                0x0800c1a8                APBPrescTable
 .rodata.MSIRangeTable
                0x0800c1b0       0x30 ./Core/Src/system_stm32l4xx.o
                0x0800c1b0                MSIRangeTable
 .rodata.UARTPrescTable
                0x0800c1e0       0x18 ./Drivers/STM32L4xx_HAL_Driver/Src/stm32l4xx_hal_uart.o
                0x0800c1e0                UARTPrescTable
 .rodata.numerator.1
                0x0800c1f8        0x8 ./Drivers/STM32L4xx_HAL_Driver/Src/stm32l4xx_hal_uart_ex.o
 .rodata.denominator.0
                0x0800c200        0x8 ./Drivers/STM32L4xx_HAL_Driver/Src/stm32l4xx_hal_uart_ex.o
                0x0800c208                        . = ALIGN (0x4)

.ARM.extab      0x0800c208        0x0
                0x0800c208                        . = ALIGN (0x4)
 *(.ARM.extab* .gnu.linkonce.armextab.*)
                0x0800c208                        . = ALIGN (0x4)

.ARM            0x0800c208        0x8
                0x0800c208                        . = ALIGN (0x4)
                0x0800c208                        __exidx_start = .
 *(.ARM.exidx*)
 .ARM.exidx     0x0800c208        0x8 /home/ddeejjvviidd/st/stm32cubeide_1.16.1/plugins/com.st.stm32cube.ide.mcu.externaltools.gnu-tools-for-stm32.12.3.rel1.linux64_1.0.200.202406132123/tools/bin/../lib/gcc/arm-none-eabi/12.3.1/thumb/v7e-m+fp/hard/libgcc.a(_udivmoddi4.o)
                0x0800c210                        __exidx_end = .
                0x0800c210                        . = ALIGN (0x4)

.rel.dyn        0x0800c210        0x0
 .rel.iplt      0x0800c210        0x0 /home/ddeejjvviidd/st/stm32cubeide_1.16.1/plugins/com.st.stm32cube.ide.mcu.externaltools.gnu-tools-for-stm32.12.3.rel1.linux64_1.0.200.202406132123/tools/bin/../lib/gcc/arm-none-eabi/12.3.1/thumb/v7e-m+fp/hard/crtbegin.o

.preinit_array  0x0800c210        0x0
                0x0800c210                        . = ALIGN (0x4)
                0x0800c210                        PROVIDE (__preinit_array_start = .)
 *(.preinit_array*)
                0x0800c210                        PROVIDE (__preinit_array_end = .)
                0x0800c210                        . = ALIGN (0x4)

.init_array     0x0800c210        0x4
                0x0800c210                        . = ALIGN (0x4)
                0x0800c210                        PROVIDE (__init_array_start = .)
 *(SORT_BY_NAME(.init_array.*))
 *(.init_array*)
 .init_array    0x0800c210        0x4 /home/ddeejjvviidd/st/stm32cubeide_1.16.1/plugins/com.st.stm32cube.ide.mcu.externaltools.gnu-tools-for-stm32.12.3.rel1.linux64_1.0.200.202406132123/tools/bin/../lib/gcc/arm-none-eabi/12.3.1/thumb/v7e-m+fp/hard/crtbegin.o
                0x0800c214                        PROVIDE (__init_array_end = .)
                0x0800c214                        . = ALIGN (0x4)

.fini_array     0x0800c214        0x4
                0x0800c214                        . = ALIGN (0x4)
                [!provide]                        PROVIDE (__fini_array_start = .)
 *(SORT_BY_NAME(.fini_array.*))
 *(.fini_array*)
 .fini_array    0x0800c214        0x4 /home/ddeejjvviidd/st/stm32cubeide_1.16.1/plugins/com.st.stm32cube.ide.mcu.externaltools.gnu-tools-for-stm32.12.3.rel1.linux64_1.0.200.202406132123/tools/bin/../lib/gcc/arm-none-eabi/12.3.1/thumb/v7e-m+fp/hard/crtbegin.o
                [!provide]                        PROVIDE (__fini_array_end = .)
                0x0800c218                        . = ALIGN (0x4)
                0x0800c218                        _sidata = LOADADDR (.data)

.data           0x20000000      0x10c load address 0x0800c218
                0x20000000                        . = ALIGN (0x4)
                0x20000000                        _sdata = .
 *(.data)
 *(.data*)
 .data.SystemCoreClock
                0x20000000        0x4 ./Core/Src/system_stm32l4xx.o
                0x20000000                SystemCoreClock
 .data.uwTickPrio
                0x20000004        0x4 ./Drivers/STM32L4xx_HAL_Driver/Src/stm32l4xx_hal.o
                0x20000004                uwTickPrio
 .data.uwTickFreq
                0x20000008        0x1 ./Drivers/STM32L4xx_HAL_Driver/Src/stm32l4xx_hal.o
                0x20000008                uwTickFreq
 *fill*         0x20000009        0x3 
 .data.USBD_CDC_DeviceQualifierDesc
                0x2000000c        0xa ./Middlewares/ST/STM32_USB_Device_Library/Class/CDC/Src/usbd_cdc.o
 *fill*         0x20000016        0x2 
 .data.USBD_CDC
                0x20000018       0x38 ./Middlewares/ST/STM32_USB_Device_Library/Class/CDC/Src/usbd_cdc.o
                0x20000018                USBD_CDC
 .data.USBD_CDC_CfgDesc
                0x20000050       0x43 ./Middlewares/ST/STM32_USB_Device_Library/Class/CDC/Src/usbd_cdc.o
 .data.CDCInEpAdd
                0x20000093        0x1 ./Middlewares/ST/STM32_USB_Device_Library/Class/CDC/Src/usbd_cdc.o
 .data.CDCOutEpAdd
                0x20000094        0x1 ./Middlewares/ST/STM32_USB_Device_Library/Class/CDC/Src/usbd_cdc.o
 .data.CDCCmdEpAdd
                0x20000095        0x1 ./Middlewares/ST/STM32_USB_Device_Library/Class/CDC/Src/usbd_cdc.o
 *fill*         0x20000096        0x2 
 .data.USBD_Interface_fops_FS
                0x20000098       0x14 ./USB_DEVICE/App/usbd_cdc_if.o
                0x20000098                USBD_Interface_fops_FS
 .data.FS_Desc  0x200000ac       0x20 ./USB_DEVICE/App/usbd_desc.o
                0x200000ac                FS_Desc
 .data.USBD_FS_DeviceDesc
                0x200000cc       0x12 ./USB_DEVICE/App/usbd_desc.o
                0x200000cc                USBD_FS_DeviceDesc
 *fill*         0x200000de        0x2 
 .data.USBD_FS_BOSDesc
                0x200000e0        0xc ./USB_DEVICE/App/usbd_desc.o
                0x200000e0                USBD_FS_BOSDesc
 .data.USBD_LangIDDesc
                0x200000ec        0x4 ./USB_DEVICE/App/usbd_desc.o
                0x200000ec                USBD_LangIDDesc
 .data.USBD_StringSerial
                0x200000f0       0x1a ./USB_DEVICE/App/usbd_desc.o
                0x200000f0                USBD_StringSerial
 *(.RamFunc)
 *(.RamFunc*)
                0x2000010c                        . = ALIGN (0x4)
 *fill*         0x2000010a        0x2 
                0x2000010c                        _edata = .

.igot.plt       0x2000010c        0x0 load address 0x0800c324
 .igot.plt      0x2000010c        0x0 /home/ddeejjvviidd/st/stm32cubeide_1.16.1/plugins/com.st.stm32cube.ide.mcu.externaltools.gnu-tools-for-stm32.12.3.rel1.linux64_1.0.200.202406132123/tools/bin/../lib/gcc/arm-none-eabi/12.3.1/thumb/v7e-m+fp/hard/crtbegin.o
                0x2000010c                        . = ALIGN (0x4)

.bss            0x2000010c    0x10474 load address 0x0800c324
                0x2000010c                        _sbss = .
                0x2000010c                        __bss_start__ = _sbss
 *(.bss)
 .bss           0x2000010c       0x1c /home/ddeejjvviidd/st/stm32cubeide_1.16.1/plugins/com.st.stm32cube.ide.mcu.externaltools.gnu-tools-for-stm32.12.3.rel1.linux64_1.0.200.202406132123/tools/bin/../lib/gcc/arm-none-eabi/12.3.1/thumb/v7e-m+fp/hard/crtbegin.o
 *(.bss*)
 .bss.hadc1     0x20000128       0x68 ./Core/Src/adc.o
                0x20000128                hadc1
 .bss.hdma_adc1
                0x20000190       0x60 ./Core/Src/adc.o
                0x20000190                hdma_adc1
 .bss.hdma_memtomem_dma1_channel2
                0x200001f0       0x60 ./Core/Src/dma.o
                0x200001f0                hdma_memtomem_dma1_channel2
 .bss.previous.0
                0x20000250        0x1 ./Core/Src/gpio.o
 *fill*         0x20000251        0x3 
 .bss.m2s_buf   0x20000254     0x4000 ./Core/Src/main.o
                0x20000254                m2s_buf
 .bss.comms_tx_buffer1
                0x20004254     0x4000 ./Core/Src/main.o
                0x20004254                comms_tx_buffer1
 .bss.comms_tx_buffer2
                0x20008254     0x4000 ./Core/Src/main.o
                0x20008254                comms_tx_buffer2
 .bss.comms_active_buffer
                0x2000c254        0x4 ./Core/Src/main.o
                0x2000c254                comms_active_buffer
 .bss.comms_prepared_buffer
                0x2000c258        0x4 ./Core/Src/main.o
                0x2000c258                comms_prepared_buffer
 .bss.comms_id_register
                0x2000c25c      0x3fc ./Core/Src/main.o
                0x2000c25c                comms_id_register
 .bss.comms_active_wr_pointer
                0x2000c658        0x4 ./Core/Src/main.o
                0x2000c658                comms_active_wr_pointer
 .bss.comms_prepared_wr_pointer
                0x2000c65c        0x4 ./Core/Src/main.o
                0x2000c65c                comms_prepared_wr_pointer
 .bss.wr_status
                0x2000c660        0x1 ./Core/Src/main.o
                0x2000c660                wr_status
 .bss.tx_status
                0x2000c661        0x1 ./Core/Src/main.o
                0x2000c661                tx_status
 *fill*         0x2000c662        0x2 
 .bss.m2s_Status
                0x2000c664        0x4 ./Core/Src/main.o
                0x2000c664                m2s_Status
 .bss.m2s_ID    0x2000c668        0x4 ./Core/Src/main.o
                0x2000c668                m2s_ID
 .bss.m2s_nData_in_bytes
                0x2000c66c        0x4 ./Core/Src/main.o
                0x2000c66c                m2s_nData_in_bytes
 .bss.periodical
                0x2000c670        0x4 ./Core/Src/main.o
                0x2000c670                periodical
 .bss.tic       0x2000c674        0x4 ./Core/Src/main.o
                0x2000c674                tic
 .bss.toc       0x2000c678        0x4 ./Core/Src/main.o
                0x2000c678                toc
 .bss.dma_tic   0x2000c67c        0x4 ./Core/Src/main.o
                0x2000c67c                dma_tic
 .bss.dma_toc   0x2000c680        0x4 ./Core/Src/main.o
                0x2000c680                dma_toc
 .bss.dma       0x2000c684      0xfa0 ./Core/Src/main.o
                0x2000c684                dma
 .bss.cpy       0x2000d624      0xfa0 ./Core/Src/main.o
                0x2000d624                cpy
 .bss.dma_data_buffer
                0x2000e5c4      0x190 ./Core/Src/main.o
                0x2000e5c4                dma_data_buffer
 .bss.adcValue  0x2000e754        0x4 ./Core/Src/main.o
                0x2000e754                adcValue
 .bss.temperature
                0x2000e758        0x4 ./Core/Src/main.o
                0x2000e758                temperature
 .bss.adcIn1    0x2000e75c        0x4 ./Core/Src/main.o
                0x2000e75c                adcIn1
 .bss.numOfCalling
                0x2000e760        0x4 ./Core/Src/main.o
                0x2000e760                numOfCalling
 .bss.htim3     0x2000e764       0x4c ./Core/Src/tim.o
                0x2000e764                htim3
 .bss.htim5     0x2000e7b0       0x4c ./Core/Src/tim.o
                0x2000e7b0                htim5
 .bss.htim6     0x2000e7fc       0x4c ./Core/Src/tim.o
                0x2000e7fc                htim6
 .bss.hlpuart1  0x2000e848       0x94 ./Core/Src/usart.o
                0x2000e848                hlpuart1
 .bss.huart3    0x2000e8dc       0x94 ./Core/Src/usart.o
                0x2000e8dc                huart3
 .bss.uwTick    0x2000e970        0x4 ./Drivers/STM32L4xx_HAL_Driver/Src/stm32l4xx_hal.o
                0x2000e970                uwTick
 .bss.cfgidx.0  0x2000e974        0x1 ./Middlewares/ST/STM32_USB_Device_Library/Core/Src/usbd_ctlreq.o
 *fill*         0x2000e975        0x3 
 .bss.hUsbDeviceFS
                0x2000e978      0x2dc ./USB_DEVICE/App/usb_device.o
                0x2000e978                hUsbDeviceFS
 .bss.UserRxBufferFS
                0x2000ec54      0x800 ./USB_DEVICE/App/usbd_cdc_if.o
                0x2000ec54                UserRxBufferFS
 .bss.UserTxBufferFS
                0x2000f454      0x800 ./USB_DEVICE/App/usbd_cdc_if.o
                0x2000f454                UserTxBufferFS
 .bss.USBD_StrDesc
                0x2000fc54      0x200 ./USB_DEVICE/App/usbd_desc.o
                0x2000fc54                USBD_StrDesc
 .bss.hpcd_USB_OTG_FS
                0x2000fe54      0x50c ./USB_DEVICE/Target/usbd_conf.o
                0x2000fe54                hpcd_USB_OTG_FS
 .bss.mem.0     0x20010360      0x220 ./USB_DEVICE/Target/usbd_conf.o
 *(COMMON)
                0x20010580                        . = ALIGN (0x4)
                0x20010580                        _ebss = .
                0x20010580                        __bss_end__ = _ebss

._user_heap_stack
                0x20010580      0x600 load address 0x0800c324
                0x20010580                        . = ALIGN (0x8)
                [!provide]                        PROVIDE (end = .)
                0x20010580                        PROVIDE (_end = .)
                0x20010780                        . = (. + _Min_Heap_Size)
 *fill*         0x20010580      0x200 
                0x20010b80                        . = (. + _Min_Stack_Size)
 *fill*         0x20010780      0x400 
                0x20010b80                        . = ALIGN (0x8)

/DISCARD/
 libc.a(*)
 libm.a(*)
 libgcc.a(*)

.ARM.attributes
                0x00000000       0x30
 *(.ARM.attributes)
 .ARM.attributes
                0x00000000       0x22 /home/ddeejjvviidd/st/stm32cubeide_1.16.1/plugins/com.st.stm32cube.ide.mcu.externaltools.gnu-tools-for-stm32.12.3.rel1.linux64_1.0.200.202406132123/tools/bin/../lib/gcc/arm-none-eabi/12.3.1/thumb/v7e-m+fp/hard/crti.o
 .ARM.attributes
                0x00000022       0x34 /home/ddeejjvviidd/st/stm32cubeide_1.16.1/plugins/com.st.stm32cube.ide.mcu.externaltools.gnu-tools-for-stm32.12.3.rel1.linux64_1.0.200.202406132123/tools/bin/../lib/gcc/arm-none-eabi/12.3.1/thumb/v7e-m+fp/hard/crtbegin.o
 .ARM.attributes
                0x00000056       0x34 ./Core/Src/adc.o
 .ARM.attributes
                0x0000008a       0x34 ./Core/Src/dma.o
 .ARM.attributes
                0x000000be       0x34 ./Core/Src/gpio.o
 .ARM.attributes
                0x000000f2       0x34 ./Core/Src/main.o
 .ARM.attributes
                0x00000126       0x34 ./Core/Src/stm32l4xx_hal_msp.o
 .ARM.attributes
                0x0000015a       0x34 ./Core/Src/stm32l4xx_it.o
 .ARM.attributes
                0x0000018e       0x34 ./Core/Src/system_stm32l4xx.o
 .ARM.attributes
                0x000001c2       0x34 ./Core/Src/tim.o
 .ARM.attributes
                0x000001f6       0x34 ./Core/Src/usart.o
 .ARM.attributes
                0x0000022a       0x21 ./Core/Startup/startup_stm32l4r5zitx.o
 .ARM.attributes
                0x0000024b       0x34 ./Drivers/STM32L4xx_HAL_Driver/Src/stm32l4xx_hal.o
 .ARM.attributes
                0x0000027f       0x34 ./Drivers/STM32L4xx_HAL_Driver/Src/stm32l4xx_hal_adc.o
 .ARM.attributes
                0x000002b3       0x34 ./Drivers/STM32L4xx_HAL_Driver/Src/stm32l4xx_hal_adc_ex.o
 .ARM.attributes
                0x000002e7       0x34 ./Drivers/STM32L4xx_HAL_Driver/Src/stm32l4xx_hal_cortex.o
 .ARM.attributes
                0x0000031b       0x34 ./Drivers/STM32L4xx_HAL_Driver/Src/stm32l4xx_hal_dma.o
 .ARM.attributes
                0x0000034f       0x34 ./Drivers/STM32L4xx_HAL_Driver/Src/stm32l4xx_hal_gpio.o
 .ARM.attributes
                0x00000383       0x34 ./Drivers/STM32L4xx_HAL_Driver/Src/stm32l4xx_hal_pcd.o
 .ARM.attributes
                0x000003b7       0x34 ./Drivers/STM32L4xx_HAL_Driver/Src/stm32l4xx_hal_pcd_ex.o
 .ARM.attributes
                0x000003eb       0x34 ./Drivers/STM32L4xx_HAL_Driver/Src/stm32l4xx_hal_pwr_ex.o
 .ARM.attributes
                0x0000041f       0x34 ./Drivers/STM32L4xx_HAL_Driver/Src/stm32l4xx_hal_rcc.o
 .ARM.attributes
                0x00000453       0x34 ./Drivers/STM32L4xx_HAL_Driver/Src/stm32l4xx_hal_rcc_ex.o
 .ARM.attributes
                0x00000487       0x34 ./Drivers/STM32L4xx_HAL_Driver/Src/stm32l4xx_hal_tim.o
 .ARM.attributes
                0x000004bb       0x34 ./Drivers/STM32L4xx_HAL_Driver/Src/stm32l4xx_hal_tim_ex.o
 .ARM.attributes
                0x000004ef       0x34 ./Drivers/STM32L4xx_HAL_Driver/Src/stm32l4xx_hal_uart.o
 .ARM.attributes
                0x00000523       0x34 ./Drivers/STM32L4xx_HAL_Driver/Src/stm32l4xx_hal_uart_ex.o
 .ARM.attributes
                0x00000557       0x34 ./Drivers/STM32L4xx_HAL_Driver/Src/stm32l4xx_ll_usb.o
 .ARM.attributes
                0x0000058b       0x34 ./Middlewares/ST/STM32_USB_Device_Library/Class/CDC/Src/usbd_cdc.o
 .ARM.attributes
                0x000005bf       0x34 ./Middlewares/ST/STM32_USB_Device_Library/Core/Src/usbd_core.o
 .ARM.attributes
                0x000005f3       0x34 ./Middlewares/ST/STM32_USB_Device_Library/Core/Src/usbd_ctlreq.o
 .ARM.attributes
                0x00000627       0x34 ./Middlewares/ST/STM32_USB_Device_Library/Core/Src/usbd_ioreq.o
 .ARM.attributes
                0x0000065b       0x34 ./USB_DEVICE/App/usb_device.o
 .ARM.attributes
                0x0000068f       0x34 ./USB_DEVICE/App/usbd_cdc_if.o
 .ARM.attributes
                0x000006c3       0x34 ./USB_DEVICE/App/usbd_desc.o
 .ARM.attributes
                0x000006f7       0x34 ./USB_DEVICE/Target/usbd_conf.o
 .ARM.attributes
                0x0000072b       0x34 /home/ddeejjvviidd/st/stm32cubeide_1.16.1/plugins/com.st.stm32cube.ide.mcu.externaltools.gnu-tools-for-stm32.12.3.rel1.linux64_1.0.200.202406132123/tools/bin/../lib/gcc/arm-none-eabi/12.3.1/../../../../arm-none-eabi/lib/thumb/v7e-m+fp/hard/libc_nano.a(libc_a-memset.o)
 .ARM.attributes
                0x0000075f       0x34 /home/ddeejjvviidd/st/stm32cubeide_1.16.1/plugins/com.st.stm32cube.ide.mcu.externaltools.gnu-tools-for-stm32.12.3.rel1.linux64_1.0.200.202406132123/tools/bin/../lib/gcc/arm-none-eabi/12.3.1/../../../../arm-none-eabi/lib/thumb/v7e-m+fp/hard/libc_nano.a(libc_a-init.o)
 .ARM.attributes
                0x00000793       0x34 /home/ddeejjvviidd/st/stm32cubeide_1.16.1/plugins/com.st.stm32cube.ide.mcu.externaltools.gnu-tools-for-stm32.12.3.rel1.linux64_1.0.200.202406132123/tools/bin/../lib/gcc/arm-none-eabi/12.3.1/../../../../arm-none-eabi/lib/thumb/v7e-m+fp/hard/libc_nano.a(libc_a-memcpy-stub.o)
 .ARM.attributes
                0x000007c7       0x22 /home/ddeejjvviidd/st/stm32cubeide_1.16.1/plugins/com.st.stm32cube.ide.mcu.externaltools.gnu-tools-for-stm32.12.3.rel1.linux64_1.0.200.202406132123/tools/bin/../lib/gcc/arm-none-eabi/12.3.1/thumb/v7e-m+fp/hard/libgcc.a(_aeabi_uldivmod.o)
 .ARM.attributes
                0x000007e9       0x34 /home/ddeejjvviidd/st/stm32cubeide_1.16.1/plugins/com.st.stm32cube.ide.mcu.externaltools.gnu-tools-for-stm32.12.3.rel1.linux64_1.0.200.202406132123/tools/bin/../lib/gcc/arm-none-eabi/12.3.1/thumb/v7e-m+fp/hard/libgcc.a(_udivmoddi4.o)
 .ARM.attributes
                0x0000081d       0x22 /home/ddeejjvviidd/st/stm32cubeide_1.16.1/plugins/com.st.stm32cube.ide.mcu.externaltools.gnu-tools-for-stm32.12.3.rel1.linux64_1.0.200.202406132123/tools/bin/../lib/gcc/arm-none-eabi/12.3.1/thumb/v7e-m+fp/hard/libgcc.a(_dvmd_tls.o)
 .ARM.attributes
                0x0000083f       0x22 /home/ddeejjvviidd/st/stm32cubeide_1.16.1/plugins/com.st.stm32cube.ide.mcu.externaltools.gnu-tools-for-stm32.12.3.rel1.linux64_1.0.200.202406132123/tools/bin/../lib/gcc/arm-none-eabi/12.3.1/thumb/v7e-m+fp/hard/crtn.o
OUTPUT(stm32_bp.elf elf32-littlearm)
LOAD linker stubs
LOAD /home/ddeejjvviidd/st/stm32cubeide_1.16.1/plugins/com.st.stm32cube.ide.mcu.externaltools.gnu-tools-for-stm32.12.3.rel1.linux64_1.0.200.202406132123/tools/bin/../lib/gcc/arm-none-eabi/12.3.1/../../../../arm-none-eabi/lib/thumb/v7e-m+fp/hard/libc.a
LOAD /home/ddeejjvviidd/st/stm32cubeide_1.16.1/plugins/com.st.stm32cube.ide.mcu.externaltools.gnu-tools-for-stm32.12.3.rel1.linux64_1.0.200.202406132123/tools/bin/../lib/gcc/arm-none-eabi/12.3.1/../../../../arm-none-eabi/lib/thumb/v7e-m+fp/hard/libm.a
LOAD /home/ddeejjvviidd/st/stm32cubeide_1.16.1/plugins/com.st.stm32cube.ide.mcu.externaltools.gnu-tools-for-stm32.12.3.rel1.linux64_1.0.200.202406132123/tools/bin/../lib/gcc/arm-none-eabi/12.3.1/thumb/v7e-m+fp/hard/libgcc.a

.debug_info     0x00000000    0x23ea6
 .debug_info    0x00000000     0x128d ./Core/Src/adc.o
 .debug_info    0x0000128d      0x90a ./Core/Src/dma.o
 .debug_info    0x00001b97      0x79b ./Core/Src/gpio.o
 .debug_info    0x00002332     0x1d35 ./Core/Src/main.o
 .debug_info    0x00004067      0x2e9 ./Core/Src/stm32l4xx_hal_msp.o
 .debug_info    0x00004350     0x125a ./Core/Src/stm32l4xx_it.o
 .debug_info    0x000055aa      0x5e9 ./Core/Src/system_stm32l4xx.o
 .debug_info    0x00005b93      0xecc ./Core/Src/tim.o
 .debug_info    0x00006a5f      0xf74 ./Core/Src/usart.o
 .debug_info    0x000079d3       0x30 ./Core/Startup/startup_stm32l4r5zitx.o
 .debug_info    0x00007a03      0xb49 ./Drivers/STM32L4xx_HAL_Driver/Src/stm32l4xx_hal.o
 .debug_info    0x0000854c     0x1e20 ./Drivers/STM32L4xx_HAL_Driver/Src/stm32l4xx_hal_adc.o
 .debug_info    0x0000a36c     0x1934 ./Drivers/STM32L4xx_HAL_Driver/Src/stm32l4xx_hal_adc_ex.o
 .debug_info    0x0000bca0      0xd64 ./Drivers/STM32L4xx_HAL_Driver/Src/stm32l4xx_hal_cortex.o
 .debug_info    0x0000ca04      0x841 ./Drivers/STM32L4xx_HAL_Driver/Src/stm32l4xx_hal_dma.o
 .debug_info    0x0000d245      0x787 ./Drivers/STM32L4xx_HAL_Driver/Src/stm32l4xx_hal_gpio.o
 .debug_info    0x0000d9cc     0x14c8 ./Drivers/STM32L4xx_HAL_Driver/Src/stm32l4xx_hal_pcd.o
 .debug_info    0x0000ee94      0x89e ./Drivers/STM32L4xx_HAL_Driver/Src/stm32l4xx_hal_pcd_ex.o
 .debug_info    0x0000f732      0xa0a ./Drivers/STM32L4xx_HAL_Driver/Src/stm32l4xx_hal_pwr_ex.o
 .debug_info    0x0001013c      0xd32 ./Drivers/STM32L4xx_HAL_Driver/Src/stm32l4xx_hal_rcc.o
 .debug_info    0x00010e6e     0x1167 ./Drivers/STM32L4xx_HAL_Driver/Src/stm32l4xx_hal_rcc_ex.o
 .debug_info    0x00011fd5     0x2bc0 ./Drivers/STM32L4xx_HAL_Driver/Src/stm32l4xx_hal_tim.o
 .debug_info    0x00014b95     0x17c4 ./Drivers/STM32L4xx_HAL_Driver/Src/stm32l4xx_hal_tim_ex.o
 .debug_info    0x00016359     0x4875 ./Drivers/STM32L4xx_HAL_Driver/Src/stm32l4xx_hal_uart.o
 .debug_info    0x0001abce     0x1018 ./Drivers/STM32L4xx_HAL_Driver/Src/stm32l4xx_hal_uart_ex.o
 .debug_info    0x0001bbe6     0x1971 ./Drivers/STM32L4xx_HAL_Driver/Src/stm32l4xx_ll_usb.o
 .debug_info    0x0001d557     0x132f ./Middlewares/ST/STM32_USB_Device_Library/Class/CDC/Src/usbd_cdc.o
 .debug_info    0x0001e886      0xe12 ./Middlewares/ST/STM32_USB_Device_Library/Core/Src/usbd_core.o
 .debug_info    0x0001f698      0xaeb ./Middlewares/ST/STM32_USB_Device_Library/Core/Src/usbd_ctlreq.o
 .debug_info    0x00020183      0x762 ./Middlewares/ST/STM32_USB_Device_Library/Core/Src/usbd_ioreq.o
 .debug_info    0x000208e5      0x70e ./USB_DEVICE/App/usb_device.o
 .debug_info    0x00020ff3      0x929 ./USB_DEVICE/App/usbd_cdc_if.o
 .debug_info    0x0002191c      0x4ba ./USB_DEVICE/App/usbd_desc.o
 .debug_info    0x00021dd6     0x20d0 ./USB_DEVICE/Target/usbd_conf.o

.debug_abbrev   0x00000000     0x4dad
 .debug_abbrev  0x00000000      0x20a ./Core/Src/adc.o
 .debug_abbrev  0x0000020a      0x1a4 ./Core/Src/dma.o
 .debug_abbrev  0x000003ae      0x1a1 ./Core/Src/gpio.o
 .debug_abbrev  0x0000054f      0x43c ./Core/Src/main.o
 .debug_abbrev  0x0000098b       0xc6 ./Core/Src/stm32l4xx_hal_msp.o
 .debug_abbrev  0x00000a51      0x201 ./Core/Src/stm32l4xx_it.o
 .debug_abbrev  0x00000c52      0x11a ./Core/Src/system_stm32l4xx.o
 .debug_abbrev  0x00000d6c      0x204 ./Core/Src/tim.o
 .debug_abbrev  0x00000f70      0x226 ./Core/Src/usart.o
 .debug_abbrev  0x00001196       0x24 ./Core/Startup/startup_stm32l4r5zitx.o
 .debug_abbrev  0x000011ba      0x242 ./Drivers/STM32L4xx_HAL_Driver/Src/stm32l4xx_hal.o
 .debug_abbrev  0x000013fc      0x2d4 ./Drivers/STM32L4xx_HAL_Driver/Src/stm32l4xx_hal_adc.o
 .debug_abbrev  0x000016d0      0x2d5 ./Drivers/STM32L4xx_HAL_Driver/Src/stm32l4xx_hal_adc_ex.o
 .debug_abbrev  0x000019a5      0x327 ./Drivers/STM32L4xx_HAL_Driver/Src/stm32l4xx_hal_cortex.o
 .debug_abbrev  0x00001ccc      0x1e2 ./Drivers/STM32L4xx_HAL_Driver/Src/stm32l4xx_hal_dma.o
 .debug_abbrev  0x00001eae      0x1cb ./Drivers/STM32L4xx_HAL_Driver/Src/stm32l4xx_hal_gpio.o
 .debug_abbrev  0x00002079      0x2cf ./Drivers/STM32L4xx_HAL_Driver/Src/stm32l4xx_hal_pcd.o
 .debug_abbrev  0x00002348      0x256 ./Drivers/STM32L4xx_HAL_Driver/Src/stm32l4xx_hal_pcd_ex.o
 .debug_abbrev  0x0000259e      0x1f9 ./Drivers/STM32L4xx_HAL_Driver/Src/stm32l4xx_hal_pwr_ex.o
 .debug_abbrev  0x00002797      0x306 ./Drivers/STM32L4xx_HAL_Driver/Src/stm32l4xx_hal_rcc.o
 .debug_abbrev  0x00002a9d      0x2a3 ./Drivers/STM32L4xx_HAL_Driver/Src/stm32l4xx_hal_rcc_ex.o
 .debug_abbrev  0x00002d40      0x276 ./Drivers/STM32L4xx_HAL_Driver/Src/stm32l4xx_hal_tim.o
 .debug_abbrev  0x00002fb6      0x281 ./Drivers/STM32L4xx_HAL_Driver/Src/stm32l4xx_hal_tim_ex.o
 .debug_abbrev  0x00003237      0x304 ./Drivers/STM32L4xx_HAL_Driver/Src/stm32l4xx_hal_uart.o
 .debug_abbrev  0x0000353b      0x2d2 ./Drivers/STM32L4xx_HAL_Driver/Src/stm32l4xx_hal_uart_ex.o
 .debug_abbrev  0x0000380d      0x2b3 ./Drivers/STM32L4xx_HAL_Driver/Src/stm32l4xx_ll_usb.o
 .debug_abbrev  0x00003ac0      0x2d2 ./Middlewares/ST/STM32_USB_Device_Library/Class/CDC/Src/usbd_cdc.o
 .debug_abbrev  0x00003d92      0x27c ./Middlewares/ST/STM32_USB_Device_Library/Core/Src/usbd_core.o
 .debug_abbrev  0x0000400e      0x26f ./Middlewares/ST/STM32_USB_Device_Library/Core/Src/usbd_ctlreq.o
 .debug_abbrev  0x0000427d      0x19a ./Middlewares/ST/STM32_USB_Device_Library/Core/Src/usbd_ioreq.o
 .debug_abbrev  0x00004417      0x195 ./USB_DEVICE/App/usb_device.o
 .debug_abbrev  0x000045ac      0x2ca ./USB_DEVICE/App/usbd_cdc_if.o
 .debug_abbrev  0x00004876      0x1e3 ./USB_DEVICE/App/usbd_desc.o
 .debug_abbrev  0x00004a59      0x354 ./USB_DEVICE/Target/usbd_conf.o

.debug_aranges  0x00000000     0x1c58
 .debug_aranges
                0x00000000       0x30 ./Core/Src/adc.o
 .debug_aranges
                0x00000030       0x20 ./Core/Src/dma.o
 .debug_aranges
                0x00000050       0x28 ./Core/Src/gpio.o
 .debug_aranges
                0x00000078       0xd0 ./Core/Src/main.o
 .debug_aranges
                0x00000148       0x20 ./Core/Src/stm32l4xx_hal_msp.o
 .debug_aranges
                0x00000168       0x98 ./Core/Src/stm32l4xx_it.o
 .debug_aranges
                0x00000200       0x28 ./Core/Src/system_stm32l4xx.o
 .debug_aranges
                0x00000228       0x40 ./Core/Src/tim.o
 .debug_aranges
                0x00000268       0x38 ./Core/Src/usart.o
 .debug_aranges
                0x000002a0       0x28 ./Core/Startup/startup_stm32l4r5zitx.o
 .debug_aranges
                0x000002c8      0x130 ./Drivers/STM32L4xx_HAL_Driver/Src/stm32l4xx_hal.o
 .debug_aranges
                0x000003f8      0x218 ./Drivers/STM32L4xx_HAL_Driver/Src/stm32l4xx_hal_adc.o
 .debug_aranges
                0x00000610      0x178 ./Drivers/STM32L4xx_HAL_Driver/Src/stm32l4xx_hal_adc_ex.o
 .debug_aranges
                0x00000788      0x118 ./Drivers/STM32L4xx_HAL_Driver/Src/stm32l4xx_hal_cortex.o