../Core/Src/comms_data_rxtx.c:35:6:comms_reset_active_tx_buffer	4	static
../Core/Src/comms_data_rxtx.c:47:6:comms_reset_active_rx_buffer	4	static
../Core/Src/comms_data_rxtx.c:57:6:comms_uart_init	16	static
../Core/Src/comms_data_rxtx.c:67:6:comms_init	8	static
../Core/Src/comms_data_rxtx.c:88:6:comms_purge_id_register	8	static
../Core/Src/comms_data_rxtx.c:94:7:comms_find_existing_data	16	static
../Core/Src/comms_data_rxtx.c:103:6:comms_increment_active_buffer_data	4	static
../Core/Src/comms_data_rxtx.c:109:5:comms_append_int32	16	static
../Core/Src/comms_data_rxtx.c:145:6:comms_switch_tx_buffers	24	static,ignoring_inline_asm
../Core/Src/comms_data_rxtx.c:167:5:comms_send	16	static
../Core/Src/comms_data_rxtx.c:213:6:comms_switch_rx_buffers	24	static,ignoring_inline_asm
../Core/Src/comms_data_rxtx.c:237:6:comms_cdc_rx_callback	16	static
../Core/Src/comms_data_rxtx.c:265:13:comms_data_handler	24	static
../Core/Src/comms_data_rxtx.c:284:6:comms_rx_process	1040	static
../Core/Src/comms_data_rxtx.c:328:6:comms_lpuart_rx_callback	24	static
../Core/Src/comms_data_rxtx.c:411:6:HAL_UART_RxCpltCallback	16	static
