../Core/Inc/stm_dataTransfer.h:63:6:comms_reset_active_buffer	4	static
../Core/Inc/stm_dataTransfer.h:69:6:comms_init	8	static
../Core/Inc/stm_dataTransfer.h:77:6:comms_purge_id_register	8	static
../Core/Inc/stm_dataTransfer.h:81:7:comms_find_existing_data	16	static
../Core/Inc/stm_dataTransfer.h:88:6:comms_increment_active_buffer_data	4	static
../Core/Inc/stm_dataTransfer.h:92:5:comms_append_int32	16	static
../Core/Inc/stm_dataTransfer.h:134:6:comms_switch_buffers	24	static,ignoring_inline_asm
../Core/Inc/stm_dataTransfer.h:155:5:comms_send	16	static
../Core/Inc/stm_dataTransfer.h:196:6:comms_cdc_rx_callback	16	static
../Core/Inc/stm_dataTransfer.h:218:13:comms_data_handler	16	static
../Core/Inc/stm_dataTransfer.h:235:6:comms_rx_process	1040	static
../Core/Inc/stm_dataTransfer.h:278:6:comms_uart_init	16	static
../Core/Inc/stm_dataTransfer.h:283:6:comms_lpuart_rx_callback	16	static
../Core/Inc/stm_dataTransfer.h:293:6:HAL_UART_RxCpltCallback	16	static
../Core/Src/main.c:106:6:HAL_TIM_PeriodElapsedCallback	16	static
../Core/Src/main.c:134:6:myDmaFunction	16	static
../Core/Src/main.c:139:6:HAL_ADC_ConvCpltCallback	32	static
../Core/Src/main.c:178:6:HAL_ADC_ConvHalfCpltCallback	16	static
../Core/Src/main.c:190:6:load_CPU	32	static
../Core/Src/main.c:224:5:main	16	static
../Core/Src/main.c:328:6:SystemClock_Config	96	static
../Core/Src/main.c:382:6:Error_Handler	4	static,ignoring_inline_asm
