../Core/Inc/stm_dataTransfer.h:78:6:comms_reset_active_tx_buffer	4	static
../Core/Inc/stm_dataTransfer.h:85:6:comms_reset_active_rx_buffer	4	static
../Core/Inc/stm_dataTransfer.h:91:6:comms_uart_init	16	static
../Core/Inc/stm_dataTransfer.h:97:6:comms_init	8	static
../Core/Inc/stm_dataTransfer.h:115:6:comms_purge_id_register	8	static
../Core/Inc/stm_dataTransfer.h:119:7:comms_find_existing_data	16	static
../Core/Inc/stm_dataTransfer.h:126:6:comms_increment_active_buffer_data	4	static
../Core/Inc/stm_dataTransfer.h:130:5:comms_append_int32	16	static
../Core/Inc/stm_dataTransfer.h:172:6:comms_switch_tx_buffers	24	static,ignoring_inline_asm
../Core/Inc/stm_dataTransfer.h:193:5:comms_send	16	static
../Core/Inc/stm_dataTransfer.h:241:6:comms_switch_rx_buffers	24	static,ignoring_inline_asm
../Core/Inc/stm_dataTransfer.h:261:6:comms_cdc_rx_callback	16	static
../Core/Inc/stm_dataTransfer.h:290:13:comms_data_handler	16	static
../Core/Inc/stm_dataTransfer.h:307:6:comms_rx_process	1040	static
../Core/Inc/stm_dataTransfer.h:351:6:comms_lpuart_rx_callback	16	static
../Core/Inc/stm_dataTransfer.h:366:6:HAL_UART_RxCpltCallback	16	static
../Core/Src/main.c:105:6:HAL_TIM_PeriodElapsedCallback	16	static
../Core/Src/main.c:127:6:myDmaFunction	16	static
../Core/Src/main.c:132:6:HAL_ADC_ConvCpltCallback	32	static
../Core/Src/main.c:173:6:HAL_ADC_ConvHalfCpltCallback	16	static
../Core/Src/main.c:185:6:load_CPU	32	static
../Core/Src/main.c:219:5:main	16	static
../Core/Src/main.c:325:6:SystemClock_Config	96	static
../Core/Src/main.c:379:6:Error_Handler	4	static,ignoring_inline_asm
