../Core/Inc/stm_dataTransfer.h:85:6:comms_reset_active_tx_buffer	4	static
../Core/Inc/stm_dataTransfer.h:92:6:comms_reset_active_rx_buffer	4	static
../Core/Inc/stm_dataTransfer.h:102:6:comms_uart_init	16	static
../Core/Inc/stm_dataTransfer.h:108:6:comms_init	8	static
../Core/Inc/stm_dataTransfer.h:126:6:comms_purge_id_register	8	static
../Core/Inc/stm_dataTransfer.h:130:7:comms_find_existing_data	16	static
../Core/Inc/stm_dataTransfer.h:137:6:comms_increment_active_buffer_data	4	static
../Core/Inc/stm_dataTransfer.h:141:5:comms_append_int32	16	static
../Core/Inc/stm_dataTransfer.h:183:6:comms_switch_tx_buffers	24	static,ignoring_inline_asm
../Core/Inc/stm_dataTransfer.h:204:5:comms_send	16	static
../Core/Inc/stm_dataTransfer.h:252:6:comms_switch_rx_buffers	24	static,ignoring_inline_asm
../Core/Inc/stm_dataTransfer.h:272:6:comms_cdc_rx_callback	16	static
../Core/Inc/stm_dataTransfer.h:300:13:comms_data_handler	16	static
../Core/Inc/stm_dataTransfer.h:317:6:comms_rx_process	1040	static
../Core/Inc/stm_dataTransfer.h:361:6:comms_lpuart_rx_callback	24	static
../Core/Inc/stm_dataTransfer.h:444:6:HAL_UART_RxCpltCallback	16	static
../Core/Src/main.c:105:6:HAL_TIM_PeriodElapsedCallback	16	static
../Core/Src/main.c:127:6:myDmaFunction	16	static
../Core/Src/main.c:132:6:HAL_ADC_ConvCpltCallback	32	static
../Core/Src/main.c:173:6:HAL_ADC_ConvHalfCpltCallback	16	static
../Core/Src/main.c:185:6:load_CPU	32	static
../Core/Src/main.c:219:5:main	16	static
../Core/Src/main.c:325:6:SystemClock_Config	96	static
../Core/Src/main.c:379:6:Error_Handler	4	static,ignoring_inline_asm
