../Core/Inc/stm_dataTransfer.h:68:6:comms_reset_active_buffer	4	static
../Core/Inc/stm_dataTransfer.h:75:6:comms_init	8	static
../Core/Inc/stm_dataTransfer.h:83:6:comms_purge_id_register	8	static
../Core/Inc/stm_dataTransfer.h:87:7:comms_find_existing_data	16	static
../Core/Inc/stm_dataTransfer.h:94:6:comms_increment_active_buffer_data	4	static
../Core/Inc/stm_dataTransfer.h:98:5:comms_append_int32	16	static
../Core/Inc/stm_dataTransfer.h:140:6:comms_switch_buffers	24	static,ignoring_inline_asm
../Core/Inc/stm_dataTransfer.h:161:5:comms_send	16	static
../Core/Inc/stm_dataTransfer.h:209:6:comms_cdc_rx_callback	16	static
../Core/Inc/stm_dataTransfer.h:231:13:comms_data_handler	16	static
../Core/Inc/stm_dataTransfer.h:248:6:comms_rx_process	1040	static
../Core/Inc/stm_dataTransfer.h:291:6:comms_uart_init	16	static
../Core/Inc/stm_dataTransfer.h:296:6:comms_lpuart_rx_callback	16	static
../Core/Inc/stm_dataTransfer.h:306:6:HAL_UART_RxCpltCallback	16	static
../Core/Src/main.c:105:6:HAL_TIM_PeriodElapsedCallback	16	static
../Core/Src/main.c:123:6:myDmaFunction	16	static
../Core/Src/main.c:128:6:HAL_ADC_ConvCpltCallback	32	static
../Core/Src/main.c:168:6:HAL_ADC_ConvHalfCpltCallback	16	static
../Core/Src/main.c:180:6:load_CPU	32	static
../Core/Src/main.c:214:5:main	16	static
../Core/Src/main.c:319:6:SystemClock_Config	96	static
../Core/Src/main.c:373:6:Error_Handler	4	static,ignoring_inline_asm
