../Core/Inc/stm_dataTransfer.h:67:6:comms_reset_active_buffer	4	static
../Core/Inc/stm_dataTransfer.h:74:6:comms_init	8	static
../Core/Inc/stm_dataTransfer.h:82:6:comms_purge_id_register	8	static
../Core/Inc/stm_dataTransfer.h:86:7:comms_find_existing_data	16	static
../Core/Inc/stm_dataTransfer.h:93:6:comms_increment_active_buffer_data	4	static
../Core/Inc/stm_dataTransfer.h:97:5:comms_append_int32	16	static
../Core/Inc/stm_dataTransfer.h:139:6:comms_switch_buffers	24	static,ignoring_inline_asm
../Core/Inc/stm_dataTransfer.h:160:5:comms_send	16	static
../Core/Inc/stm_dataTransfer.h:206:6:comms_cdc_rx_callback	16	static
../Core/Inc/stm_dataTransfer.h:228:13:comms_data_handler	16	static
../Core/Inc/stm_dataTransfer.h:245:6:comms_rx_process	1040	static
../Core/Inc/stm_dataTransfer.h:288:6:comms_uart_init	16	static
../Core/Inc/stm_dataTransfer.h:293:6:comms_lpuart_rx_callback	16	static
../Core/Inc/stm_dataTransfer.h:303:6:HAL_UART_RxCpltCallback	16	static
../Core/Src/main.c:103:6:HAL_TIM_PeriodElapsedCallback	16	static
../Core/Src/main.c:122:6:myDmaFunction	16	static
../Core/Src/main.c:127:6:HAL_ADC_ConvCpltCallback	32	static
../Core/Src/main.c:166:6:HAL_ADC_ConvHalfCpltCallback	16	static
../Core/Src/main.c:178:6:load_CPU	32	static
../Core/Src/main.c:212:5:main	16	static
../Core/Src/main.c:316:6:SystemClock_Config	96	static
../Core/Src/main.c:370:6:Error_Handler	4	static,ignoring_inline_asm
