../Core/Inc/comms_data_rxtx.h:86:6:comms_reset_active_tx_buffer	4	static
../Core/Inc/comms_data_rxtx.h:98:6:comms_reset_active_rx_buffer	4	static
../Core/Inc/comms_data_rxtx.h:108:6:comms_uart_init	16	static
../Core/Inc/comms_data_rxtx.h:118:6:comms_init	8	static
../Core/Inc/comms_data_rxtx.h:139:6:comms_purge_id_register	8	static
../Core/Inc/comms_data_rxtx.h:145:7:comms_find_existing_data	16	static
../Core/Inc/comms_data_rxtx.h:154:6:comms_increment_active_buffer_data	4	static
../Core/Inc/comms_data_rxtx.h:160:5:comms_append_int32	16	static
../Core/Inc/comms_data_rxtx.h:196:6:comms_switch_tx_buffers	24	static,ignoring_inline_asm
../Core/Inc/comms_data_rxtx.h:218:5:comms_send	16	static
../Core/Inc/comms_data_rxtx.h:264:6:comms_switch_rx_buffers	24	static,ignoring_inline_asm
../Core/Inc/comms_data_rxtx.h:288:6:comms_cdc_rx_callback	16	static
../Core/Inc/comms_data_rxtx.h:316:13:comms_data_handler	24	static
../Core/Inc/comms_data_rxtx.h:335:6:comms_rx_process	1040	static
../Core/Inc/comms_data_rxtx.h:379:6:comms_lpuart_rx_callback	24	static
../Core/Inc/comms_data_rxtx.h:462:6:HAL_UART_RxCpltCallback	16	static
../Core/Src/main.c:107:6:HAL_TIM_PeriodElapsedCallback	16	static
../Core/Src/main.c:129:6:myDmaFunction	16	static
../Core/Src/main.c:134:6:HAL_ADC_ConvCpltCallback	32	static
../Core/Src/main.c:175:6:HAL_ADC_ConvHalfCpltCallback	16	static
../Core/Src/main.c:187:6:load_CPU	32	static
../Core/Src/main.c:221:5:main	16	static
../Core/Src/main.c:327:6:SystemClock_Config	96	static
../Core/Src/main.c:381:6:Error_Handler	4	static,ignoring_inline_asm
