../Core/Inc/stm_dataTransfer.h:22:6:comms_init	4	static
../Core/Inc/stm_dataTransfer.h:26:6:purge_tx_register	8	static
../Core/Inc/stm_dataTransfer.h:53:5:DataTransmit2MTLB	16	static
../Core/Inc/stm_dataTransfer.h:84:5:SendData2MTLB	16	static
../Core/Inc/stm_dataTransfer.h:88:5:SendInt2MTLB	16	static
../Core/Inc/stm_dataTransfer.h:93:6:m2s_Process	8	static
../Core/Inc/stm_dataTransfer.h:114:6:USB_My_Receive	16	static
../Core/Src/main.c:101:6:HAL_TIM_PeriodElapsedCallback	16	static
../Core/Src/main.c:118:6:HAL_UART_RxCpltCallback	16	static
../Core/Src/main.c:128:6:DataReceive_MTLB_Callback	16	static
../Core/Src/main.c:143:6:myDmaFunction	16	static
../Core/Src/main.c:148:6:HAL_ADC_ConvCpltCallback	40	static
../Core/Src/main.c:183:6:HAL_ADC_ConvHalfCpltCallback	16	static
../Core/Src/main.c:196:6:load_CPU	32	static
../Core/Src/main.c:230:5:main	2056	static
../Core/Src/main.c:330:6:SystemClock_Config	96	static
../Core/Src/main.c:384:6:Error_Handler	4	static,ignoring_inline_asm
