../Core/Inc/DataTransfer_STM_Matlab.h:17:5:DataTransmit2MTLB	16	static
../Core/Inc/DataTransfer_STM_Matlab.h:39:5:SendData2MTLB	16	static
../Core/Inc/DataTransfer_STM_Matlab.h:44:5:SendInt2MTLB	16	static
../Core/Inc/DataTransfer_STM_Matlab.h:49:6:m2s_Process	8	static
../Core/Inc/DataTransfer_STM_Matlab.h:70:6:USB_My_Receive	16	static
../Core/Src/main.c:104:6:HAL_TIM_PeriodElapsedCallback	16	static
../Core/Src/main.c:120:6:HAL_UART_RxCpltCallback	16	static
../Core/Src/main.c:131:6:DataReceive_MTLB_Callback	16	static
../Core/Src/main.c:155:6:tx_send	16	static
../Core/Src/main.c:179:8:CDC_myReceive_FS	16	static
../Core/Src/main.c:210:6:tx_process	8	static
../Core/Src/main.c:224:6:myDmaFunction	16	static
../Core/Src/main.c:229:6:HAL_ADC_ConvCpltCallback	24	static
../Core/Src/main.c:245:6:HAL_ADC_ConvHalfCpltCallback	24	static
../Core/Src/main.c:273:5:main	16	static
../Core/Src/main.c:367:6:SystemClock_Config	96	static
../Core/Src/main.c:421:6:Error_Handler	4	static,ignoring_inline_asm
