../Core/Inc/DataTransfer_STM_Matlab.h:17:5:DataTransmit2MTLB	16	static
../Core/Inc/DataTransfer_STM_Matlab.h:36:5:SendData2MTLB	16	static
../Core/Inc/DataTransfer_STM_Matlab.h:40:5:SendInt2MTLB	16	static
../Core/Inc/DataTransfer_STM_Matlab.h:61:6:m2s_Process	8	static
../Core/Inc/DataTransfer_STM_Matlab.h:81:6:USB_My_Receive	16	static
../Core/Src/main.c:105:6:HAL_TIM_PeriodElapsedCallback	16	static
../Core/Src/main.c:121:6:HAL_UART_RxCpltCallback	16	static
../Core/Src/main.c:132:6:DataReceive_MTLB_Callback	16	static
../Core/Src/main.c:156:6:tx_send	16	static
../Core/Src/main.c:180:8:CDC_myReceive_FS	16	static
../Core/Src/main.c:211:6:tx_process	8	static
../Core/Src/main.c:225:6:myDmaFunction	16	static
../Core/Src/main.c:230:6:HAL_ADC_ConvCpltCallback	24	static
../Core/Src/main.c:246:6:HAL_ADC_ConvHalfCpltCallback	24	static
../Core/Src/main.c:274:5:main	16	static
../Core/Src/main.c:368:6:SystemClock_Config	96	static
../Core/Src/main.c:422:6:Error_Handler	4	static,ignoring_inline_asm
