../Core/Inc/DataTransfer_STM_Matlab.h:19:5:DataTransmit2MTLB	16	static
../Core/Inc/DataTransfer_STM_Matlab.h:48:5:SendData2MTLB	16	static
../Core/Inc/DataTransfer_STM_Matlab.h:52:5:SendInt2MTLB	16	static
../Core/Inc/DataTransfer_STM_Matlab.h:56:6:m2s_Process	8	static
../Core/Inc/DataTransfer_STM_Matlab.h:77:6:USB_My_Receive	16	static
../Core/Src/main.c:84:6:HAL_TIM_PeriodElapsedCallback	16	static
../Core/Src/main.c:101:6:HAL_UART_RxCpltCallback	16	static
../Core/Src/main.c:111:6:DataReceive_MTLB_Callback	16	static
../Core/Src/main.c:126:6:myDmaFunction	16	static
../Core/Src/main.c:131:6:HAL_ADC_ConvCpltCallback	24	static
../Core/Src/main.c:146:6:HAL_ADC_ConvHalfCpltCallback	24	static
../Core/Src/main.c:165:5:main	16	static
../Core/Src/main.c:256:6:SystemClock_Config	96	static
../Core/Src/main.c:310:6:Error_Handler	4	static,ignoring_inline_asm
