../Core/Inc/stm_dataTransfer.h:77:6:comms_reset_active_tx_buffer	4	static
../Core/Inc/stm_dataTransfer.h:84:6:comms_reset_active_rx_buffer	4	static
../Core/Inc/stm_dataTransfer.h:88:6:comms_uart_init	16	static
../Core/Inc/stm_dataTransfer.h:94:6:comms_init	8	static
../Core/Inc/stm_dataTransfer.h:112:6:comms_purge_id_register	8	static
../Core/Inc/stm_dataTransfer.h:116:7:comms_find_existing_data	16	static
../Core/Inc/stm_dataTransfer.h:123:6:comms_increment_active_buffer_data	4	static
../Core/Inc/stm_dataTransfer.h:127:5:comms_append_int32	16	static
../Core/Inc/stm_dataTransfer.h:169:6:comms_switch_tx_buffers	24	static,ignoring_inline_asm
../Core/Inc/stm_dataTransfer.h:190:5:comms_send	16	static
../Core/Inc/stm_dataTransfer.h:238:6:comms_switch_rx_buffers	24	static,ignoring_inline_asm
../Core/Inc/stm_dataTransfer.h:249:6:comms_cdc_rx_callback	16	static
../Core/Inc/stm_dataTransfer.h:278:13:comms_data_handler	16	static
../Core/Inc/stm_dataTransfer.h:295:6:comms_rx_process	1040	static
../Core/Inc/stm_dataTransfer.h:339:6:comms_lpuart_rx_callback	16	static
../Core/Inc/stm_dataTransfer.h:354:6:HAL_UART_RxCpltCallback	16	static
../Core/Src/main.c:105:6:HAL_TIM_PeriodElapsedCallback	16	static
../Core/Src/main.c:127:6:myDmaFunction	16	static
../Core/Src/main.c:132:6:HAL_ADC_ConvCpltCallback	32	static
../Core/Src/main.c:173:6:HAL_ADC_ConvHalfCpltCallback	16	static
../Core/Src/main.c:185:6:load_CPU	32	static
../Core/Src/main.c:219:5:main	16	static
../Core/Src/main.c:325:6:SystemClock_Config	96	static
../Core/Src/main.c:379:6:Error_Handler	4	static,ignoring_inline_asm
