../Core/Inc/stm_dataTransfer.h:20:5:DataTransmit2MTLB	16	static
../Core/Inc/stm_dataTransfer.h:49:5:SendData2MTLB	16	static
../Core/Inc/stm_dataTransfer.h:53:5:SendInt2MTLB	16	static
../Core/Inc/stm_dataTransfer.h:57:6:m2s_Process	8	static
../Core/Inc/stm_dataTransfer.h:78:6:USB_My_Receive	16	static
../Core/Src/main.c:99:6:HAL_TIM_PeriodElapsedCallback	16	static
../Core/Src/main.c:116:6:HAL_UART_RxCpltCallback	16	static
../Core/Src/main.c:126:6:DataReceive_MTLB_Callback	16	static
../Core/Src/main.c:141:6:myDmaFunction	16	static
../Core/Src/main.c:146:6:HAL_ADC_ConvCpltCallback	40	static
../Core/Src/main.c:179:6:HAL_ADC_ConvHalfCpltCallback	24	static
../Core/Src/main.c:192:6:load_CPU	32	static
../Core/Src/main.c:226:5:main	16	static
../Core/Src/main.c:321:6:SystemClock_Config	96	static
../Core/Src/main.c:375:6:Error_Handler	4	static,ignoring_inline_asm
