../Core/Inc/stm_dataTransfer.h:60:6:comms_reset_active_buffer	4	static
../Core/Inc/stm_dataTransfer.h:66:6:comms_init	8	static
../Core/Inc/stm_dataTransfer.h:74:6:comms_purge_id_register	8	static
../Core/Inc/stm_dataTransfer.h:78:8:comms_find_existing_data	16	static
../Core/Inc/stm_dataTransfer.h:85:6:comms_increment_active_buffer_data	4	static
../Core/Inc/stm_dataTransfer.h:89:5:comms_append_int32	16	static
../Core/Inc/stm_dataTransfer.h:131:6:comms_switch_buffers	24	static,ignoring_inline_asm
../Core/Inc/stm_dataTransfer.h:152:5:comms_send	16	static
../Core/Inc/stm_dataTransfer.h:183:6:comms_rx_callback	16	static
../Core/Inc/stm_dataTransfer.h:205:13:comms_data_handler	16	static
../Core/Inc/stm_dataTransfer.h:221:6:comms_rx_process	16400	static
../Core/Src/main.c:106:6:HAL_TIM_PeriodElapsedCallback	16	static
../Core/Src/main.c:123:6:HAL_UART_RxCpltCallback	16	static
../Core/Src/main.c:133:6:DataReceive_MTLB_Callback	16	static
../Core/Src/main.c:148:6:myDmaFunction	16	static
../Core/Src/main.c:153:6:HAL_ADC_ConvCpltCallback	32	static
../Core/Src/main.c:192:6:HAL_ADC_ConvHalfCpltCallback	16	static
../Core/Src/main.c:204:6:load_CPU	32	static
../Core/Src/main.c:238:5:main	16	static
../Core/Src/main.c:341:6:SystemClock_Config	96	static
../Core/Src/main.c:395:6:Error_Handler	4	static,ignoring_inline_asm
