../Core/Inc/stm_dataTransfer.h:20:5:DataTransmit2MTLB	24	static
../Core/Inc/stm_dataTransfer.h:57:5:SendData2MTLB	16	static
../Core/Inc/stm_dataTransfer.h:61:5:SendInt2MTLB	16	static
../Core/Inc/stm_dataTransfer.h:66:6:m2s_Process	8	static
../Core/Inc/stm_dataTransfer.h:87:6:USB_My_Receive	16	static
../Core/Src/main.c:101:6:HAL_TIM_PeriodElapsedCallback	16	static
../Core/Src/main.c:118:6:HAL_UART_RxCpltCallback	16	static
../Core/Src/main.c:128:6:DataReceive_MTLB_Callback	16	static
../Core/Src/main.c:143:6:myDmaFunction	16	static
../Core/Src/main.c:148:6:HAL_ADC_ConvCpltCallback	40	static
../Core/Src/main.c:183:6:HAL_ADC_ConvHalfCpltCallback	16	static
../Core/Src/main.c:196:6:load_CPU	32	static
../Core/Src/main.c:230:5:main	16	static
../Core/Src/main.c:325:6:SystemClock_Config	96	static
../Core/Src/main.c:379:6:Error_Handler	4	static,ignoring_inline_asm
