../Core/Inc/DataTransfer_STM_Matlab.h:17:5:DataTransmit2MTLB	16	static
../Core/Inc/DataTransfer_STM_Matlab.h:32:5:SendData2MTLB	16	static
../Core/Inc/DataTransfer_STM_Matlab.h:34:6:m2s_Process	8	static
../Core/Inc/DataTransfer_STM_Matlab.h:54:6:USB_My_Receive	16	static
../Core/Src/main.c:97:6:HAL_TIM_PeriodElapsedCallback	16	static
../Core/Src/main.c:113:6:HAL_UART_RxCpltCallback	16	static
../Core/Src/main.c:124:6:DataReceive_MTLB_Callback	16	static
../Core/Src/main.c:146:6:tx_send	16	static
../Core/Src/main.c:182:8:CDC_myReceive_FS	16	static
../Core/Src/main.c:216:6:tx_process	8	static
../Core/Src/main.c:239:6:myDmaFunction	16	static
../Core/Src/main.c:244:6:HAL_ADC_ConvCpltCallback	24	static
../Core/Src/main.c:256:6:HAL_ADC_ConvHalfCpltCallback	24	static
../Core/Src/main.c:274:5:main	24	static
../Core/Src/main.c:369:6:SystemClock_Config	96	static
../Core/Src/main.c:423:6:Error_Handler	4	static,ignoring_inline_asm
