../Core/Inc/stm_dataTransfer.h:48:6:comms_reset_active_buffer	4	static
../Core/Inc/stm_dataTransfer.h:54:6:comms_init	8	static
../Core/Inc/stm_dataTransfer.h:62:6:comms_purge_id_register	8	static
../Core/Inc/stm_dataTransfer.h:66:8:comms_find_existing_data	16	static
../Core/Inc/stm_dataTransfer.h:73:6:comms_increment_active_buffer_data	4	static
../Core/Inc/stm_dataTransfer.h:77:5:comms_append_int32	16	static
../Core/Inc/stm_dataTransfer.h:110:6:comms_switch_buffers	24	static,ignoring_inline_asm
../Core/Inc/stm_dataTransfer.h:131:5:comms_send	16	static
../Core/Inc/stm_dataTransfer.h:176:5:DataTransmit2MTLB	16	static
../Core/Inc/stm_dataTransfer.h:207:5:SendData2MTLB	16	static
../Core/Inc/stm_dataTransfer.h:211:5:SendInt2MTLB	16	static
../Core/Inc/stm_dataTransfer.h:216:6:m2s_Process	8	static
../Core/Inc/stm_dataTransfer.h:237:6:USB_My_Receive	16	static
../Core/Src/main.c:101:6:HAL_TIM_PeriodElapsedCallback	16	static
../Core/Src/main.c:118:6:HAL_UART_RxCpltCallback	16	static
../Core/Src/main.c:128:6:DataReceive_MTLB_Callback	16	static
../Core/Src/main.c:143:6:myDmaFunction	16	static
../Core/Src/main.c:148:6:HAL_ADC_ConvCpltCallback	40	static
../Core/Src/main.c:183:6:HAL_ADC_ConvHalfCpltCallback	16	static
../Core/Src/main.c:196:6:load_CPU	32	static
../Core/Src/main.c:230:5:main	16	static
../Core/Src/main.c:334:6:SystemClock_Config	96	static
../Core/Src/main.c:388:6:Error_Handler	4	static,ignoring_inline_asm
