../Core/Inc/stm_dataTransfer.h:20:5:DataTransmit2MTLB	16	static
../Core/Inc/stm_dataTransfer.h:49:5:SendData2MTLB	16	static
../Core/Inc/stm_dataTransfer.h:53:5:SendInt2MTLB	16	static
../Core/Inc/stm_dataTransfer.h:57:6:m2s_Process	8	static
../Core/Inc/stm_dataTransfer.h:78:6:USB_My_Receive	16	static
../Core/Src/main.c:100:6:HAL_TIM_PeriodElapsedCallback	16	static
../Core/Src/main.c:117:6:HAL_UART_RxCpltCallback	16	static
../Core/Src/main.c:127:6:DataReceive_MTLB_Callback	16	static
../Core/Src/main.c:142:6:myDmaFunction	16	static
../Core/Src/main.c:147:6:HAL_ADC_ConvCpltCallback	40	static
../Core/Src/main.c:173:6:HAL_ADC_ConvHalfCpltCallback	24	static
../Core/Src/main.c:186:6:load_CPU	32	static
../Core/Src/main.c:220:5:main	16	static
../Core/Src/main.c:315:6:SystemClock_Config	96	static
../Core/Src/main.c:369:6:Error_Handler	4	static,ignoring_inline_asm
