../Core/Inc/stm_dataTransfer.h:48:6:comms_reset_active_buffer	4	static
../Core/Inc/stm_dataTransfer.h:54:6:comms_init	8	static
../Core/Inc/stm_dataTransfer.h:62:6:comms_purge_id_register	8	static
../Core/Inc/stm_dataTransfer.h:66:8:comms_find_existing_data	16	static
../Core/Inc/stm_dataTransfer.h:73:6:comms_increment_active_buffer_data	4	static
../Core/Inc/stm_dataTransfer.h:77:5:comms_append_int32	16	static
../Core/Inc/stm_dataTransfer.h:119:6:comms_switch_buffers	24	static,ignoring_inline_asm
../Core/Inc/stm_dataTransfer.h:140:5:comms_send	16	static
../Core/Inc/stm_dataTransfer.h:185:5:DataTransmit2MTLB	16	static
../Core/Inc/stm_dataTransfer.h:216:5:SendData2MTLB	16	static
../Core/Inc/stm_dataTransfer.h:220:5:SendInt2MTLB	16	static
../Core/Inc/stm_dataTransfer.h:225:6:m2s_Process	8	static
../Core/Inc/stm_dataTransfer.h:246:6:USB_My_Receive	16	static
../Core/Src/main.c:104:6:HAL_TIM_PeriodElapsedCallback	16	static
../Core/Src/main.c:122:6:HAL_UART_RxCpltCallback	16	static
../Core/Src/main.c:132:6:DataReceive_MTLB_Callback	16	static
../Core/Src/main.c:147:6:myDmaFunction	16	static
../Core/Src/main.c:152:6:HAL_ADC_ConvCpltCallback	32	static
../Core/Src/main.c:187:6:HAL_ADC_ConvHalfCpltCallback	16	static
../Core/Src/main.c:200:6:load_CPU	32	static
../Core/Src/main.c:234:5:main	16	static
../Core/Src/main.c:337:6:SystemClock_Config	96	static
../Core/Src/main.c:391:6:Error_Handler	4	static,ignoring_inline_asm
